 System.Data.SQLite64

 Timestamp is 51641ff8 (Tue Apr 09 10:04:40 2013)

 Preferred load address is 0000000180000000

 Start         Length     Name                   Class
 0001:00000000 000d821eH .text                   CODE
 0001:000d8220 0000027fH .text$x                 CODE
 0002:00000000 000003d0H .idata$5                DATA
 0002:000003d0 00000008H .CRT$XCA                DATA
 0002:000003d8 00000008H .CRT$XCZ                DATA
 0002:000003e0 00000008H .CRT$XIA                DATA
 0002:000003e8 00000018H .CRT$XIC                DATA
 0002:00000400 00000008H .CRT$XIZ                DATA
 0002:00000408 00000008H .CRT$XPA                DATA
 0002:00000410 00000008H .CRT$XPX                DATA
 0002:00000418 00000008H .CRT$XPXA               DATA
 0002:00000420 00000008H .CRT$XPZ                DATA
 0002:00000428 00000008H .CRT$XTA                DATA
 0002:00000430 00000008H .CRT$XTZ                DATA
 0002:00000440 000302b8H .rdata                  DATA
 0002:000306f8 0000008cH .rdata$debug            DATA
 0002:00030788 00000008H .rtc$IAA                DATA
 0002:00030790 00000008H .rtc$IZZ                DATA
 0002:00030798 00000008H .rtc$TAA                DATA
 0002:000307a0 00000008H .rtc$TZZ                DATA
 0002:000307a8 000104a8H .xdata                  DATA
 0002:00040c50 0000003cH .idata$2                DATA
 0002:00040c8c 00000014H .idata$3                DATA
 0002:00040ca0 000003d0H .idata$4                DATA
 0002:00041070 00000896H .idata$6                DATA
 0002:00041910 000020beH .edata                  DATA
 0003:00000000 00003bccH .data                   DATA
 0003:00003be0 000046d0H .bss                    DATA
 0004:00000000 0000b028H .pdata                  DATA
 0005:00000000 00001d5dH text                    DATA
 0006:00000000 00006390H data                    DATA
 0007:00000000 00000058H .rsrc$01                DATA
 0007:00000060 00000528H .rsrc$02                DATA

  Address         Publics by Value              Rva+Base               Lib:Object

 0000:00000000       ___safe_se_handler_table   0000000000000000     <absolute>
 0000:00000000       ___safe_se_handler_count   0000000000000000     <absolute>
 0000:00000000       __ImageBase                0000000180000000     <linker-defined>
 0001:00000000       GetFullPathNameW           0000000180001000 f   kernel32:KERNEL32.dll
 0001:00000006       GetFullPathNameA           0000000180001006 f   kernel32:KERNEL32.dll
 0001:0000000c       HeapReAlloc                000000018000100c f   kernel32:KERNEL32.dll
 0001:00000012       CreateFileA                0000000180001012 f   kernel32:KERNEL32.dll
 0001:00000018       GetFileSize                0000000180001018 f   kernel32:KERNEL32.dll
 0001:0000001e       CreateMutexW               000000018000101e f   kernel32:KERNEL32.dll
 0001:00000024       SetFilePointer             0000000180001024 f   kernel32:KERNEL32.dll
 0001:0000002a       MapViewOfFile              000000018000102a f   kernel32:KERNEL32.dll
 0001:00000030       UnmapViewOfFile            0000000180001030 f   kernel32:KERNEL32.dll
 0001:00000036       SetEndOfFile               0000000180001036 f   kernel32:KERNEL32.dll
 0001:0000003c       FreeLibrary                000000018000103c f   kernel32:KERNEL32.dll
 0001:00000042       HeapAlloc                  0000000180001042 f   kernel32:KERNEL32.dll
 0001:00000048       SystemTimeToFileTime       0000000180001048 f   kernel32:KERNEL32.dll
 0001:0000004e       QueryPerformanceCounter    000000018000104e f   kernel32:KERNEL32.dll
 0001:00000054       HeapFree                   0000000180001054 f   kernel32:KERNEL32.dll
 0001:0000005a       WaitForSingleObject        000000018000105a f   kernel32:KERNEL32.dll
 0001:00000060       UnlockFile                 0000000180001060 f   kernel32:KERNEL32.dll
 0001:00000066       LockFile                   0000000180001066 f   kernel32:KERNEL32.dll
 0001:0000006c       OutputDebugStringW         000000018000106c f   kernel32:KERNEL32.dll
 0001:00000072       GetTickCount               0000000180001072 f   kernel32:KERNEL32.dll
 0001:00000078       UnlockFileEx               0000000180001078 f   kernel32:KERNEL32.dll
 0001:0000007e       GetProcessHeap             000000018000107e f   kernel32:KERNEL32.dll
 0001:00000084       GetSystemTimeAsFileTime    0000000180001084 f   kernel32:KERNEL32.dll
 0001:0000008a       FormatMessageA             000000018000108a f   kernel32:KERNEL32.dll
 0001:00000090       WriteFile                  0000000180001090 f   kernel32:KERNEL32.dll
 0001:00000096       WideCharToMultiByte        0000000180001096 f   kernel32:KERNEL32.dll
 0001:0000009c       LoadLibraryW               000000018000109c f   kernel32:KERNEL32.dll
 0001:000000a2       Sleep                      00000001800010a2 f   kernel32:KERNEL32.dll
 0001:000000a8       FormatMessageW             00000001800010a8 f   kernel32:KERNEL32.dll
 0001:000000ae       HeapDestroy                00000001800010ae f   kernel32:KERNEL32.dll
 0001:000000b4       GetFileAttributesA         00000001800010b4 f   kernel32:KERNEL32.dll
 0001:000000ba       HeapCreate                 00000001800010ba f   kernel32:KERNEL32.dll
 0001:000000c0       HeapValidate               00000001800010c0 f   kernel32:KERNEL32.dll
 0001:000000c6       GetFileAttributesW         00000001800010c6 f   kernel32:KERNEL32.dll
 0001:000000cc       ReadFile                   00000001800010cc f   kernel32:KERNEL32.dll
 0001:000000d2       CreateFileW                00000001800010d2 f   kernel32:KERNEL32.dll
 0001:000000d8       MultiByteToWideChar        00000001800010d8 f   kernel32:KERNEL32.dll
 0001:000000de       FlushFileBuffers           00000001800010de f   kernel32:KERNEL32.dll
 0001:000000e4       GetTempPathW               00000001800010e4 f   kernel32:KERNEL32.dll
 0001:000000ea       GetLastError               00000001800010ea f   kernel32:KERNEL32.dll
 0001:000000f0       GetProcAddress             00000001800010f0 f   kernel32:KERNEL32.dll
 0001:000000f6       HeapSize                   00000001800010f6 f   kernel32:KERNEL32.dll
 0001:000000fc       LockFileEx                 00000001800010fc f   kernel32:KERNEL32.dll
 0001:00000102       GetDiskFreeSpaceW          0000000180001102 f   kernel32:KERNEL32.dll
 0001:00000108       LoadLibraryA               0000000180001108 f   kernel32:KERNEL32.dll
 0001:0000010e       CreateFileMappingA         000000018000110e f   kernel32:KERNEL32.dll
 0001:00000114       CreateFileMappingW         0000000180001114 f   kernel32:KERNEL32.dll
 0001:0000011a       GetDiskFreeSpaceA          000000018000111a f   kernel32:KERNEL32.dll
 0001:00000120       GetSystemInfo              0000000180001120 f   kernel32:KERNEL32.dll
 0001:00000126       GetFileAttributesExW       0000000180001126 f   kernel32:KERNEL32.dll
 0001:0000012c       OutputDebugStringA         000000018000112c f   kernel32:KERNEL32.dll
 0001:00000132       GetVersionExA              0000000180001132 f   kernel32:KERNEL32.dll
 0001:00000138       CloseHandle                0000000180001138 f   kernel32:KERNEL32.dll
 0001:0000013e       DeleteFileW                000000018000113e f   kernel32:KERNEL32.dll
 0001:00000144       GetCurrentProcessId        0000000180001144 f   kernel32:KERNEL32.dll
 0001:0000014a       GetTempPathA               000000018000114a f   kernel32:KERNEL32.dll
 0001:00000150       LocalFree                  0000000180001150 f   kernel32:KERNEL32.dll
 0001:00000156       GetSystemTime              0000000180001156 f   kernel32:KERNEL32.dll
 0001:0000015c       AreFileApisANSI            000000018000115c f   kernel32:KERNEL32.dll
 0001:00000162       DeleteFileA                0000000180001162 f   kernel32:KERNEL32.dll
 0001:00000180       __security_check_cookie    0000000180001180 f   LIBCMT:amdsecgs.obj
 0001:000001b0       memcpy                     00000001800011b0 f   LIBCMT:memcpy.obj
 0001:000001b0       memmove                    00000001800011b0     LIBCMT:memcpy.obj
 0001:00000500       strncmp                    0000000180001500 f   LIBCMT:strncmp.obj
 0001:000005b8       free                       00000001800015b8 f   LIBCMT:free.obj
 0001:000005f8       calloc                     00000001800015f8 f   LIBCMT:calloc.obj
 0001:00000700       qsort                      0000000180001700 f   LIBCMT:qsort.obj
 0001:000009f8       _localtime64_s             00000001800019f8 f   LIBCMT:loctim64.obj
 0001:00000d14       strerror                   0000000180001d14 f   LIBCMT:strerror.obj
 0001:00000db0       _get_errno_from_oserr      0000000180001db0 f   LIBCMT:dosmap.obj
 0001:00000df8       _errno                     0000000180001df8 f   LIBCMT:dosmap.obj
 0001:00000e18       __doserrno                 0000000180001e18 f   LIBCMT:dosmap.obj
 0001:00000e38       _dosmaperr                 0000000180001e38 f   LIBCMT:dosmap.obj
 0001:00000e80       ??0_LocaleUpdate@@QEAA@PEAUlocaleinfo_struct@@@Z 0000000180001e80 f i LIBCMT:tolower.obj
 0001:00000f24       _tolower_l                 0000000180001f24 f   LIBCMT:tolower.obj
 0001:00001074       tolower                    0000000180002074 f   LIBCMT:tolower.obj
 0001:000010b0       strncpy                    00000001800020b0 f   LIBCMT:strncpy.obj
 0001:00001214       isalpha                    0000000180002214 f i LIBCMT:_ctype.obj
 0001:00001298       isdigit                    0000000180002298 f i LIBCMT:_ctype.obj
 0001:00001318       _toupper_l                 0000000180002318 f   LIBCMT:toupper.obj
 0001:00001468       toupper                    0000000180002468 f   LIBCMT:toupper.obj
 0001:00001488       _CRT_INIT                  0000000180002488 f   LIBCMT:dllcrt0.obj
 0001:000016f8       _DllMainCRTStartup         00000001800026f8 f   LIBCMT:dllcrt0.obj
 0001:00001738       __report_gsfailure         0000000180002738 f   LIBCMT:gs_report.obj
 0001:00001884       _heap_init                 0000000180002884 f   LIBCMT:heapinit.obj
 0001:000018dc       _heap_term                 00000001800028dc f   LIBCMT:heapinit.obj
 0001:000018fc       _calloc_impl               00000001800028fc f   LIBCMT:calloc_impl.obj
 0001:00001998       _initp_misc_invarg         0000000180002998 f   LIBCMT:invarg.obj
 0001:000019a0       _call_reportfault          00000001800029a0 f   LIBCMT:invarg.obj
 0001:00001aec       _invoke_watson             0000000180002aec f   LIBCMT:invarg.obj
 0001:00001b20       _invalid_parameter         0000000180002b20 f   LIBCMT:invarg.obj
 0001:00001b90       _invalid_parameter_noinfo  0000000180002b90 f   LIBCMT:invarg.obj
 0001:000025b0       __tzset                    00000001800035b0 f   LIBCMT:tzset.obj
 0001:000025ec       _isindst                   00000001800035ec f   LIBCMT:tzset.obj
 0001:0000261c       _gmtime64_s                000000018000361c f   LIBCMT:gmtime64.obj
 0001:000028ec       _get_daylight              00000001800038ec f   LIBCMT:timeset.obj
 0001:0000291c       _get_dstbias               000000018000391c f   LIBCMT:timeset.obj
 0001:0000294c       _get_timezone              000000018000394c f   LIBCMT:timeset.obj
 0001:0000297c       __daylight                 000000018000397c f   LIBCMT:timeset.obj
 0001:00002984       __dstbias                  0000000180003984 f   LIBCMT:timeset.obj
 0001:0000298c       __timezone                 000000018000398c f   LIBCMT:timeset.obj
 0001:00002994       __tzname                   0000000180003994 f   LIBCMT:timeset.obj
 0001:000029b0       memset                     00000001800039b0 f   LIBCMT:memset.obj
 0001:00002a9c       __sys_nerr                 0000000180003a9c f   LIBCMT:syserr.obj
 0001:00002aa4       __sys_errlist              0000000180003aa4 f   LIBCMT:syserr.obj
 0001:00002aac       strcpy_s                   0000000180003aac f   LIBCMT:strcpy_s.obj
 0001:00002b10       _malloc_crt                0000000180003b10 f   LIBCMT:crtheap.obj
 0001:00002b90       _calloc_crt                0000000180003b90 f   LIBCMT:crtheap.obj
 0001:00002c14       _realloc_crt               0000000180003c14 f   LIBCMT:crtheap.obj
 0001:00002c9c       _recalloc_crt              0000000180003c9c f   LIBCMT:crtheap.obj
 0001:00002d24       _encoded_null              0000000180003d24 f   LIBCMT:tidtable.obj
 0001:00002d30       _mtterm                    0000000180003d30 f   LIBCMT:tidtable.obj
 0001:00002d58       _initptd                   0000000180003d58 f   LIBCMT:tidtable.obj
 0001:00002e10       _getptd_noexit             0000000180003e10 f   LIBCMT:tidtable.obj
 0001:00002e94       _getptd                    0000000180003e94 f   LIBCMT:tidtable.obj
 0001:00002eb8       _freefls                   0000000180003eb8 f   LIBCMT:tidtable.obj
 0001:00002fec       _freeptd                   0000000180003fec f   LIBCMT:tidtable.obj
 0001:0000302c       _mtinit                    000000018000402c f   LIBCMT:tidtable.obj
 0001:000030b0       strncpy_s                  00000001800040b0 f   LIBCMT:strncpy_s.obj
 0001:000033ec       __updatetmbcinfo           00000001800043ec f   LIBCMT:mbctype.obj
 0001:00003538       _setmbcp_nolock            0000000180004538 f   LIBCMT:mbctype.obj
 0001:000037b0       _setmbcp                   00000001800047b0 f   LIBCMT:mbctype.obj
 0001:00003990       __initmbctable             0000000180004990 f   LIBCMT:mbctype.obj
 0001:000039b8       __addlocaleref             00000001800049b8 f   LIBCMT:localref.obj
 0001:00003a44       __removelocaleref          0000000180004a44 f   LIBCMT:localref.obj
 0001:00003ae8       __freetlocinfo             0000000180004ae8 f   LIBCMT:localref.obj
 0001:00003c64       _updatetlocinfoEx_nolock   0000000180004c64 f   LIBCMT:localref.obj
 0001:00003cbc       __updatetlocinfo           0000000180004cbc f   LIBCMT:localref.obj
 0001:00004000       __crtLCMapStringA          0000000180005000 f   LIBCMT:a_map.obj
 0001:00004098       _isleadbyte_l              0000000180005098 f i LIBCMT:_wctype.obj
 0001:000040e0       isleadbyte                 00000001800050e0 f i LIBCMT:_wctype.obj
 0001:00004128       _isctype_l                 0000000180005128 f   LIBCMT:isctype.obj
 0001:00004210       __C_specific_handler       0000000180005210 f   LIBCMT:chandler.obj
 0001:00004410       __initstdio                0000000180005410 f   LIBCMT:_file.obj
 0001:000044f0       __endstdio                 00000001800054f0 f   LIBCMT:_file.obj
 0001:00004518       _lock_file                 0000000180005518 f   LIBCMT:_file.obj
 0001:0000457c       _lock_file2                000000018000557c f   LIBCMT:_file.obj
 0001:000045b0       _unlock_file               00000001800055b0 f   LIBCMT:_file.obj
 0001:000045fc       _unlock_file2              00000001800055fc f   LIBCMT:_file.obj
 0001:0000461c       __crtCorExitProcess        000000018000561c f   LIBCMT:crt0dat.obj
 0001:00004658       __crtExitProcess           0000000180005658 f   LIBCMT:crt0dat.obj
 0001:00004670       _lockexit                  0000000180005670 f   LIBCMT:crt0dat.obj
 0001:0000467c       _unlockexit                000000018000567c f   LIBCMT:crt0dat.obj
 0001:00004688       _init_pointers             0000000180005688 f   LIBCMT:crt0dat.obj
 0001:00004700       _initterm_e                0000000180005700 f   LIBCMT:crt0dat.obj
 0001:0000473c       _cinit                     000000018000573c f   LIBCMT:crt0dat.obj
 0001:0000497c       _exit                      000000018000597c f   LIBCMT:crt0dat.obj
 0001:00004988       _cexit                     0000000180005988 f   LIBCMT:crt0dat.obj
 0001:00004998       _amsg_exit                 0000000180005998 f   LIBCMT:crt0dat.obj
 0001:000049c0       _ioinit                    00000001800059c0 f   LIBCMT:ioinit.obj
 0001:00004c94       _ioterm                    0000000180005c94 f   LIBCMT:ioinit.obj
 0001:00004d08       _setenvp                   0000000180005d08 f   LIBCMT:stdenvp.obj
 0001:00005008       _setargv                   0000000180006008 f   LIBCMT:stdargv.obj
 0001:00005100       __crtGetEnvironmentStringsA 0000000180006100 f   LIBCMT:a_env.obj
 0001:000051f4       _RTC_Initialize            00000001800061f4 f   LIBCMT:_initsect_.obj
 0001:0000522c       _RTC_Terminate             000000018000622c f   LIBCMT:_initsect_.obj
 0001:00005264       _XcptFilter                0000000180006264 f   LIBCMT:winxfltr.obj
 0001:00005434       __CppXcptFilter            0000000180006434 f   LIBCMT:winxfltr.obj
 0001:00005448       DllMain                    0000000180006448 f   LIBCMT:dllmain.obj
 0001:00005450       __security_init_cookie     0000000180006450 f   LIBCMT:gs_support.obj
 0001:00005504       __crt_debugger_hook        0000000180006504 f   LIBCMT:dbghook.obj
 0001:0000550c       _initp_heap_handler        000000018000650c f   LIBCMT:handler.obj
 0001:00005514       _callnewh                  0000000180006514 f   LIBCMT:handler.obj
 0001:00005548       __GSHandlerCheckCommon     0000000180006548 f   LIBCMT:gshandler.obj
 0001:000055ac       __GSHandlerCheck           00000001800065ac f   LIBCMT:gshandler.obj
 0001:000055cc       atol                       00000001800065cc f   LIBCMT:atox.obj
 0001:000055d8       _mtinitlocks               00000001800065d8 f   LIBCMT:mlock.obj
 0001:0000565c       _mtdeletelocks             000000018000665c f   LIBCMT:mlock.obj
 0001:000056e4       _unlock                    00000001800066e4 f   LIBCMT:mlock.obj
 0001:000056fc       _mtinitlocknum             00000001800066fc f   LIBCMT:mlock.obj
 0001:000057e4       _lock                      00000001800067e4 f   LIBCMT:mlock.obj
 0001:00005840       strlen                     0000000180006840 f   LIBCMT:strlen.obj
 0001:00005900       strcmp                     0000000180006900 f   LIBCMT:strcmp.obj
 0001:000059b0       _getenv_helper_nolock      00000001800069b0 f   LIBCMT:getenv.obj
 0001:00005a54       ___lc_codepage_func        0000000180006a54 f   LIBCMT:initctyp.obj
 0001:00005a8c       malloc                     0000000180006a8c f   LIBCMT:malloc.obj
 0001:00005b44       realloc                    0000000180006b44 f   LIBCMT:realloc.obj
 0001:00005c18       _recalloc                  0000000180006c18 f   LIBCMT:recalloc.obj
 0001:00005e00       __crtGetStringTypeA        0000000180006e00 f   LIBCMT:a_str.obj
 0001:00005e80       __free_lc_time             0000000180006e80 f   LIBCMT:inittime.obj
 0001:00006270       __free_lconv_num           0000000180007270 f   LIBCMT:initnum.obj
 0001:000062dc       __free_lconv_mon           00000001800072dc f   LIBCMT:initmon.obj
 0001:00006400       _alloca_probe              0000000180007400     LIBCMT:chkstk.obj
 0001:00006400       __chkstk                   0000000180007400 f   LIBCMT:chkstk.obj
 0001:00006460       memcmp                     0000000180007460 f   LIBCMT:memcmp.obj
 0001:00006540       _local_unwind              0000000180007540 f   LIBCMT:jmpuwind.obj
 0001:00006570       _NLG_Notify                0000000180007570 f   LIBCMT:jmpuwind.obj
 0001:00006590       __NLG_Dispatch2            0000000180007590 f   LIBCMT:jmpuwind.obj
 0001:000065a0       __NLG_Return2              00000001800075a0 f   LIBCMT:jmpuwind.obj
 0001:000065b0       _ValidateImageBase         00000001800075b0 f   LIBCMT:pesect.obj
 0001:000065e0       _FindPESection             00000001800075e0 f   LIBCMT:pesect.obj
 0001:00006630       _IsNonwritableInCurrentImage 0000000180007630 f   LIBCMT:pesect.obj
 0001:00006674       _fcloseall                 0000000180007674 f   LIBCMT:closeall.obj
 0001:00006720       _flush                     0000000180007720 f   LIBCMT:fflush.obj
 0001:0000679c       _fflush_nolock             000000018000779c f   LIBCMT:fflush.obj
 0001:000068d4       _flushall                  00000001800078d4 f   LIBCMT:fflush.obj
 0001:000068e0       _isatty                    00000001800078e0 f   LIBCMT:isatty.obj
 0001:00006940       _fileno                    0000000180007940 f   LIBCMT:fileno.obj
 0001:00006968       _initp_misc_cfltcvt_tab    0000000180007968 f   LIBCMT:cmiscdat.obj
 0001:000069a0       ?terminate@@YAXXZ          00000001800079a0 f   LIBCMT:hooks.obj
 0001:000069c4       _initp_eh_hooks            00000001800079c4 f   LIBCMT:hooks.obj
 0001:000069e4       _initp_misc_winsig         00000001800079e4 f   LIBCMT:winsig.obj
 0001:00006a04       __get_sigabrt              0000000180007a04 f   LIBCMT:winsig.obj
 0001:00006a14       raise                      0000000180007a14 f   LIBCMT:winsig.obj
 0001:00006c48       _initp_misc_rand_s         0000000180007c48 f   LIBCMT:rand_s.obj
 0001:00006c50       _initp_misc_purevirt       0000000180007c50 f   LIBCMT:inithelp.obj
 0001:00006c58       __onexitinit               0000000180007c58 f   LIBCMT:onexit.obj
 0001:00006c9c       _onexit                    0000000180007c9c f   LIBCMT:onexit.obj
 0001:00006da8       atexit                     0000000180007da8 f   LIBCMT:onexit.obj
 0001:00006dc0       _GET_RTERRMSG              0000000180007dc0 f   LIBCMT:crt0msg.obj
 0001:00006dec       _NMSG_WRITE                0000000180007dec f   LIBCMT:crt0msg.obj
 0001:0000704c       _FF_MSGBANNER              000000018000804c f   LIBCMT:crt0msg.obj
 0001:0000710c       _ismbblead                 000000018000810c f   LIBCMT:ismbbyte.obj
 0001:0000738c       strtol                     000000018000838c f   LIBCMT:strtol.obj
 0001:000073bc       _mbsnbicoll_l              00000001800083bc f   LIBCMT:mbsnbico.obj
 0001:000074c0       _mbsnbicoll                00000001800084c0 f   LIBCMT:mbsnbico.obj
 0001:000074c8       __wtomb_environ            00000001800084c8 f   LIBCMT:wtombenv.obj
 0001:000075bc       _msize                     00000001800085bc f   LIBCMT:msize.obj
 0001:000075f8       __ascii_strnicmp           00000001800085f8 f   LIBCMT:strnicmp.obj
 0001:00007640       _strnicmp_l                0000000180008640 f   LIBCMT:strnicmp.obj
 0001:00007744       _fclose_nolock             0000000180008744 f   LIBCMT:fclose.obj
 0001:000077c0       fclose                     00000001800087c0 f   LIBCMT:fclose.obj
 0001:00007828       _write_nolock              0000000180008828 f   LIBCMT:write.obj
 0001:00007f88       _write                     0000000180008f88 f   LIBCMT:write.obj
 0001:00008068       _commit                    0000000180009068 f   LIBCMT:commit.obj
 0001:00008140       _lseeki64_nolock           0000000180009140 f   LIBCMT:lseeki64.obj
 0001:000081d8       _fptrap                    00000001800091d8 f   LIBCMT:crt0fp.obj
 0001:000081e4       abort                      00000001800091e4 f   LIBCMT:abort.obj
 0001:00008224       __crtMessageBoxW           0000000180009224 f   LIBCMT:crtmboxw.obj
 0001:0000842c       wcscat_s                   000000018000942c f   LIBCMT:wcscat_s.obj
 0001:000084b4       wcsncpy_s                  00000001800094b4 f   LIBCMT:wcsncpy_s.obj
 0001:00008584       wcslen                     0000000180009584 f   LIBCMT:wcslen.obj
 0001:000085a0       wcscpy_s                   00000001800095a0 f   LIBCMT:wcscpy_s.obj
 0001:0000860c       _set_error_mode            000000018000960c f   LIBCMT:errmode.obj
 0001:00008990       __crtCompareStringA        0000000180009990 f   LIBCMT:a_cmp.obj
 0001:00008a1c       _strnicoll_l               0000000180009a1c f   LIBCMT:strnicol.obj
 0001:00008b20       __crtsetenv                0000000180009b20 f   LIBCMT:setenv.obj
 0001:00008ebc       _close_nolock              0000000180009ebc f   LIBCMT:close.obj
 0001:00008f78       _close                     0000000180009f78 f   LIBCMT:close.obj
 0001:0000903c       _freebuf                   000000018000a03c f   LIBCMT:_freebuf.obj
 0001:00009074       _putwch_nolock             000000018000a074 f   LIBCMT:putwch.obj
 0001:000090d0       _mbtowc_l                  000000018000a0d0 f   LIBCMT:mbtowc.obj
 0001:00009248       mbtowc                     000000018000a248 f   LIBCMT:mbtowc.obj
 0001:00009250       _free_osfhnd               000000018000a250 f   LIBCMT:osfinfo.obj
 0001:000092fc       _get_osfhandle             000000018000a2fc f   LIBCMT:osfinfo.obj
 0001:00009370       __lock_fhandle             000000018000a370 f   LIBCMT:osfinfo.obj
 0001:00009418       _unlock_fhandle            000000018000a418 f   LIBCMT:osfinfo.obj
 0001:00009440       _strdup                    000000018000a440 f   LIBCMT:strdup.obj
 0001:000094b0       _mbschr_l                  000000018000a4b0 f   LIBCMT:mbschr.obj
 0001:0000959c       _mbschr                    000000018000a59c f   LIBCMT:mbschr.obj
 0001:000095a4       __initconout               000000018000a5a4 f   LIBCMT:initcon.obj
 0001:000095e0       __termconout               000000018000a5e0 f   LIBCMT:initcon.obj
 0001:00009604       strchr                     000000018000a604 f   LIBCMT:strchr.obj
 0001:0000961e       RtlVirtualUnwind           000000018000a61e f   kernel32:KERNEL32.dll
 0001:00009624       RtlLookupFunctionEntry     000000018000a624 f   kernel32:KERNEL32.dll
 0001:0000962a       RtlUnwindEx                000000018000a62a f   kernel32:KERNEL32.dll
 0001:00009698       ?System.Data.SQLite.SQLiteConvert..ctor@@20020111808M1171 000000018000a698 f   System.Data.SQLite64.netmodule
 0001:000096c8       ?System.Data.SQLite.SQLiteConvert.ToUTF8@@00011N050O 000000018000a6c8 f   System.Data.SQLite64.netmodule
 0001:00009708       ?System.Data.SQLite.SQLiteConvert.ToUTF8@@20011N051169 000000018000a708 f   System.Data.SQLite64.netmodule
 0001:00009728       ?System.Data.SQLite.SQLiteConvert.ToString@@20020O1808 000000018000a728 f   System.Data.SQLite64.netmodule
 0001:00009748       ?System.Data.SQLite.SQLiteConvert.UTF8ToString@@00020O1808 000000018000a748 f   System.Data.SQLite64.netmodule
 0001:000097a8       ?System.Data.SQLite.SQLiteConvert.ToDateTime@@200111690O 000000018000a7a8 f   System.Data.SQLite64.netmodule
 0001:000097c8       ?System.Data.SQLite.SQLiteConvert.ToDateTime@@000311690O11808M1171 000000018000a7c8 f   System.Data.SQLite64.netmodule
 0001:00009898       ?System.Data.SQLite.SQLiteConvert.ToDateTime@@200111690N 000000018000a898 f   System.Data.SQLite64.netmodule
 0001:000098b8       ?System.Data.SQLite.SQLiteConvert.ToDateTime@@000211690N1171 000000018000a8b8 f   System.Data.SQLite64.netmodule
 0001:000098d8       ?System.Data.SQLite.SQLiteConvert.ToJulianDay@@00010N1169 000000018000a8d8 f   System.Data.SQLite64.netmodule
 0001:000098f8       ?System.Data.SQLite.SQLiteConvert.ToUnixEpoch@@00010K1169 000000018000a8f8 f   System.Data.SQLite64.netmodule
 0001:00009928       ?System.Data.SQLite.SQLiteConvert.GetDateTimeKindFormat@@00010O1171 000000018000a928 f   System.Data.SQLite64.netmodule
 0001:00009948       ?System.Data.SQLite.SQLiteConvert.ToString@@20010O1169 000000018000a948 f   System.Data.SQLite64.netmodule
 0001:00009a38       ?System.Data.SQLite.SQLiteConvert.ToDateTime@@200211691808 000000018000aa38 f   System.Data.SQLite64.netmodule
 0001:00009a58       ?System.Data.SQLite.SQLiteConvert.Split@@00021N0O0O03 000000018000aa58 f   System.Data.SQLite64.netmodule
 0001:00009bb8       ?System.Data.SQLite.SQLiteConvert.ToBoolean@@0001021M 000000018000abb8 f   System.Data.SQLite64.netmodule
 0001:00009be8       ?System.Data.SQLite.SQLiteConvert.ToBoolean@@0001020O 000000018000abe8 f   System.Data.SQLite64.netmodule
 0001:00009ce8       ?System.Data.SQLite.SQLiteConvert.ColumnToType@@00030112811408128098 000000018000ace8 f   System.Data.SQLite64.netmodule
 0001:00009d18       ?System.Data.SQLite.SQLiteConvert.SQLiteTypeToType@@00011275128098 000000018000ad18 f   System.Data.SQLite64.netmodule
 0001:00009d48       ?System.Data.SQLite.SQLiteConvert.TypeToDbType@@000111791275 000000018000ad48 f   System.Data.SQLite64.netmodule
 0001:00009d98       ?System.Data.SQLite.SQLiteConvert.DbTypeToColumnSize@@0001081179 000000018000ad98 f   System.Data.SQLite64.netmodule
 0001:00009db8       ?System.Data.SQLite.SQLiteConvert.DbTypeToNumericPrecision@@00011M1179 000000018000adb8 f   System.Data.SQLite64.netmodule
 0001:00009dd8       ?System.Data.SQLite.SQLiteConvert.DbTypeToNumericScale@@00011M1179 000000018000add8 f   System.Data.SQLite64.netmodule
 0001:00009df8       ?System.Data.SQLite.SQLiteConvert.DbTypeToTypeName@@00010O1179 000000018000adf8 f   System.Data.SQLite64.netmodule
 0001:00009e58       ?System.Data.SQLite.SQLiteConvert.DbTypeToType@@000112751179 000000018000ae58 f   System.Data.SQLite64.netmodule
 0001:00009e78       ?System.Data.SQLite.SQLiteConvert.TypeToAffinity@@00011180841275 000000018000ae78 f   System.Data.SQLite64.netmodule
 0001:00009ec8       ?System.Data.SQLite.SQLiteConvert.TypeNameToDbType@@000111790O 000000018000aec8 f   System.Data.SQLite64.netmodule
 0001:0000a438       ?System.Data.SQLite.SQLiteConvert..cctor@@000001 000000018000b438 f   System.Data.SQLite64.netmodule
 0001:0000ac38       ?System.Data.SQLite.SQLiteBase..ctor@@20020111808M1171 000000018000bc38 f   System.Data.SQLite64.netmodule
 0001:0000ac58       ?System.Data.SQLite.SQLiteBase.Dispose@@200001 000000018000bc58 f   System.Data.SQLite64.netmodule
 0001:0000ac78       ?System.Data.SQLite.SQLiteBase.CheckDisposed@@200001 000000018000bc78 f   System.Data.SQLite64.netmodule
 0001:0000aca8       ?System.Data.SQLite.SQLiteBase.Dispose@@20010102 000000018000bca8 f   System.Data.SQLite64.netmodule
 0001:0000acc8       ?System.Data.SQLite.SQLiteBase.Finalize@@200001 000000018000bcc8 f   System.Data.SQLite64.netmodule
 0001:0000ad08       ?System.Data.SQLite.SQLiteBase.FallbackGetErrorString@@00010O1180LM 000000018000bd08 f   System.Data.SQLite64.netmodule
 0001:0000ad38       ?System.Data.SQLite.SQLiteBase.GetErrorString@@00010O1180LM 000000018000bd38 f   System.Data.SQLite64.netmodule
 0001:0000ad98       ?System.Data.SQLite.SQLiteBase.GetLastError@@00020O12812418 000000018000bd98 f   System.Data.SQLite64.netmodule
 0001:0000ae48       ?System.Data.SQLite.SQLiteBase.FinishBackup@@00020112812418 000000018000be48 f   System.Data.SQLite64.netmodule
 0001:0000aec8       ?System.Data.SQLite.SQLiteBase.FinalizeStatement@@00020112812418 000000018000bec8 f   System.Data.SQLite64.netmodule
 0001:0000af48       ?System.Data.SQLite.SQLiteBase.CloseConnection@@00020112812418 000000018000bf48 f   System.Data.SQLite64.netmodule
 0001:0000afd8       ?System.Data.SQLite.SQLiteBase.CloseConnectionV2@@00020112812418 000000018000bfd8 f   System.Data.SQLite64.netmodule
 0001:0000b068       ?System.Data.SQLite.SQLiteBase.ResetConnection@@0003021281241802 000000018000c068 f   System.Data.SQLite64.netmodule
 0001:0000b198       ?System.Data.SQLite.SQLiteBase.IsAutocommit@@00020212812418 000000018000c198 f   System.Data.SQLite64.netmodule
 0001:0000b238       ?System.Data.SQLite.SQLiteBase..cctor@@000001 000000018000c238 f   System.Data.SQLite64.netmodule
 0001:0000b348       ?System.Data.SQLite.SQLite3..ctor@@20020111808M1171 000000018000c348 f   System.Data.SQLite64.netmodule
 0001:0000b368       ?System.Data.SQLite.SQLite3.CheckDisposed@@200001 000000018000c368 f   System.Data.SQLite64.netmodule
 0001:0000b398       ?System.Data.SQLite.SQLite3.Dispose@@20010102 000000018000c398 f   System.Data.SQLite64.netmodule
 0001:0000b3e8       ?System.Data.SQLite.SQLite3.Close@@20010102 000000018000c3e8 f   System.Data.SQLite64.netmodule
 0001:0000b458       ?System.Data.SQLite.SQLite3.Cancel@@200001 000000018000c458 f   System.Data.SQLite64.netmodule
 0001:0000b478       ?System.Data.SQLite.SQLite3.get_Version@@20000O 000000018000c478 f   System.Data.SQLite64.netmodule
 0001:0000b498       ?System.Data.SQLite.SQLite3.get_VersionNumber@@200008 000000018000c498 f   System.Data.SQLite64.netmodule
 0001:0000b4b8       ?System.Data.SQLite.SQLite3.get_DefineConstants@@00000O 000000018000c4b8 f   System.Data.SQLite64.netmodule
 0001:0000b538       ?System.Data.SQLite.SQLite3.get_SQLiteVersion@@00000O 000000018000c538 f   System.Data.SQLite64.netmodule
 0001:0000b558       ?System.Data.SQLite.SQLite3.get_SQLiteVersionNumber@@000008 000000018000c558 f   System.Data.SQLite64.netmodule
 0001:0000b578       ?System.Data.SQLite.SQLite3.get_SQLiteSourceId@@00000O 000000018000c578 f   System.Data.SQLite64.netmodule
 0001:0000b598       ?System.Data.SQLite.SQLite3.get_AutoCommit@@200002 000000018000c598 f   System.Data.SQLite64.netmodule
 0001:0000b5c8       ?System.Data.SQLite.SQLite3.get_LastInsertRowId@@20000K 000000018000c5c8 f   System.Data.SQLite64.netmodule
 0001:0000b5e8       ?System.Data.SQLite.SQLite3.get_Changes@@200008 000000018000c5e8 f   System.Data.SQLite64.netmodule
 0001:0000b608       ?System.Data.SQLite.SQLite3.get_MemoryUsed@@20000K 000000018000c608 f   System.Data.SQLite64.netmodule
 0001:0000b628       ?System.Data.SQLite.SQLite3.get_MemoryHighwater@@20000K 000000018000c628 f   System.Data.SQLite64.netmodule
 0001:0000b648       ?System.Data.SQLite.SQLite3.SetMemoryStatus@@20011180LM02 000000018000c648 f   System.Data.SQLite64.netmodule
 0001:0000b668       ?System.Data.SQLite.SQLite3.StaticSetMemoryStatus@@00011180LM02 000000018000c668 f   System.Data.SQLite64.netmodule
 0001:0000b688       ?System.Data.SQLite.SQLite3.Shutdown@@20001180LM 000000018000c688 f   System.Data.SQLite64.netmodule
 0001:0000b6a8       ?System.Data.SQLite.SQLite3.IsOpen@@200002 000000018000c6a8 f   System.Data.SQLite64.netmodule
 0001:0000b6e8       ?System.Data.SQLite.SQLite3.Open@@2005010O112811240802 000000018000c6e8 f   System.Data.SQLite64.netmodule
 0001:0000b7e8       ?System.Data.SQLite.SQLite3.ClearPool@@200001 000000018000c7e8 f   System.Data.SQLite64.netmodule
 0001:0000b808       ?System.Data.SQLite.SQLite3.CountPool@@200008 000000018000c808 f   System.Data.SQLite64.netmodule
 0001:0000b838       ?System.Data.SQLite.SQLite3.SetTimeout@@20010108 000000018000c838 f   System.Data.SQLite64.netmodule
 0001:0000b868       ?System.Data.SQLite.SQLite3.Step@@200102128114 000000018000c868 f   System.Data.SQLite64.netmodule
 0001:0000b918       ?System.Data.SQLite.SQLite3.Reset@@20011180LM128114 000000018000c918 f   System.Data.SQLite64.netmodule
 0001:0000b9c8       ?System.Data.SQLite.SQLite3.GetLastError@@20000O 000000018000c9c8 f   System.Data.SQLite64.netmodule
 0001:0000b9f8       ?System.Data.SQLite.SQLite3.Prepare@@200512811412400O12811409100O 000000018000c9f8 f   System.Data.SQLite64.netmodule
 0001:0000bcd8       ?System.Data.SQLite.SQLite3.LogBind@@00020112812808 000000018000ccd8 f   System.Data.SQLite64.netmodule
 0001:0000bd08       ?System.Data.SQLite.SQLite3.LogBind@@00030112812808122N 000000018000cd08 f   System.Data.SQLite64.netmodule
 0001:0000bd58       ?System.Data.SQLite.SQLite3.FormatDateTime@@00010O1169 000000018000cd58 f   System.Data.SQLite64.netmodule
 0001:0000bdb8       ?System.Data.SQLite.SQLite3.LogBind@@000301128128081169 000000018000cdb8 f   System.Data.SQLite64.netmodule
 0001:0000be18       ?System.Data.SQLite.SQLite3.LogBind@@000301128128080O 000000018000ce18 f   System.Data.SQLite64.netmodule
 0001:0000be78       ?System.Data.SQLite.SQLite3.ToHexadecimalString@@00010O1N05 000000018000ce78 f   System.Data.SQLite64.netmodule
 0001:0000bec8       ?System.Data.SQLite.SQLite3.LogBind@@000301128128081N05 000000018000cec8 f   System.Data.SQLite64.netmodule
 0001:0000bf28       ?System.Data.SQLite.SQLite3.Bind_Double@@2004011281141128080N 000000018000cf28 f   System.Data.SQLite64.netmodule
 0001:0000bf78       ?System.Data.SQLite.SQLite3.Bind_Int32@@20040112811411280808 000000018000cf78 f   System.Data.SQLite64.netmodule
 0001:0000bfc8       ?System.Data.SQLite.SQLite3.Bind_UInt32@@20040112811411280809 000000018000cfc8 f   System.Data.SQLite64.netmodule
 0001:0000c018       ?System.Data.SQLite.SQLite3.Bind_Int64@@2004011281141128080K 000000018000d018 f   System.Data.SQLite64.netmodule
 0001:0000c068       ?System.Data.SQLite.SQLite3.Bind_UInt64@@2004011281141128080L 000000018000d068 f   System.Data.SQLite64.netmodule
 0001:0000c0b8       ?System.Data.SQLite.SQLite3.Bind_Text@@2004011281141128080O 000000018000d0b8 f   System.Data.SQLite64.netmodule
 0001:0000c128       ?System.Data.SQLite.SQLite3.Bind_DateTime@@2004011281141128081169 000000018000d128 f   System.Data.SQLite64.netmodule
 0001:0000c288       ?System.Data.SQLite.SQLite3.Bind_Blob@@2004011281141128081N05 000000018000d288 f   System.Data.SQLite64.netmodule
 0001:0000c2d8       ?System.Data.SQLite.SQLite3.Bind_Null@@200301128114112808 000000018000d2d8 f   System.Data.SQLite64.netmodule
 0001:0000c318       ?System.Data.SQLite.SQLite3.Bind_ParamCount@@2002081281141128 000000018000d318 f   System.Data.SQLite64.netmodule
 0001:0000c368       ?System.Data.SQLite.SQLite3.Bind_ParamName@@20030O128114112808 000000018000d368 f   System.Data.SQLite64.netmodule
 0001:0000c3c8       ?System.Data.SQLite.SQLite3.Bind_ParamIndex@@20030812811411280O 000000018000d3c8 f   System.Data.SQLite64.netmodule
 0001:0000c418       ?System.Data.SQLite.SQLite3.ColumnCount@@200108128114 000000018000d418 f   System.Data.SQLite64.netmodule
 0001:0000c438       ?System.Data.SQLite.SQLite3.ColumnName@@20020O12811408 000000018000d438 f   System.Data.SQLite64.netmodule
 0001:0000c468       ?System.Data.SQLite.SQLite3.ColumnAffinity@@200211808412811408 000000018000d468 f   System.Data.SQLite64.netmodule
 0001:0000c488       ?System.Data.SQLite.SQLite3.ColumnType@@20030O1281140810118084 000000018000d488 f   System.Data.SQLite64.netmodule
 0001:0000c4e8       ?System.Data.SQLite.SQLite3.ColumnIndex@@2002081281140O 000000018000d4e8 f   System.Data.SQLite64.netmodule
 0001:0000c528       ?System.Data.SQLite.SQLite3.ColumnOriginalName@@20020O12811408 000000018000d528 f   System.Data.SQLite64.netmodule
 0001:0000c558       ?System.Data.SQLite.SQLite3.ColumnDatabaseName@@20020O12811408 000000018000d558 f   System.Data.SQLite64.netmodule
 0001:0000c588       ?System.Data.SQLite.SQLite3.ColumnTableName@@20020O12811408 000000018000d588 f   System.Data.SQLite64.netmodule
 0001:0000c5b8       ?System.Data.SQLite.SQLite3.ColumnMetaData@@2008010O0O0O100O100O100210021002 000000018000d5b8 f   System.Data.SQLite64.netmodule
 0001:0000c638       ?System.Data.SQLite.SQLite3.GetDouble@@20020N12811408 000000018000d638 f   System.Data.SQLite64.netmodule
 0001:0000c658       ?System.Data.SQLite.SQLite3.GetInt32@@20020812811408 000000018000d658 f   System.Data.SQLite64.netmodule
 0001:0000c678       ?System.Data.SQLite.SQLite3.GetInt64@@20020K12811408 000000018000d678 f   System.Data.SQLite64.netmodule
 0001:0000c698       ?System.Data.SQLite.SQLite3.GetText@@20020O12811408 000000018000d698 f   System.Data.SQLite64.netmodule
 0001:0000c6c8       ?System.Data.SQLite.SQLite3.GetDateTime@@2002116912811408 000000018000d6c8 f   System.Data.SQLite64.netmodule
 0001:0000c6f8       ?System.Data.SQLite.SQLite3.GetBytes@@20060K12811408081N050808 000000018000d6f8 f   System.Data.SQLite64.netmodule
 0001:0000c778       ?System.Data.SQLite.SQLite3.GetChars@@20060K12811408081N030808 000000018000d778 f   System.Data.SQLite64.netmodule
 0001:0000c7d8       ?System.Data.SQLite.SQLite3.IsNull@@20020212811408 000000018000d7d8 f   System.Data.SQLite64.netmodule
 0001:0000c7f8       ?System.Data.SQLite.SQLite3.AggregateCount@@20010818 000000018000d7f8 f   System.Data.SQLite64.netmodule
 0001:0000c818       ?System.Data.SQLite.SQLite3.CreateFunction@@2006010O08021280N41280N41280N8 000000018000d818 f   System.Data.SQLite64.netmodule
 0001:0000c898       ?System.Data.SQLite.SQLite3.CreateCollation@@2003010O1280NM1280NM 000000018000d898 f   System.Data.SQLite64.netmodule
 0001:0000c8f8       ?System.Data.SQLite.SQLite3.ContextCollateCompare@@2004081180O4180O0O 000000018000d8f8 f   System.Data.SQLite64.netmodule
 0001:0000c958       ?System.Data.SQLite.SQLite3.ContextCollateCompare@@2004081180O4181N031N03 000000018000d958 f   System.Data.SQLite64.netmodule
 0001:0000c9b8       ?System.Data.SQLite.SQLite3.GetCollationSequence@@20021180O81280M418 000000018000d9b8 f   System.Data.SQLite64.netmodule
 0001:0000ca08       ?System.Data.SQLite.SQLite3.GetParamValueBytes@@20050K18081N050808 000000018000da08 f   System.Data.SQLite64.netmodule
 0001:0000ca68       ?System.Data.SQLite.SQLite3.GetParamValueDouble@@20010N18 000000018000da68 f   System.Data.SQLite64.netmodule
 0001:0000ca88       ?System.Data.SQLite.SQLite3.GetParamValueInt32@@20010818 000000018000da88 f   System.Data.SQLite64.netmodule
 0001:0000caa8       ?System.Data.SQLite.SQLite3.GetParamValueInt64@@20010K18 000000018000daa8 f   System.Data.SQLite64.netmodule
 0001:0000cac8       ?System.Data.SQLite.SQLite3.GetParamValueText@@20010O18 000000018000dac8 f   System.Data.SQLite64.netmodule
 0001:0000cae8       ?System.Data.SQLite.SQLite3.GetParamValueType@@200111808418 000000018000dae8 f   System.Data.SQLite64.netmodule
 0001:0000cb08       ?System.Data.SQLite.SQLite3.ReturnBlob@@200201181N05 000000018000db08 f   System.Data.SQLite64.netmodule
 0001:0000cb28       ?System.Data.SQLite.SQLite3.ReturnDouble@@200201180N 000000018000db28 f   System.Data.SQLite64.netmodule
 0001:0000cb48       ?System.Data.SQLite.SQLite3.ReturnError@@200201180O 000000018000db48 f   System.Data.SQLite64.netmodule
 0001:0000cb68       ?System.Data.SQLite.SQLite3.ReturnInt32@@2002011808 000000018000db68 f   System.Data.SQLite64.netmodule
 0001:0000cb88       ?System.Data.SQLite.SQLite3.ReturnInt64@@200201180K 000000018000db88 f   System.Data.SQLite64.netmodule
 0001:0000cba8       ?System.Data.SQLite.SQLite3.ReturnNull@@20010118 000000018000dba8 f   System.Data.SQLite64.netmodule
 0001:0000cbc8       ?System.Data.SQLite.SQLite3.ReturnText@@200201180O 000000018000dbc8 f   System.Data.SQLite64.netmodule
 0001:0000cbf8       ?System.Data.SQLite.SQLite3.AggregateContext@@20011818 000000018000dbf8 f   System.Data.SQLite64.netmodule
 0001:0000cc18       ?System.Data.SQLite.SQLite3.SetLoadExtension@@20010102 000000018000dc18 f   System.Data.SQLite64.netmodule
 0001:0000cc58       ?System.Data.SQLite.SQLite3.LoadExtension@@2002010O0O 000000018000dc58 f   System.Data.SQLite64.netmodule
 0001:0000cd18       ?System.Data.SQLite.SQLite3.SetExtendedResultCodes@@20010102 000000018000dd18 f   System.Data.SQLite64.netmodule
 0001:0000cd58       ?System.Data.SQLite.SQLite3.ResultCode@@20001180LM 000000018000dd58 f   System.Data.SQLite64.netmodule
 0001:0000cd78       ?System.Data.SQLite.SQLite3.ExtendedResultCode@@20001180LM 000000018000dd78 f   System.Data.SQLite64.netmodule
 0001:0000cd98       ?System.Data.SQLite.SQLite3.LogMessage@@2002011180LM0O 000000018000dd98 f   System.Data.SQLite64.netmodule
 0001:0000cdb8       ?System.Data.SQLite.SQLite3.SetPassword@@2001011N05 000000018000ddb8 f   System.Data.SQLite64.netmodule
 0001:0000cdf8       ?System.Data.SQLite.SQLite3.ChangePassword@@2001011N05 000000018000ddf8 f   System.Data.SQLite64.netmodule
 0001:0000ce38       ?System.Data.SQLite.SQLite3.SetUpdateHook@@2001011248 000000018000de38 f   System.Data.SQLite64.netmodule
 0001:0000ce68       ?System.Data.SQLite.SQLite3.SetCommitHook@@200101124M 000000018000de68 f   System.Data.SQLite64.netmodule
 0001:0000ce98       ?System.Data.SQLite.SQLite3.SetTraceCallback@@2001011250 000000018000de98 f   System.Data.SQLite64.netmodule
 0001:0000cec8       ?System.Data.SQLite.SQLite3.SetRollbackHook@@2001011254 000000018000dec8 f   System.Data.SQLite64.netmodule
 0001:0000cef8       ?System.Data.SQLite.SQLite3.SetLogCallback@@20011180LM1208 000000018000def8 f   System.Data.SQLite64.netmodule
 0001:0000cf18       ?System.Data.SQLite.SQLite3.InitializeBackup@@2003121M12400O0O 000000018000df18 f   System.Data.SQLite64.netmodule
 0001:0000d028       ?System.Data.SQLite.SQLite3.StepBackup@@200302121M081002 000000018000e028 f   System.Data.SQLite64.netmodule
 0001:0000d0b8       ?System.Data.SQLite.SQLite3.RemainingBackup@@200108121M 000000018000e0b8 f   System.Data.SQLite64.netmodule
 0001:0000d118       ?System.Data.SQLite.SQLite3.PageCountBackup@@200108121M 000000018000e118 f   System.Data.SQLite64.netmodule
 0001:0000d178       ?System.Data.SQLite.SQLite3.FinishBackup@@200101121M 000000018000e178 f   System.Data.SQLite64.netmodule
 0001:0000d1f8       ?System.Data.SQLite.SQLite3.IsInitialized@@200002 000000018000e1f8 f   System.Data.SQLite64.netmodule
 0001:0000d218       ?System.Data.SQLite.SQLite3.StaticIsInitialized@@000002 000000018000e218 f   System.Data.SQLite64.netmodule
 0001:0000d2a8       ?System.Data.SQLite.SQLite3.GetValue@@20031M12811408128098 000000018000e2a8 f   System.Data.SQLite64.netmodule
 0001:0000d3e8       ?System.Data.SQLite.SQLite3.GetCursorForTable@@2003081281140808 000000018000e3e8 f   System.Data.SQLite64.netmodule
 0001:0000d408       ?System.Data.SQLite.SQLite3.GetRowIdForCursor@@20020K12811408 000000018000e408 f   System.Data.SQLite64.netmodule
 0001:0000d438       ?System.Data.SQLite.SQLite3.GetIndexColumnExtendedInfo@@2006010O0O0O10081008100O 000000018000e438 f   System.Data.SQLite64.netmodule
 0001:0000d488       ?System.Data.SQLite.SQLite3.FileControl@@20031180LM0O0818 000000018000e488 f   System.Data.SQLite64.netmodule
 0001:0000d4b8       ?System.Data.SQLite.SQLite3..cctor@@000001 000000018000e4b8 f   System.Data.SQLite64.netmodule
 0001:0000d4d8       ?System.Data.SQLite.SQLite3_UTF16..ctor@@20020111808M1171 000000018000e4d8 f   System.Data.SQLite64.netmodule
 0001:0000d4f8       ?System.Data.SQLite.SQLite3_UTF16.CheckDisposed@@200001 000000018000e4f8 f   System.Data.SQLite64.netmodule
 0001:0000d528       ?System.Data.SQLite.SQLite3_UTF16.Dispose@@20010102 000000018000e528 f   System.Data.SQLite64.netmodule
 0001:0000d578       ?System.Data.SQLite.SQLite3_UTF16.ToString@@20020O1808 000000018000e578 f   System.Data.SQLite64.netmodule
 0001:0000d598       ?System.Data.SQLite.SQLite3_UTF16.UTF16ToString@@00020O1808 000000018000e598 f   System.Data.SQLite64.netmodule
 0001:0000d5d8       ?System.Data.SQLite.SQLite3_UTF16.Open@@2005010O112811240802 000000018000e5d8 f   System.Data.SQLite64.netmodule
 0001:0000d6e8       ?System.Data.SQLite.SQLite3_UTF16.Bind_DateTime@@2004011281141128081169 000000018000e6e8 f   System.Data.SQLite64.netmodule
 0001:0000d758       ?System.Data.SQLite.SQLite3_UTF16.Bind_Text@@2004011281141128080O 000000018000e758 f   System.Data.SQLite64.netmodule
 0001:0000d7b8       ?System.Data.SQLite.SQLite3_UTF16.GetDateTime@@2002116912811408 000000018000e7b8 f   System.Data.SQLite64.netmodule
 0001:0000d7d8       ?System.Data.SQLite.SQLite3_UTF16.ColumnName@@20020O12811408 000000018000e7d8 f   System.Data.SQLite64.netmodule
 0001:0000d808       ?System.Data.SQLite.SQLite3_UTF16.GetText@@20020O12811408 000000018000e808 f   System.Data.SQLite64.netmodule
 0001:0000d838       ?System.Data.SQLite.SQLite3_UTF16.ColumnOriginalName@@20020O12811408 000000018000e838 f   System.Data.SQLite64.netmodule
 0001:0000d868       ?System.Data.SQLite.SQLite3_UTF16.ColumnDatabaseName@@20020O12811408 000000018000e868 f   System.Data.SQLite64.netmodule
 0001:0000d898       ?System.Data.SQLite.SQLite3_UTF16.ColumnTableName@@20020O12811408 000000018000e898 f   System.Data.SQLite64.netmodule
 0001:0000d8c8       ?System.Data.SQLite.SQLite3_UTF16.GetParamValueText@@20010O18 000000018000e8c8 f   System.Data.SQLite64.netmodule
 0001:0000d8e8       ?System.Data.SQLite.SQLite3_UTF16.ReturnError@@200201180O 000000018000e8e8 f   System.Data.SQLite64.netmodule
 0001:0000d908       ?System.Data.SQLite.SQLite3_UTF16.ReturnText@@200201180O 000000018000e908 f   System.Data.SQLite64.netmodule
 0001:0000d938       ?System.Data.SQLite.SQLiteBackup..ctor@@200601121012812M181N05181N05 000000018000e938 f   System.Data.SQLite64.netmodule
 0001:0000d978       ?System.Data.SQLite.SQLiteBackup.Dispose@@200001 000000018000e978 f   System.Data.SQLite64.netmodule
 0001:0000d998       ?System.Data.SQLite.SQLiteBackup.CheckDisposed@@200001 000000018000e998 f   System.Data.SQLite64.netmodule
 0001:0000d9c8       ?System.Data.SQLite.SQLiteBackup.Dispose@@20010102 000000018000e9c8 f   System.Data.SQLite64.netmodule
 0001:0000da38       ?System.Data.SQLite.SQLiteBackup.Finalize@@200001 000000018000ea38 f   System.Data.SQLite64.netmodule
 0001:0000da78       ?System.Data.SQLite.SQLiteCommand..ctor@@200001 000000018000ea78 f   System.Data.SQLite64.netmodule
 0001:0000da98       ?System.Data.SQLite.SQLiteCommand..ctor@@2001010O 000000018000ea98 f   System.Data.SQLite64.netmodule
 0001:0000dab8       ?System.Data.SQLite.SQLiteCommand..ctor@@2002010O1240 000000018000eab8 f   System.Data.SQLite64.netmodule
 0001:0000dad8       ?System.Data.SQLite.SQLiteCommand..ctor@@2001011240 000000018000ead8 f   System.Data.SQLite64.netmodule
 0001:0000daf8       ?System.Data.SQLite.SQLiteCommand..ctor@@2001011230 000000018000eaf8 f   System.Data.SQLite64.netmodule
 0001:0000dba8       ?System.Data.SQLite.SQLiteCommand..ctor@@2003010O1240128118 000000018000eba8 f   System.Data.SQLite64.netmodule
 0001:0000dc18       ?System.Data.SQLite.SQLiteCommand.Check@@0001011230 000000018000ec18 f   System.Data.SQLite64.netmodule
 0001:0000dc48       ?System.Data.SQLite.SQLiteCommand.CheckDisposed@@200001 000000018000ec48 f   System.Data.SQLite64.netmodule
 0001:0000dc78       ?System.Data.SQLite.SQLiteCommand.Dispose@@20010102 000000018000ec78 f   System.Data.SQLite64.netmodule
 0001:0000dd28       ?System.Data.SQLite.SQLiteCommand.ClearCommands@@200001 000000018000ed28 f   System.Data.SQLite64.netmodule
 0001:0000ddc8       ?System.Data.SQLite.SQLiteCommand.BuildNextCommand@@2000128114 000000018000edc8 f   System.Data.SQLite64.netmodule
 0001:0000def8       ?System.Data.SQLite.SQLiteCommand.GetStatement@@200112811408 000000018000eef8 f   System.Data.SQLite64.netmodule
 0001:0000df58       ?System.Data.SQLite.SQLiteCommand.Cancel@@200001 000000018000ef58 f   System.Data.SQLite64.netmodule
 0001:0000df98       ?System.Data.SQLite.SQLiteCommand.get_CommandText@@20000O 000000018000ef98 f   System.Data.SQLite64.netmodule
 0001:0000dfb8       ?System.Data.SQLite.SQLiteCommand.set_CommandText@@2001010O 000000018000efb8 f   System.Data.SQLite64.netmodule
 0001:0000e018       ?System.Data.SQLite.SQLiteCommand.get_CommandTimeout@@200008 000000018000f018 f   System.Data.SQLite64.netmodule
 0001:0000e038       ?System.Data.SQLite.SQLiteCommand.set_CommandTimeout@@20010108 000000018000f038 f   System.Data.SQLite64.netmodule
 0001:0000e058       ?System.Data.SQLite.SQLiteCommand.get_CommandType@@200011808N 000000018000f058 f   System.Data.SQLite64.netmodule
 0001:0000e078       ?System.Data.SQLite.SQLiteCommand.set_CommandType@@20010111808N 000000018000f078 f   System.Data.SQLite64.netmodule
 0001:0000e098       ?System.Data.SQLite.SQLiteCommand.CreateDbParameter@@2000124N 000000018000f098 f   System.Data.SQLite64.netmodule
 0001:0000e0b8       ?System.Data.SQLite.SQLiteCommand.CreateParameter@@200012810M 000000018000f0b8 f   System.Data.SQLite64.netmodule
 0001:0000e0d8       ?System.Data.SQLite.SQLiteCommand.get_Connection@@20001240 000000018000f0d8 f   System.Data.SQLite64.netmodule
 0001:0000e0f8       ?System.Data.SQLite.SQLiteCommand.set_Connection@@2001011240 000000018000f0f8 f   System.Data.SQLite64.netmodule
 0001:0000e168       ?System.Data.SQLite.SQLiteCommand.get_DbConnection@@20001225 000000018000f168 f   System.Data.SQLite64.netmodule
 0001:0000e188       ?System.Data.SQLite.SQLiteCommand.set_DbConnection@@2001011225 000000018000f188 f   System.Data.SQLite64.netmodule
 0001:0000e1a8       ?System.Data.SQLite.SQLiteCommand.get_Parameters@@2000128110 000000018000f1a8 f   System.Data.SQLite64.netmodule
 0001:0000e1c8       ?System.Data.SQLite.SQLiteCommand.get_DbParameterCollection@@20001251 000000018000f1c8 f   System.Data.SQLite64.netmodule
 0001:0000e1e8       ?System.Data.SQLite.SQLiteCommand.get_Transaction@@2000128118 000000018000f1e8 f   System.Data.SQLite64.netmodule
 0001:0000e208       ?System.Data.SQLite.SQLiteCommand.set_Transaction@@200101128118 000000018000f208 f   System.Data.SQLite64.netmodule
 0001:0000e288       ?System.Data.SQLite.SQLiteCommand.get_DbTransaction@@20001255 000000018000f288 f   System.Data.SQLite64.netmodule
 0001:0000e2a8       ?System.Data.SQLite.SQLiteCommand.set_DbTransaction@@2001011255 000000018000f2a8 f   System.Data.SQLite64.netmodule
 0001:0000e2c8       ?System.Data.SQLite.SQLiteCommand.InitializeForReader@@200001 000000018000f2c8 f   System.Data.SQLite64.netmodule
 0001:0000e358       ?System.Data.SQLite.SQLiteCommand.ExecuteDbDataReader@@20011239118091 000000018000f358 f   System.Data.SQLite64.netmodule
 0001:0000e378       ?System.Data.SQLite.SQLiteCommand.ExecuteReader@@20011280K8118091 000000018000f378 f   System.Data.SQLite64.netmodule
 0001:0000e3a8       ?System.Data.SQLite.SQLiteCommand.ExecuteReader@@20001280K8 000000018000f3a8 f   System.Data.SQLite64.netmodule
 0001:0000e3c8       ?System.Data.SQLite.SQLiteCommand.ClearDataReader@@200001 000000018000f3c8 f   System.Data.SQLite64.netmodule
 0001:0000e3e8       ?System.Data.SQLite.SQLiteCommand.ExecuteNonQuery@@200008 000000018000f3e8 f   System.Data.SQLite64.netmodule
 0001:0000e448       ?System.Data.SQLite.SQLiteCommand.ExecuteScalar@@20001M 000000018000f448 f   System.Data.SQLite64.netmodule
 0001:0000e4a8       ?System.Data.SQLite.SQLiteCommand.Prepare@@200001 000000018000f4a8 f   System.Data.SQLite64.netmodule
 0001:0000e4c8       ?System.Data.SQLite.SQLiteCommand.get_UpdatedRowSource@@2000118085 000000018000f4c8 f   System.Data.SQLite64.netmodule
 0001:0000e4e8       ?System.Data.SQLite.SQLiteCommand.set_UpdatedRowSource@@200101118085 000000018000f4e8 f   System.Data.SQLite64.netmodule
 0001:0000e508       ?System.Data.SQLite.SQLiteCommand.get_DesignTimeVisible@@200002 000000018000f508 f   System.Data.SQLite64.netmodule
 0001:0000e528       ?System.Data.SQLite.SQLiteCommand.set_DesignTimeVisible@@20010102 000000018000f528 f   System.Data.SQLite64.netmodule
 0001:0000e548       ?System.Data.SQLite.SQLiteCommand.Clone@@20001M 000000018000f548 f   System.Data.SQLite64.netmodule
 0001:0000e568       ?System.Data.SQLite.SQLiteCommandBuilder..ctor@@200001 000000018000f568 f   System.Data.SQLite64.netmodule
 0001:0000e588       ?System.Data.SQLite.SQLiteCommandBuilder..ctor@@2001011280K4 000000018000f588 f   System.Data.SQLite64.netmodule
 0001:0000e5b8       ?System.Data.SQLite.SQLiteCommandBuilder.CheckDisposed@@200001 000000018000f5b8 f   System.Data.SQLite64.netmodule
 0001:0000e5e8       ?System.Data.SQLite.SQLiteCommandBuilder.Dispose@@20010102 000000018000f5e8 f   System.Data.SQLite64.netmodule
 0001:0000e638       ?System.Data.SQLite.SQLiteCommandBuilder.ApplyParameterInfo@@200401124N12809511809902 000000018000f638 f   System.Data.SQLite64.netmodule
 0001:0000e668       ?System.Data.SQLite.SQLiteCommandBuilder.GetParameterName@@20010O0O 000000018000f668 f   System.Data.SQLite64.netmodule
 0001:0000e698       ?System.Data.SQLite.SQLiteCommandBuilder.GetParameterName@@20010O08 000000018000f698 f   System.Data.SQLite64.netmodule
 0001:0000e6c8       ?System.Data.SQLite.SQLiteCommandBuilder.GetParameterPlaceholder@@20010O08 000000018000f6c8 f   System.Data.SQLite64.netmodule
 0001:0000e6e8       ?System.Data.SQLite.SQLiteCommandBuilder.SetRowUpdatingHandler@@2001011235 000000018000f6e8 f   System.Data.SQLite64.netmodule
 0001:0000e738       ?System.Data.SQLite.SQLiteCommandBuilder.RowUpdatingEventHandler@@2002011M12809N 000000018000f738 f   System.Data.SQLite64.netmodule
 0001:0000e758       ?System.Data.SQLite.SQLiteCommandBuilder.get_DataAdapter@@20001280K4 000000018000f758 f   System.Data.SQLite64.netmodule
 0001:0000e778       ?System.Data.SQLite.SQLiteCommandBuilder.set_DataAdapter@@2001011280K4 000000018000f778 f   System.Data.SQLite64.netmodule
 0001:0000e798       ?System.Data.SQLite.SQLiteCommandBuilder.GetDeleteCommand@@20001230 000000018000f798 f   System.Data.SQLite64.netmodule
 0001:0000e7b8       ?System.Data.SQLite.SQLiteCommandBuilder.GetDeleteCommand@@2001123002 000000018000f7b8 f   System.Data.SQLite64.netmodule
 0001:0000e7d8       ?System.Data.SQLite.SQLiteCommandBuilder.GetUpdateCommand@@20001230 000000018000f7d8 f   System.Data.SQLite64.netmodule
 0001:0000e7f8       ?System.Data.SQLite.SQLiteCommandBuilder.GetUpdateCommand@@2001123002 000000018000f7f8 f   System.Data.SQLite64.netmodule
 0001:0000e818       ?System.Data.SQLite.SQLiteCommandBuilder.GetInsertCommand@@20001230 000000018000f818 f   System.Data.SQLite64.netmodule
 0001:0000e838       ?System.Data.SQLite.SQLiteCommandBuilder.GetInsertCommand@@2001123002 000000018000f838 f   System.Data.SQLite64.netmodule
 0001:0000e858       ?System.Data.SQLite.SQLiteCommandBuilder.get_CatalogLocation@@20001180K1 000000018000f858 f   System.Data.SQLite64.netmodule
 0001:0000e878       ?System.Data.SQLite.SQLiteCommandBuilder.set_CatalogLocation@@2001011180K1 000000018000f878 f   System.Data.SQLite64.netmodule
 0001:0000e898       ?System.Data.SQLite.SQLiteCommandBuilder.get_CatalogSeparator@@20000O 000000018000f898 f   System.Data.SQLite64.netmodule
 0001:0000e8b8       ?System.Data.SQLite.SQLiteCommandBuilder.set_CatalogSeparator@@2001010O 000000018000f8b8 f   System.Data.SQLite64.netmodule
 0001:0000e8d8       ?System.Data.SQLite.SQLiteCommandBuilder.get_QuotePrefix@@20000O 000000018000f8d8 f   System.Data.SQLite64.netmodule
 0001:0000e8f8       ?System.Data.SQLite.SQLiteCommandBuilder.set_QuotePrefix@@2001010O 000000018000f8f8 f   System.Data.SQLite64.netmodule
 0001:0000e918       ?System.Data.SQLite.SQLiteCommandBuilder.get_QuoteSuffix@@20000O 000000018000f918 f   System.Data.SQLite64.netmodule
 0001:0000e938       ?System.Data.SQLite.SQLiteCommandBuilder.set_QuoteSuffix@@2001010O 000000018000f938 f   System.Data.SQLite64.netmodule
 0001:0000e958       ?System.Data.SQLite.SQLiteCommandBuilder.QuoteIdentifier@@20010O0O 000000018000f958 f   System.Data.SQLite64.netmodule
 0001:0000e9c8       ?System.Data.SQLite.SQLiteCommandBuilder.UnquoteIdentifier@@20010O0O 000000018000f9c8 f   System.Data.SQLite64.netmodule
 0001:0000ea78       ?System.Data.SQLite.SQLiteCommandBuilder.get_SchemaSeparator@@20000O 000000018000fa78 f   System.Data.SQLite64.netmodule
 0001:0000ea98       ?System.Data.SQLite.SQLiteCommandBuilder.set_SchemaSeparator@@2001010O 000000018000fa98 f   System.Data.SQLite64.netmodule
 0001:0000eab8       ?System.Data.SQLite.SQLiteCommandBuilder.GetSchemaTable@@20011280K51215 000000018000fab8 f   System.Data.SQLite64.netmodule
 0001:0000eb18       ?System.Data.SQLite.SQLiteCommandBuilder.HasSchemaPrimaryKey@@2001021280K5 000000018000fb18 f   System.Data.SQLite64.netmodule
 0001:0000eba8       ?System.Data.SQLite.SQLiteCommandBuilder.ResetIsUniqueSchemaColumn@@2001011280K5 000000018000fba8 f   System.Data.SQLite64.netmodule
 0001:0000ec58       ?System.Data.SQLite.ConnectionEventArgs..ctor@@2006011180881280K91280KN1280L10O1M 000000018000fc58 f   System.Data.SQLite64.netmodule
 0001:0000ec98       ?System.Data.SQLite.SQLiteConnection.add__handlers@@000101123M 000000018000fc98 f   System.Data.SQLite64.netmodule
 0001:0000ecd8       ?System.Data.SQLite.SQLiteConnection.remove__handlers@@000101123M 000000018000fcd8 f   System.Data.SQLite64.netmodule
 0001:0000ed18       ?System.Data.SQLite.SQLiteConnection.add__updateHandler@@200101125M 000000018000fd18 f   System.Data.SQLite64.netmodule
 0001:0000ed58       ?System.Data.SQLite.SQLiteConnection.remove__updateHandler@@200101125M 000000018000fd58 f   System.Data.SQLite64.netmodule
 0001:0000ed98       ?System.Data.SQLite.SQLiteConnection.add__commitHandler@@2001011258 000000018000fd98 f   System.Data.SQLite64.netmodule
 0001:0000edd8       ?System.Data.SQLite.SQLiteConnection.remove__commitHandler@@2001011258 000000018000fdd8 f   System.Data.SQLite64.netmodule
 0001:0000ee18       ?System.Data.SQLite.SQLiteConnection.add__traceHandler@@2001011260 000000018000fe18 f   System.Data.SQLite64.netmodule
 0001:0000ee58       ?System.Data.SQLite.SQLiteConnection.remove__traceHandler@@2001011260 000000018000fe58 f   System.Data.SQLite64.netmodule
 0001:0000ee98       ?System.Data.SQLite.SQLiteConnection.add__rollbackHandler@@2001011280LN 000000018000fe98 f   System.Data.SQLite64.netmodule
 0001:0000eed8       ?System.Data.SQLite.SQLiteConnection.remove__rollbackHandler@@2001011280LN 000000018000fed8 f   System.Data.SQLite64.netmodule
 0001:0000ef18       ?System.Data.SQLite.SQLiteConnection.add_StateChange@@2001011280M1 000000018000ff18 f   System.Data.SQLite64.netmodule
 0001:0000ef58       ?System.Data.SQLite.SQLiteConnection.remove_StateChange@@2001011280M1 000000018000ff58 f   System.Data.SQLite64.netmodule
 0001:0000ef98       ?System.Data.SQLite.SQLiteConnection..ctor@@200001 000000018000ff98 f   System.Data.SQLite64.netmodule
 0001:0000efb8       ?System.Data.SQLite.SQLiteConnection..ctor@@2001010O 000000018000ffb8 f   System.Data.SQLite64.netmodule
 0001:0000efd8       ?System.Data.SQLite.SQLiteConnection..ctor@@2002010O02 000000018000ffd8 f   System.Data.SQLite64.netmodule
 0001:0000f028       ?System.Data.SQLite.SQLiteConnection..ctor@@2001011240 0000000180010028 f   System.Data.SQLite64.netmodule
 0001:0000f178       ?System.Data.SQLite.SQLiteConnection.OnChanged@@00020112401238 0000000180010178 f   System.Data.SQLite64.netmodule
 0001:0000f1f8       ?System.Data.SQLite.SQLiteConnection.add_Changed@@000101123M 00000001800101f8 f   System.Data.SQLite64.netmodule
 0001:0000f258       ?System.Data.SQLite.SQLiteConnection.remove_Changed@@000101123M 0000000180010258 f   System.Data.SQLite64.netmodule
 0001:0000f2a8       ?System.Data.SQLite.SQLiteConnection.BackupDatabase@@20060112400O0O08126408 00000001800102a8 f   System.Data.SQLite64.netmodule
 0001:0000f3f8       ?System.Data.SQLite.SQLiteConnection.Check@@0001011240 00000001800103f8 f   System.Data.SQLite64.netmodule
 0001:0000f488       ?System.Data.SQLite.SQLiteConnection.CheckDisposed@@200001 0000000180010488 f   System.Data.SQLite64.netmodule
 0001:0000f4b8       ?System.Data.SQLite.SQLiteConnection.Dispose@@20010102 00000001800104b8 f   System.Data.SQLite64.netmodule
 0001:0000f508       ?System.Data.SQLite.SQLiteConnection.Clone@@20001M 0000000180010508 f   System.Data.SQLite64.netmodule
 0001:0000f528       ?System.Data.SQLite.SQLiteConnection.CreateFile@@0001010O 0000000180010528 f   System.Data.SQLite64.netmodule
 0001:0000f548       ?System.Data.SQLite.SQLiteConnection.OnStateChange@@2002011180L9101280K9 0000000180010548 f   System.Data.SQLite64.netmodule
 0001:0000f588       ?System.Data.SQLite.SQLiteConnection.BeginTransaction@@20021281181180L502 0000000180010588 f   System.Data.SQLite64.netmodule
 0001:0000f5b8       ?System.Data.SQLite.SQLiteConnection.BeginTransaction@@200112811802 00000001800105b8 f   System.Data.SQLite64.netmodule
 0001:0000f5e8       ?System.Data.SQLite.SQLiteConnection.BeginTransaction@@20011281181180L5 00000001800105e8 f   System.Data.SQLite64.netmodule
 0001:0000f608       ?System.Data.SQLite.SQLiteConnection.BeginTransaction@@2000128118 0000000180010608 f   System.Data.SQLite64.netmodule
 0001:0000f638       ?System.Data.SQLite.SQLiteConnection.BeginDbTransaction@@200112551180L5 0000000180010638 f   System.Data.SQLite64.netmodule
 0001:0000f6a8       ?System.Data.SQLite.SQLiteConnection.ChangeDatabase@@2001010O 00000001800106a8 f   System.Data.SQLite64.netmodule
 0001:0000f6d8       ?System.Data.SQLite.SQLiteConnection.Close@@200001 00000001800106d8 f   System.Data.SQLite64.netmodule
 0001:0000f7c8       ?System.Data.SQLite.SQLiteConnection.get_PoolCount@@200008 00000001800107c8 f   System.Data.SQLite64.netmodule
 0001:0000f7f8       ?System.Data.SQLite.SQLiteConnection.ClearPool@@0001011240 00000001800107f8 f   System.Data.SQLite64.netmodule
 0001:0000f828       ?System.Data.SQLite.SQLiteConnection.ClearAllPools@@000001 0000000180010828 f   System.Data.SQLite64.netmodule
 0001:0000f848       ?System.Data.SQLite.SQLiteConnection.get_ConnectionString@@20000O 0000000180010848 f   System.Data.SQLite64.netmodule
 0001:0000f868       ?System.Data.SQLite.SQLiteConnection.set_ConnectionString@@2001010O 0000000180010868 f   System.Data.SQLite64.netmodule
 0001:0000f8a8       ?System.Data.SQLite.SQLiteConnection.CreateCommand@@20001230 00000001800108a8 f   System.Data.SQLite64.netmodule
 0001:0000f8c8       ?System.Data.SQLite.SQLiteConnection.CreateDbCommand@@20001215 00000001800108c8 f   System.Data.SQLite64.netmodule
 0001:0000f8e8       ?System.Data.SQLite.SQLiteConnection.get_DataSource@@20000O 00000001800108e8 f   System.Data.SQLite64.netmodule
 0001:0000f908       ?System.Data.SQLite.SQLiteConnection.get_Database@@20000O 0000000180010908 f   System.Data.SQLite64.netmodule
 0001:0000f928       ?System.Data.SQLite.SQLiteConnection.MapUriPath@@00010O0O 0000000180010928 f   System.Data.SQLite64.netmodule
 0001:0000f988       ?System.Data.SQLite.SQLiteConnection.ParseConnectionString@@0001151280M5020O0O0O 0000000180010988 f   System.Data.SQLite64.netmodule
 0001:0000fa58       ?System.Data.SQLite.SQLiteConnection.ParseConnectionStringViaFramework@@0002151280M5020O0O0O02 0000000180010a58 f   System.Data.SQLite64.netmodule
 0001:0000fb18       ?System.Data.SQLite.SQLiteConnection.EnlistTransaction@@2001011280M9 0000000180010b18 f   System.Data.SQLite64.netmodule
 0001:0000fbb8       ?System.Data.SQLite.SQLiteConnection.FindKey@@00030O151280M5020O0O0O0O 0000000180010bb8 f   System.Data.SQLite64.netmodule
 0001:0000fbd8       ?System.Data.SQLite.SQLiteConnection.TryParseEnum@@00031M12750O02 0000000180010bd8 f   System.Data.SQLite64.netmodule
 0001:0000fc18       ?System.Data.SQLite.SQLiteConnection.EnableExtensions@@20010102 0000000180010c18 f   System.Data.SQLite64.netmodule
 0001:0000fc68       ?System.Data.SQLite.SQLiteConnection.LoadExtension@@2001010O 0000000180010c68 f   System.Data.SQLite64.netmodule
 0001:0000fc88       ?System.Data.SQLite.SQLiteConnection.LoadExtension@@2002010O0O 0000000180010c88 f   System.Data.SQLite64.netmodule
 0001:0000fcc8       ?System.Data.SQLite.SQLiteConnection.Open@@200001 0000000180010cc8 f   System.Data.SQLite64.netmodule
 0001:00010548       ?System.Data.SQLite.SQLiteConnection.OpenAndReturn@@20001240 0000000180011548 f   System.Data.SQLite64.netmodule
 0001:00010568       ?System.Data.SQLite.SQLiteConnection.get_DefaultTimeout@@200008 0000000180011568 f   System.Data.SQLite64.netmodule
 0001:00010588       ?System.Data.SQLite.SQLiteConnection.set_DefaultTimeout@@20010108 0000000180011588 f   System.Data.SQLite64.netmodule
 0001:000105a8       ?System.Data.SQLite.SQLiteConnection.get_ParseViaFramework@@200002 00000001800115a8 f   System.Data.SQLite64.netmodule
 0001:000105c8       ?System.Data.SQLite.SQLiteConnection.set_ParseViaFramework@@20010102 00000001800115c8 f   System.Data.SQLite64.netmodule
 0001:000105e8       ?System.Data.SQLite.SQLiteConnection.get_Flags@@20001128 00000001800115e8 f   System.Data.SQLite64.netmodule
 0001:00010608       ?System.Data.SQLite.SQLiteConnection.set_Flags@@2001011128 0000000180011608 f   System.Data.SQLite64.netmodule
 0001:00010628       ?System.Data.SQLite.SQLiteConnection.get_ServerVersion@@20000O 0000000180011628 f   System.Data.SQLite64.netmodule
 0001:00010648       ?System.Data.SQLite.SQLiteConnection.get_LastInsertRowId@@20000K 0000000180011648 f   System.Data.SQLite64.netmodule
 0001:00010688       ?System.Data.SQLite.SQLiteConnection.Cancel@@200001 0000000180011688 f   System.Data.SQLite64.netmodule
 0001:000106c8       ?System.Data.SQLite.SQLiteConnection.get_Changes@@200008 00000001800116c8 f   System.Data.SQLite64.netmodule
 0001:00010708       ?System.Data.SQLite.SQLiteConnection.get_MemoryUsed@@20000K 0000000180011708 f   System.Data.SQLite64.netmodule
 0001:00010748       ?System.Data.SQLite.SQLiteConnection.get_MemoryHighwater@@20000K 0000000180011748 f   System.Data.SQLite64.netmodule
 0001:00010788       ?System.Data.SQLite.SQLiteConnection.SetMemoryStatus@@00011180LM02 0000000180011788 f   System.Data.SQLite64.netmodule
 0001:000107a8       ?System.Data.SQLite.SQLiteConnection.get_DefineConstants@@00000O 00000001800117a8 f   System.Data.SQLite64.netmodule
 0001:000107c8       ?System.Data.SQLite.SQLiteConnection.get_SQLiteVersion@@00000O 00000001800117c8 f   System.Data.SQLite64.netmodule
 0001:000107e8       ?System.Data.SQLite.SQLiteConnection.get_SQLiteSourceId@@00000O 00000001800117e8 f   System.Data.SQLite64.netmodule
 0001:00010808       ?System.Data.SQLite.SQLiteConnection.get_State@@20001180L9 0000000180011808 f   System.Data.SQLite64.netmodule
 0001:00010828       ?System.Data.SQLite.SQLiteConnection.Shutdown@@20001180LM 0000000180011828 f   System.Data.SQLite64.netmodule
 0001:00010938       ?System.Data.SQLite.SQLiteConnection.SetExtendedResultCodes@@20010102 0000000180011938 f   System.Data.SQLite64.netmodule
 0001:00010968       ?System.Data.SQLite.SQLiteConnection.ResultCode@@20001180LM 0000000180011968 f   System.Data.SQLite64.netmodule
 0001:000109a8       ?System.Data.SQLite.SQLiteConnection.ExtendedResultCode@@20001180LM 00000001800119a8 f   System.Data.SQLite64.netmodule
 0001:000109e8       ?System.Data.SQLite.SQLiteConnection.LogMessage@@2002011180LM0O 00000001800119e8 f   System.Data.SQLite64.netmodule
 0001:00010a28       ?System.Data.SQLite.SQLiteConnection.LogMessage@@200201080O 0000000180011a28 f   System.Data.SQLite64.netmodule
 0001:00010a68       ?System.Data.SQLite.SQLiteConnection.ChangePassword@@2001010O 0000000180011a68 f   System.Data.SQLite64.netmodule
 0001:00010a98       ?System.Data.SQLite.SQLiteConnection.ChangePassword@@2001011N05 0000000180011a98 f   System.Data.SQLite64.netmodule
 0001:00010ad8       ?System.Data.SQLite.SQLiteConnection.SetPassword@@2001010O 0000000180011ad8 f   System.Data.SQLite64.netmodule
 0001:00010b08       ?System.Data.SQLite.SQLiteConnection.SetPassword@@2001011N05 0000000180011b08 f   System.Data.SQLite64.netmodule
 0001:00010b48       ?System.Data.SQLite.SQLiteConnection.SetAvRetry@@20021180LM10081008 0000000180011b48 f   System.Data.SQLite64.netmodule
 0001:00010be8       ?System.Data.SQLite.SQLiteConnection.UnwrapString@@00010O0O 0000000180011be8 f   System.Data.SQLite64.netmodule
 0001:00010c48       ?System.Data.SQLite.SQLiteConnection.ExpandFileName@@20020O0O02 0000000180011c48 f   System.Data.SQLite64.netmodule
 0001:00010d18       ?System.Data.SQLite.SQLiteConnection.GetSchema@@20001280K5 0000000180011d18 f   System.Data.SQLite64.netmodule
 0001:00010d38       ?System.Data.SQLite.SQLiteConnection.GetSchema@@20011280K50O 0000000180011d38 f   System.Data.SQLite64.netmodule
 0001:00010d58       ?System.Data.SQLite.SQLiteConnection.GetSchema@@20021280K50O1N0O 0000000180011d58 f   System.Data.SQLite64.netmodule
 0001:00010f78       ?System.Data.SQLite.SQLiteConnection.Schema_ReservedWords@@00001280K5 0000000180011f78 f   System.Data.SQLite64.netmodule
 0001:00011058       ?System.Data.SQLite.SQLiteConnection.Schema_MetaDataCollections@@00001280K5 0000000180012058 f   System.Data.SQLite64.netmodule
 0001:000110f8       ?System.Data.SQLite.SQLiteConnection.Schema_DataSourceInformation@@20001280K5 00000001800120f8 f   System.Data.SQLite64.netmodule
 0001:000113c8       ?System.Data.SQLite.SQLiteConnection.Schema_Columns@@20031280K50O0O0O 00000001800123c8 f   System.Data.SQLite64.netmodule
 0001:00011b28       ?System.Data.SQLite.SQLiteConnection.Schema_Indexes@@20031280K50O0O0O 0000000180012b28 f   System.Data.SQLite64.netmodule
 0001:000123b8       ?System.Data.SQLite.SQLiteConnection.Schema_Triggers@@20031280K50O0O0O 00000001800133b8 f   System.Data.SQLite64.netmodule
 0001:000125b8       ?System.Data.SQLite.SQLiteConnection.Schema_Tables@@20031280K50O0O0O 00000001800135b8 f   System.Data.SQLite64.netmodule
 0001:00012838       ?System.Data.SQLite.SQLiteConnection.Schema_Views@@20021280K50O0O 0000000180013838 f   System.Data.SQLite64.netmodule
 0001:00012ad8       ?System.Data.SQLite.SQLiteConnection.Schema_Catalogs@@20011280K50O 0000000180013ad8 f   System.Data.SQLite64.netmodule
 0001:00012c38       ?System.Data.SQLite.SQLiteConnection.Schema_DataTypes@@20001280K5 0000000180013c38 f   System.Data.SQLite64.netmodule
 0001:00012ee8       ?System.Data.SQLite.SQLiteConnection.Schema_IndexColumns@@20041280K50O0O0O0O 0000000180013ee8 f   System.Data.SQLite64.netmodule
 0001:000135e8       ?System.Data.SQLite.SQLiteConnection.Schema_ViewColumns@@20031280K50O0O0O 00000001800145e8 f   System.Data.SQLite64.netmodule
 0001:00013db8       ?System.Data.SQLite.SQLiteConnection.Schema_ForeignKeys@@20031280K50O0O0O 0000000180014db8 f   System.Data.SQLite64.netmodule
 0001:00014388       ?System.Data.SQLite.SQLiteConnection.add_Update@@200101125M 0000000180015388 f   System.Data.SQLite64.netmodule
 0001:000143d8       ?System.Data.SQLite.SQLiteConnection.remove_Update@@200101125M 00000001800153d8 f   System.Data.SQLite64.netmodule
 0001:00014418       ?System.Data.SQLite.SQLiteConnection.UpdateCallback@@200501180818180K 0000000180015418 f   System.Data.SQLite64.netmodule
 0001:00014448       ?System.Data.SQLite.SQLiteConnection.add_Commit@@2001011258 0000000180015448 f   System.Data.SQLite64.netmodule
 0001:00014498       ?System.Data.SQLite.SQLiteConnection.remove_Commit@@2001011258 0000000180015498 f   System.Data.SQLite64.netmodule
 0001:000144d8       ?System.Data.SQLite.SQLiteConnection.add_Trace@@2001011260 00000001800154d8 f   System.Data.SQLite64.netmodule
 0001:00014528       ?System.Data.SQLite.SQLiteConnection.remove_Trace@@2001011260 0000000180015528 f   System.Data.SQLite64.netmodule
 0001:00014568       ?System.Data.SQLite.SQLiteConnection.TraceCallback@@2002011818 0000000180015568 f   System.Data.SQLite64.netmodule
 0001:00014598       ?System.Data.SQLite.SQLiteConnection.add_RollBack@@2001011280LN 0000000180015598 f   System.Data.SQLite64.netmodule
 0001:000145e8       ?System.Data.SQLite.SQLiteConnection.remove_RollBack@@2001011280LN 00000001800155e8 f   System.Data.SQLite64.netmodule
 0001:00014628       ?System.Data.SQLite.SQLiteConnection.CommitCallback@@20010818 0000000180015628 f   System.Data.SQLite64.netmodule
 0001:00014658       ?System.Data.SQLite.SQLiteConnection.RollbackCallback@@20010118 0000000180015658 f   System.Data.SQLite64.netmodule
 0001:00014678       ?System.Data.SQLite.SQLiteConnection..cctor@@000001 0000000180015678 f   System.Data.SQLite64.netmodule
 0001:00014698       ?System.Data.SQLite.UpdateEventArgs..ctor@@2004010O0O11680K 0000000180015698 f   System.Data.SQLite64.netmodule
 0001:000146c8       ?System.Data.SQLite.CommitEventArgs..ctor@@200001 00000001800156c8 f   System.Data.SQLite64.netmodule
 0001:000146e8       ?System.Data.SQLite.TraceEventArgs..ctor@@2001010O 00000001800156e8 f   System.Data.SQLite64.netmodule
 0001:00014708       ?System.Data.SQLite.SQLiteConnectionPool.GetCounts@@0005010O1015127N020O08100810081008 0000000180015708 f   System.Data.SQLite64.netmodule
 0001:00014828       ?System.Data.SQLite.SQLiteConnectionPool.Remove@@00031281240O081008 0000000180015828 f   System.Data.SQLite64.netmodule
 0001:00014a18       ?System.Data.SQLite.SQLiteConnectionPool.ClearAllPools@@000001 0000000180015a18 f   System.Data.SQLite64.netmodule
 0001:00014b28       ?System.Data.SQLite.SQLiteConnectionPool.ClearPool@@0001010O 0000000180015b28 f   System.Data.SQLite64.netmodule
 0001:00014bc8       ?System.Data.SQLite.SQLiteConnectionPool.Add@@0003010O12812408 0000000180015bc8 f   System.Data.SQLite64.netmodule
 0001:00014c68       ?System.Data.SQLite.SQLiteConnectionPool.ResizePool@@000201127M02 0000000180015c68 f   System.Data.SQLite64.netmodule
 0001:00014cc8       ?System.Data.SQLite.SQLiteConnectionPool..cctor@@000001 0000000180015cc8 f   System.Data.SQLite64.netmodule
 0001:00014cf8       ?System.Data.SQLite.SQLiteConnectionPool.Pool..ctor@@2002010808 0000000180015cf8 f   System.Data.SQLite64.netmodule
 0001:00014d28       ?System.Data.SQLite.SQLiteConnectionStringBuilder..ctor@@200001 0000000180015d28 f   System.Data.SQLite64.netmodule
 0001:00014d48       ?System.Data.SQLite.SQLiteConnectionStringBuilder..ctor@@2001010O 0000000180015d48 f   System.Data.SQLite64.netmodule
 0001:00014d68       ?System.Data.SQLite.SQLiteConnectionStringBuilder.Initialize@@2001010O 0000000180015d68 f   System.Data.SQLite64.netmodule
 0001:00014dd8       ?System.Data.SQLite.SQLiteConnectionStringBuilder.get_Version@@200008 0000000180015dd8 f   System.Data.SQLite64.netmodule
 0001:00014e08       ?System.Data.SQLite.SQLiteConnectionStringBuilder.set_Version@@20010108 0000000180015e08 f   System.Data.SQLite64.netmodule
 0001:00014e38       ?System.Data.SQLite.SQLiteConnectionStringBuilder.get_SyncMode@@20001144 0000000180015e38 f   System.Data.SQLite64.netmodule
 0001:00014e88       ?System.Data.SQLite.SQLiteConnectionStringBuilder.set_SyncMode@@2001011144 0000000180015e88 f   System.Data.SQLite64.netmodule
 0001:00014ea8       ?System.Data.SQLite.SQLiteConnectionStringBuilder.get_UseUTF16Encoding@@200002 0000000180015ea8 f   System.Data.SQLite64.netmodule
 0001:00014ed8       ?System.Data.SQLite.SQLiteConnectionStringBuilder.set_UseUTF16Encoding@@20010102 0000000180015ed8 f   System.Data.SQLite64.netmodule
 0001:00014ef8       ?System.Data.SQLite.SQLiteConnectionStringBuilder.get_Pooling@@200002 0000000180015ef8 f   System.Data.SQLite64.netmodule
 0001:00014f28       ?System.Data.SQLite.SQLiteConnectionStringBuilder.set_Pooling@@20010102 0000000180015f28 f   System.Data.SQLite64.netmodule
 0001:00014f48       ?System.Data.SQLite.SQLiteConnectionStringBuilder.get_BinaryGUID@@200002 0000000180015f48 f   System.Data.SQLite64.netmodule
 0001:00014f78       ?System.Data.SQLite.SQLiteConnectionStringBuilder.set_BinaryGUID@@20010102 0000000180015f78 f   System.Data.SQLite64.netmodule
 0001:00014f98       ?System.Data.SQLite.SQLiteConnectionStringBuilder.get_DataSource@@20000O 0000000180015f98 f   System.Data.SQLite64.netmodule
 0001:00014fc8       ?System.Data.SQLite.SQLiteConnectionStringBuilder.set_DataSource@@2001010O 0000000180015fc8 f   System.Data.SQLite64.netmodule
 0001:00014fe8       ?System.Data.SQLite.SQLiteConnectionStringBuilder.get_Uri@@20000O 0000000180015fe8 f   System.Data.SQLite64.netmodule
 0001:00015018       ?System.Data.SQLite.SQLiteConnectionStringBuilder.set_Uri@@2001010O 0000000180016018 f   System.Data.SQLite64.netmodule
 0001:00015038       ?System.Data.SQLite.SQLiteConnectionStringBuilder.get_FullUri@@20000O 0000000180016038 f   System.Data.SQLite64.netmodule
 0001:00015068       ?System.Data.SQLite.SQLiteConnectionStringBuilder.set_FullUri@@2001010O 0000000180016068 f   System.Data.SQLite64.netmodule
 0001:00015088       ?System.Data.SQLite.SQLiteConnectionStringBuilder.get_DefaultTimeout@@200008 0000000180016088 f   System.Data.SQLite64.netmodule
 0001:000150b8       ?System.Data.SQLite.SQLiteConnectionStringBuilder.set_DefaultTimeout@@20010108 00000001800160b8 f   System.Data.SQLite64.netmodule
 0001:000150d8       ?System.Data.SQLite.SQLiteConnectionStringBuilder.get_Enlist@@200002 00000001800160d8 f   System.Data.SQLite64.netmodule
 0001:00015108       ?System.Data.SQLite.SQLiteConnectionStringBuilder.set_Enlist@@20010102 0000000180016108 f   System.Data.SQLite64.netmodule
 0001:00015128       ?System.Data.SQLite.SQLiteConnectionStringBuilder.get_FailIfMissing@@200002 0000000180016128 f   System.Data.SQLite64.netmodule
 0001:00015158       ?System.Data.SQLite.SQLiteConnectionStringBuilder.set_FailIfMissing@@20010102 0000000180016158 f   System.Data.SQLite64.netmodule
 0001:00015178       ?System.Data.SQLite.SQLiteConnectionStringBuilder.get_LegacyFormat@@200002 0000000180016178 f   System.Data.SQLite64.netmodule
 0001:000151a8       ?System.Data.SQLite.SQLiteConnectionStringBuilder.set_LegacyFormat@@20010102 00000001800161a8 f   System.Data.SQLite64.netmodule
 0001:000151c8       ?System.Data.SQLite.SQLiteConnectionStringBuilder.get_ReadOnly@@200002 00000001800161c8 f   System.Data.SQLite64.netmodule
 0001:000151f8       ?System.Data.SQLite.SQLiteConnectionStringBuilder.set_ReadOnly@@20010102 00000001800161f8 f   System.Data.SQLite64.netmodule
 0001:00015218       ?System.Data.SQLite.SQLiteConnectionStringBuilder.get_Password@@20000O 0000000180016218 f   System.Data.SQLite64.netmodule
 0001:00015248       ?System.Data.SQLite.SQLiteConnectionStringBuilder.set_Password@@2001010O 0000000180016248 f   System.Data.SQLite64.netmodule
[...]
 0001:000c4120       sqlite3Fts3CreateStatTable 00000001800c5120 f    CIL library: CIL module
 0001:000c4170       fts3DestroyMethod          00000001800c5170 f    CIL library: CIL module
 0001:000c4260       sqlite3Init                00000001800c5260 f    CIL library: CIL module
 0001:000c4370       Reinsert                   00000001800c5370 f    CIL library: CIL module
 0001:000c4f40       deleteCell                 00000001800c5f40 f    CIL library: CIL module
 0001:000c5000       SplitNode                  00000001800c6000 f    CIL library: CIL module
 0001:000c55d0       rtreeFilter                00000001800c65d0 f    CIL library: CIL module
 0001:000c5860       rtreeNext                  00000001800c6860 f    CIL library: CIL module
 0001:000c59b0       fts3DoAutoincrmerge        00000001800c69b0 f    CIL library: CIL module
 0001:000c5aa0       fts3TruncateSegment        00000001800c6aa0 f    CIL library: CIL module
 0001:000c5fa0       fts3IncrmergeLoad          00000001800c6fa0 f    CIL library: CIL module
 0001:000c6690       sqlite3Fts3MsrOvfl         00000001800c7690 f    CIL library: CIL module
 0001:000c6820       fts3SegReaderNext          00000001800c7820 f    CIL library: CIL module
 0001:000c6ad0       fts3EvalTokenCosts         00000001800c7ad0 f    CIL library: CIL module
 0001:000c6bf0       fts3SegReaderCursor        00000001800c7bf0 f    CIL library: CIL module
 0001:000c73d0       fts3CreateTables           00000001800c83d0 f    CIL library: CIL module
 0001:000c7990       rtreeInsertCell            00000001800c8990 f    CIL library: CIL module
 0001:000c7ae0       fts3IncrmergeChomp         00000001800c8ae0 f    CIL library: CIL module
 0001:000c7c70       sqlite3Fts3SegReaderStep   00000001800c8c70 f    CIL library: CIL module
 0001:000c84e0       fts3SegReaderStart         00000001800c94e0 f    CIL library: CIL module
 0001:000c8690       fts3auxNextMethod          00000001800c9690 f    CIL library: CIL module
 0001:000c8910       fts3SegReaderCursorAddZero 00000001800c9910 f    CIL library: CIL module
 0001:000c8950       sqlite3Fts3SegReaderCursor 00000001800c9950 f    CIL library: CIL module
 0001:000c89f0       fts3InitVtab               00000001800c99f0 f    CIL library: CIL module
 0001:000c9960       reinsertNodeContent        00000001800ca960 f    CIL library: CIL module
 0001:000c9a30       sqlite3Fts3MsrIncrStart    00000001800caa30 f    CIL library: CIL module
 0001:000c9be0       sqlite3Fts3SegReaderStart  00000001800cabe0 f    CIL library: CIL module
 0001:000c9c00       fts3auxFilterMethod        00000001800cac00 f    CIL library: CIL module
 0001:000c9df0       fts3TermSelect             00000001800cadf0 f    CIL library: CIL module
 0001:000c9f70       fts3TermSegReaderCursor    00000001800caf70 f    CIL library: CIL module
 0001:000ca1e0       fts3CreateMethod           00000001800cb1e0 f    CIL library: CIL module
 0001:000ca220       fts3ConnectMethod          00000001800cb220 f    CIL library: CIL module
 0001:000ca260       rtreeDeleteRowid           00000001800cb260 f    CIL library: CIL module
 0001:000ca530       fts3ChecksumIndex          00000001800cb530 f    CIL library: CIL module
 0001:000ca890       sqlite3Fts3Incrmerge       00000001800cb890 f    CIL library: CIL module
 0001:000cad30       fts3SegmentMerge           00000001800cbd30 f    CIL library: CIL module
 0001:000cafa0       sqlite3Fts3InitAux         00000001800cbfa0 f    CIL library: CIL module
 0001:000cafd0       fts3EvalSelectDeferred     00000001800cbfd0 f    CIL library: CIL module
 0001:000cb330       fts3EvalPhraseLoad         00000001800cc330 f    CIL library: CIL module
 0001:000cb3d0       fts3EvalAllocateReaders    00000001800cc3d0 f    CIL library: CIL module
 0001:000cb4e0       sqlite3Fts3Init            00000001800cc4e0 f    CIL library: CIL module
 0001:000cb6b0       openDatabase               00000001800cc6b0 f    CIL library: CIL module
 0001:000cbc00       rtreeUpdate                00000001800ccc00 f    CIL library: CIL module
 0001:000cc040       fts3IntegrityCheck         00000001800cd040 f    CIL library: CIL module
 0001:000cc990       fts3DoIncrmerge            00000001800cd990 f    CIL library: CIL module
 0001:000ccab0       fts3DoOptimize             00000001800cdab0 f    CIL library: CIL module
 0001:000cccd0       sqlite3Fts3PendingTermsFlush 00000001800cdcd0 f    CIL library: CIL module
 0001:000cce40       fts3PendingTermsDocid      00000001800cde40 f    CIL library: CIL module
 0001:000cceb0       fts3EvalPhraseStart        00000001800cdeb0 f    CIL library: CIL module
 0001:000ccf40       fts3RenameMethod           00000001800cdf40 f    CIL library: CIL module
 0001:000cd060       fts3SyncMethod             00000001800ce060 f    CIL library: CIL module
 0001:000cd2c0       sqlite3Fts3Optimize        00000001800ce2c0 f    CIL library: CIL module
 0001:000cd390       fts3DoIntegrityCheck       00000001800ce390 f    CIL library: CIL module
 0001:000cd3d0       fts3DoRebuild              00000001800ce3d0 f    CIL library: CIL module
 0001:000cd980       fts3DeleteTerms            00000001800ce980 f    CIL library: CIL module
 0001:000cdba0       fts3EvalRestart            00000001800ceba0 f    CIL library: CIL module
 0001:000cdc70       fts3EvalStartReaders       00000001800cec70 f    CIL library: CIL module
 0001:000cdde0       fts3SavepointMethod        00000001800cede0 f    CIL library: CIL module
 0001:000cde00       fts3OptimizeFunc           00000001800cee00 f    CIL library: CIL module
 0001:000ce000       fts3DeleteByRowid          00000001800cf000 f    CIL library: CIL module
 0001:000ce150       fts3SpecialInsert          00000001800cf150 f    CIL library: CIL module
 0001:000ce440       sqlite3Fts3EvalPhrasePoslist 00000001800cf440 f    CIL library: CIL module
 0001:000ce8b0       fts3EvalGatherStats        00000001800cf8b0 f    CIL library: CIL module
 0001:000cec30       fts3EvalStart              00000001800cfc30 f    CIL library: CIL module
 0001:000ceea0       fts3FilterMethod           00000001800cfea0 f    CIL library: CIL module
 0001:000cf120       fts3ExprTermOffsetInit     00000001800d0120 f    CIL library: CIL module
 0001:000cf200       fts3MatchinfoLcs           00000001800d0200 f    CIL library: CIL module
 0001:000cf520       fts3ExprLocalHitsCb        00000001800d0520 f    CIL library: CIL module
 0001:000cf5f0       fts3SnippetFindPositions   00000001800d05f0 f    CIL library: CIL module
 0001:000cf6b0       sqlite3Fts3UpdateMethod    00000001800d06b0 f    CIL library: CIL module
 0001:000cf9b0       sqlite3Fts3EvalPhraseStats 00000001800d09b0 f    CIL library: CIL module
 0001:000cfa80       fts3UpdateMethod           00000001800d0a80 f    CIL library: CIL module
 0001:000cfa90       sqlite3Fts3Offsets         00000001800d0a90 f    CIL library: CIL module
 0001:000d00b0       fts3ExprGlobalHitsCb       00000001800d10b0 f    CIL library: CIL module
 0001:000d00e0       fts3BestSnippet            00000001800d10e0 f    CIL library: CIL module
 0001:000d0420       fts3OffsetsFunc            00000001800d1420 f    CIL library: CIL module
 0001:000d0470       sqlite3Fts3Snippet         00000001800d1470 f    CIL library: CIL module
 0001:000d0c60       fts3MatchinfoValues        00000001800d1c60 f    CIL library: CIL module
 0001:000d1190       fts3SnippetFunc            00000001800d2190 f    CIL library: CIL module
 0001:000d12e0       fts3GetMatchinfo           00000001800d22e0 f    CIL library: CIL module
 0001:000d1520       sqlite3Fts3Matchinfo       00000001800d2520 f    CIL library: CIL module
 0001:000d1830       fts3MatchinfoFunc          00000001800d2830 f    CIL library: CIL module
 0001:000d18a0       fts3FindFunctionMethod     00000001800d28a0 f    CIL library: CIL module
 0001:000d1a18       splitexp                   00000001800d2a18 f   LIBCMT:_tanh_.obj
 0001:000d1e24       tan_piby4                  00000001800d2e24 f   LIBCMT:_tan_.obj
 0001:000d2e00       splitexp                   00000001800d3e00 f   LIBCMT:_cosh_.obj
 0001:000d32e8       splitexp                   00000001800d42e8 f   LIBCMT:_sinh_.obj
 0001:000d41f8       _cftoe2_l                  00000001800d51f8 f   LIBCMT:cvt.obj
 0001:000d4904       _cftof2_l                  00000001800d5904 f   LIBCMT:cvt.obj
 0001:000d4e34       _exception_enabled         00000001800d5e34 f   LIBCMT:_libm_error_.obj
 0001:000d5520       _log_special_common        00000001800d6520 f   LIBCMT:_log_special_.obj
 0001:000d8220       _CRT_INIT$fin$0            00000001800d9220 f   LIBCMT:dllcrt0.obj
 0001:000d8246       __DllMainCRTStartup$filt$0 00000001800d9246 f   LIBCMT:dllcrt0.obj
 0001:000d8264       _tzset_nolock$fin$0        00000001800d9264 f   LIBCMT:tzset.obj
 0001:000d827f       __tzset$fin$0              00000001800d927f f   LIBCMT:tzset.obj
 0001:000d827f       _isindst$fin$0             00000001800d927f f   LIBCMT:tzset.obj
 0001:000d829a       _freefls$fin$1             00000001800d929a f   LIBCMT:tidtable.obj
 0001:000d829a       _initptd$fin$1             00000001800d929a f   LIBCMT:tidtable.obj
 0001:000d82ba       _initptd$fin$0             00000001800d92ba f   LIBCMT:tidtable.obj
 0001:000d82ba       _freefls$fin$0             00000001800d92ba f   LIBCMT:tidtable.obj
 0001:000d82d5       _setmbcp$fin$0             00000001800d92d5 f   LIBCMT:mbctype.obj
 0001:000d82d5       __updatetmbcinfo$fin$0     00000001800d92d5 f   LIBCMT:mbctype.obj
 0001:000d82f0       __updatetlocinfo$fin$0     00000001800d92f0 f   LIBCMT:localref.obj
 0001:000d830b       doexit$fin$0               00000001800d930b f   LIBCMT:crt0dat.obj
 0001:000d832f       _mtinitlocknum$fin$0       00000001800d932f f   LIBCMT:mlock.obj
 0001:000d8350       _IsNonwritableInCurrentImage$filt$0 00000001800d9350 f   LIBCMT:pesect.obj
 0001:000d8372       _fcloseall$fin$0           00000001800d9372 f   LIBCMT:closeall.obj
 0001:000d838d       flsall$fin$0               00000001800d938d f   LIBCMT:fflush.obj
 0001:000d83bd       flsall$fin$1               00000001800d93bd f   LIBCMT:fflush.obj
 0001:000d83d8       raise$fin$0                00000001800d93d8 f   LIBCMT:winsig.obj
 0001:000d83f6       _onexit$fin$0              00000001800d93f6 f   LIBCMT:onexit.obj
 0001:000d840c       fclose$fin$0               00000001800d940c f   LIBCMT:fclose.obj
 0001:000d8426       _write$fin$0               00000001800d9426 f   LIBCMT:write.obj
 0001:000d843f       _close$fin$0               00000001800d943f f   LIBCMT:close.obj
 0001:000d843f       _commit$fin$0              00000001800d943f f   LIBCMT:close.obj
 0001:000d8458       __lock_fhandle$fin$0       00000001800d9458 f   LIBCMT:osfinfo.obj
 0001:000d8473       _ctrlfp$filt$0             00000001800d9473 f   LIBCMT:_fpctrl_.obj

 Exports

  ordinal    name

        1    sqlite3_activate_see
        2    sqlite3_aggregate_context
        3    sqlite3_aggregate_count
        4    sqlite3_auto_extension
        5    sqlite3_backup_finish
        6    sqlite3_backup_finish_interop
        7    sqlite3_backup_init
        8    sqlite3_backup_pagecount
        9    sqlite3_backup_remaining
       10    sqlite3_backup_step
       11    sqlite3_bind_blob
       12    sqlite3_bind_double
       13    sqlite3_bind_double_interop
       14    sqlite3_bind_int
       15    sqlite3_bind_int64
       16    sqlite3_bind_int64_interop
       17    sqlite3_bind_null
       18    sqlite3_bind_parameter_count
       19    sqlite3_bind_parameter_index
       20    sqlite3_bind_parameter_name
       21    sqlite3_bind_parameter_name_interop
       22    sqlite3_bind_text
       23    sqlite3_bind_text16
       24    sqlite3_bind_value
       25    sqlite3_bind_zeroblob
       26    sqlite3_blob_bytes
       27    sqlite3_blob_close
       28    sqlite3_blob_open
       29    sqlite3_blob_read
       30    sqlite3_blob_reopen
       31    sqlite3_blob_write
       32    sqlite3_busy_handler
       33    sqlite3_busy_timeout
       34    sqlite3_changes
       35    sqlite3_changes_interop
       36    sqlite3_clear_bindings
       37    sqlite3_close
       38    sqlite3_close_interop
       39    sqlite3_close_v2
       40    sqlite3_collation_needed
       41    sqlite3_collation_needed16
       42    sqlite3_column_blob
       43    sqlite3_column_bytes
       44    sqlite3_column_bytes16
       45    sqlite3_column_count
       46    sqlite3_column_database_name
       47    sqlite3_column_database_name16
       48    sqlite3_column_database_name16_interop
       49    sqlite3_column_database_name_interop
       50    sqlite3_column_decltype
       51    sqlite3_column_decltype16
       52    sqlite3_column_decltype16_interop
       53    sqlite3_column_decltype_interop
       54    sqlite3_column_double
       55    sqlite3_column_double_interop
       56    sqlite3_column_int
       57    sqlite3_column_int64
       58    sqlite3_column_int64_interop
       59    sqlite3_column_name
       60    sqlite3_column_name16
       61    sqlite3_column_name16_interop
       62    sqlite3_column_name_interop
       63    sqlite3_column_origin_name
       64    sqlite3_column_origin_name16
       65    sqlite3_column_origin_name16_interop
       66    sqlite3_column_origin_name_interop
       67    sqlite3_column_table_name
       68    sqlite3_column_table_name16
       69    sqlite3_column_table_name16_interop
       70    sqlite3_column_table_name_interop
       71    sqlite3_column_text
       72    sqlite3_column_text16
       73    sqlite3_column_text16_interop
       74    sqlite3_column_text_interop
       75    sqlite3_column_type
       76    sqlite3_column_value
       77    sqlite3_commit_hook
       78    sqlite3_compileoption_get
       79    sqlite3_compileoption_used
       80    sqlite3_complete
       81    sqlite3_complete16
       82    sqlite3_config
       83    sqlite3_context_collcompare_interop
       84    sqlite3_context_collseq_interop
       85    sqlite3_context_db_handle
       86    sqlite3_create_collation
       87    sqlite3_create_collation16
       88    sqlite3_create_collation_v2
       89    sqlite3_create_function
       90    sqlite3_create_function16
       91    sqlite3_create_function_interop
       92    sqlite3_create_function_v2
       93    sqlite3_create_module
       94    sqlite3_create_module_v2
       95    sqlite3_cursor_rowid_interop
       96    sqlite3_data_count
       97    sqlite3_data_directory
       98    sqlite3_db_config
       99    sqlite3_db_filename
      100    sqlite3_db_handle
      101    sqlite3_db_mutex
      102    sqlite3_db_readonly
      103    sqlite3_db_release_memory
      104    sqlite3_db_status
      105    sqlite3_declare_vtab
      106    sqlite3_enable_load_extension
      107    sqlite3_enable_shared_cache
      108    sqlite3_errcode
      109    sqlite3_errmsg
      110    sqlite3_errmsg16
      111    sqlite3_errmsg_interop
      112    sqlite3_errstr
      113    sqlite3_exec
      114    sqlite3_expired
      115    sqlite3_extended_errcode
      116    sqlite3_extended_result_codes
      117    sqlite3_file_control
      118    sqlite3_finalize
      119    sqlite3_finalize_interop
      120    sqlite3_free
      121    sqlite3_free_table
      122    sqlite3_get_autocommit
      123    sqlite3_get_auxdata
      124    sqlite3_get_table
      125    sqlite3_global_recover
      126    sqlite3_index_column_info_interop
      127    sqlite3_initialize
      128    sqlite3_interrupt
      129    sqlite3_key
      130    sqlite3_last_insert_rowid
      131    sqlite3_last_insert_rowid_interop
      132    sqlite3_libversion
      133    sqlite3_libversion_number
      134    sqlite3_limit
      135    sqlite3_load_extension
      136    sqlite3_log
      137    sqlite3_malloc
      138    sqlite3_memory_alarm
      139    sqlite3_memory_highwater
      140    sqlite3_memory_highwater_interop
      141    sqlite3_memory_used
      142    sqlite3_memory_used_interop
      143    sqlite3_mprintf
      144    sqlite3_mutex_alloc
      145    sqlite3_mutex_enter
      146    sqlite3_mutex_free
      147    sqlite3_mutex_leave
      148    sqlite3_mutex_try
      149    sqlite3_next_stmt
      150    sqlite3_open
      151    sqlite3_open16
      152    sqlite3_open16_interop
      153    sqlite3_open_interop
      154    sqlite3_open_v2
      155    sqlite3_os_end
      156    sqlite3_os_init
      157    sqlite3_overload_function
      158    sqlite3_prepare
      159    sqlite3_prepare16
      160    sqlite3_prepare16_interop
      161    sqlite3_prepare16_v2
      162    sqlite3_prepare_interop
      163    sqlite3_prepare_v2
      164    sqlite3_profile
      165    sqlite3_progress_handler
      166    sqlite3_randomness
      167    sqlite3_realloc
      168    sqlite3_rekey
      169    sqlite3_release_memory
      170    sqlite3_reset
      171    sqlite3_reset_auto_extension
      172    sqlite3_reset_interop
      173    sqlite3_result_blob
      174    sqlite3_result_double
      175    sqlite3_result_double_interop
      176    sqlite3_result_error
      177    sqlite3_result_error16
      178    sqlite3_result_error_code
      179    sqlite3_result_error_nomem
      180    sqlite3_result_error_toobig
      181    sqlite3_result_int
      182    sqlite3_result_int64
      183    sqlite3_result_int64_interop
      184    sqlite3_result_null
      185    sqlite3_result_text
      186    sqlite3_result_text16
      187    sqlite3_result_text16be
      188    sqlite3_result_text16le
      189    sqlite3_result_value
      190    sqlite3_result_zeroblob
      191    sqlite3_rollback_hook
      192    sqlite3_rtree_geometry_callback
      193    sqlite3_set_authorizer
      194    sqlite3_set_auxdata
      195    sqlite3_shutdown
      196    sqlite3_sleep
      197    sqlite3_snprintf
      198    sqlite3_soft_heap_limit
      199    sqlite3_soft_heap_limit64
      200    sqlite3_sourceid
      201    sqlite3_sql
      202    sqlite3_status
      203    sqlite3_step
      204    sqlite3_stmt_busy
      205    sqlite3_stmt_readonly
      206    sqlite3_stmt_status
      207    sqlite3_stricmp
      208    sqlite3_strnicmp
      209    sqlite3_table_column_metadata
      210    sqlite3_table_column_metadata_interop
      211    sqlite3_table_cursor_interop
      212    sqlite3_temp_directory
      213    sqlite3_test_control
      214    sqlite3_thread_cleanup
      215    sqlite3_threadsafe
      216    sqlite3_total_changes
      217    sqlite3_trace
      218    sqlite3_transfer_bindings
      219    sqlite3_update_hook
      220    sqlite3_uri_boolean
      221    sqlite3_uri_int64
      222    sqlite3_uri_parameter
      223    sqlite3_user_data
      224    sqlite3_value_blob
      225    sqlite3_value_bytes
      226    sqlite3_value_bytes16
      227    sqlite3_value_double
      228    sqlite3_value_double_interop
      229    sqlite3_value_int
      230    sqlite3_value_int64
      231    sqlite3_value_int64_interop
      232    sqlite3_value_numeric_type
      233    sqlite3_value_text
      234    sqlite3_value_text16
      235    sqlite3_value_text16_interop
      236    sqlite3_value_text16be
      237    sqlite3_value_text16le
      238    sqlite3_value_text_interop
      239    sqlite3_value_type
      240    sqlite3_version
      241    sqlite3_vfs_find
      242    sqlite3_vfs_register
      243    sqlite3_vfs_unregister
      244    sqlite3_vmprintf
      245    sqlite3_vsnprintf
      246    sqlite3_vtab_config
      247    sqlite3_vtab_on_conflict
      248    sqlite3_wal_autocheckpoint
      249    sqlite3_wal_checkpoint
      250    sqlite3_wal_checkpoint_v2
      251    sqlite3_wal_hook
      252    sqlite3_win32_mbcs_to_utf8
      253    sqlite3_win32_set_directory
      254    sqlite3_win32_sleep
      255    sqlite3_win32_utf8_to_mbcs
      256    sqlite3_win32_write_debug
