 System.Data.SQLite32

 Timestamp is 5144bffa (Sat Mar 16 14:54:50 2013)

 Preferred load address is 10000000

 Start         Length     Name                   Class
 0001:00000000 000b62e6H .text                   CODE
 0002:00000000 000001e4H .idata$5                DATA
 0002:000001e4 00000004H .CRT$XCA                DATA
 0002:000001e8 00000004H .CRT$XCZ                DATA
 0002:000001ec 00000004H .CRT$XIA                DATA
 0002:000001f0 00000014H .CRT$XIC                DATA
 0002:00000204 00000004H .CRT$XIZ                DATA
 0002:00000208 00000004H .CRT$XPA                DATA
 0002:0000020c 00000004H .CRT$XPX                DATA
 0002:00000210 00000004H .CRT$XPXA               DATA
 0002:00000214 00000004H .CRT$XPZ                DATA
 0002:00000218 00000004H .CRT$XTA                DATA
 0002:0000021c 00000004H .CRT$XTZ                DATA
 0002:00000220 00038ba8H .rdata                  DATA
 0002:00038dc8 0000008eH .rdata$debug            DATA
 0002:00038e60 0000000cH .rdata$sxdata           DATA
 0002:00038e6c 00000004H .rtc$IAA                DATA
 0002:00038e70 00000004H .rtc$IZZ                DATA
 0002:00038e74 00000004H .rtc$TAA                DATA
 0002:00038e78 00000004H .rtc$TZZ                DATA
 0002:00038e80 00000314H .xdata$x                DATA
 0002:00039194 0000003cH .idata$2                DATA
 0002:000391d0 00000014H .idata$3                DATA
 0002:000391e4 000001e4H .idata$4                DATA
 0002:000393c8 00000898H .idata$6                DATA
 0002:00039c60 0000215bH .edata                  DATA
 0003:00000000 00002380H .data                   DATA
 0003:00002380 000032e4H .bss                    DATA
 0004:00000000 00000058H .rsrc$01                DATA
 0004:00000060 00000528H .rsrc$02                DATA

  Address         Publics by Value              Rva+Base       Lib:Object

 0000:00000000       __except_list              00000000     <absolute>
 0000:00000003       ___safe_se_handler_count   00000003     <absolute>
 0000:00000000       ___ImageBase               10000000     <linker-defined>
 0001:00000000       _GetFullPathNameW@16       10001000 f   kernel32:KERNEL32.dll
 0001:00000006       _GetFullPathNameA@16       10001006 f   kernel32:KERNEL32.dll
 0001:0000000c       _HeapReAlloc@16            1000100c f   kernel32:KERNEL32.dll
 0001:00000012       _CreateFileA@28            10001012 f   kernel32:KERNEL32.dll
 0001:00000018       _GetFileSize@8             10001018 f   kernel32:KERNEL32.dll
 0001:0000001e       _CreateMutexW@12           1000101e f   kernel32:KERNEL32.dll
 0001:00000024       _SetFilePointer@16         10001024 f   kernel32:KERNEL32.dll
 0001:0000002a       _MapViewOfFile@20          1000102a f   kernel32:KERNEL32.dll
 0001:00000030       _UnmapViewOfFile@4         10001030 f   kernel32:KERNEL32.dll
 0001:00000036       _SetEndOfFile@4            10001036 f   kernel32:KERNEL32.dll
 0001:0000003c       _FreeLibrary@4             1000103c f   kernel32:KERNEL32.dll
 0001:00000042       _HeapAlloc@12              10001042 f   kernel32:KERNEL32.dll
 0001:00000048       _SystemTimeToFileTime@8    10001048 f   kernel32:KERNEL32.dll
 0001:0000004e       _QueryPerformanceCounter@4 1000104e f   kernel32:KERNEL32.dll
 0001:00000054       _HeapFree@12               10001054 f   kernel32:KERNEL32.dll
 0001:0000005a       _WaitForSingleObject@8     1000105a f   kernel32:KERNEL32.dll
 0001:00000060       _UnlockFile@20             10001060 f   kernel32:KERNEL32.dll
 0001:00000066       _LockFile@20               10001066 f   kernel32:KERNEL32.dll
 0001:0000006c       _OutputDebugStringW@4      1000106c f   kernel32:KERNEL32.dll
 0001:00000072       _GetTickCount@0            10001072 f   kernel32:KERNEL32.dll
 0001:00000078       _UnlockFileEx@20           10001078 f   kernel32:KERNEL32.dll
 0001:0000007e       _GetProcessHeap@0          1000107e f   kernel32:KERNEL32.dll
 0001:00000084       _GetSystemTimeAsFileTime@4 10001084 f   kernel32:KERNEL32.dll
 0001:0000008a       _FormatMessageA@28         1000108a f   kernel32:KERNEL32.dll
 0001:00000090       _WriteFile@20              10001090 f   kernel32:KERNEL32.dll
 0001:00000096       _WideCharToMultiByte@32    10001096 f   kernel32:KERNEL32.dll
 0001:0000009c       _LoadLibraryW@4            1000109c f   kernel32:KERNEL32.dll
 0001:000000a2       _Sleep@4                   100010a2 f   kernel32:KERNEL32.dll
 0001:000000a8       _FormatMessageW@28         100010a8 f   kernel32:KERNEL32.dll
 0001:000000ae       _HeapDestroy@4             100010ae f   kernel32:KERNEL32.dll
 0001:000000b4       _GetFileAttributesA@4      100010b4 f   kernel32:KERNEL32.dll
 0001:000000ba       _HeapCreate@12             100010ba f   kernel32:KERNEL32.dll
 0001:000000c0       _HeapValidate@12           100010c0 f   kernel32:KERNEL32.dll
 0001:000000c6       _GetFileAttributesW@4      100010c6 f   kernel32:KERNEL32.dll
 0001:000000cc       _ReadFile@20               100010cc f   kernel32:KERNEL32.dll
 0001:000000d2       _CreateFileW@28            100010d2 f   kernel32:KERNEL32.dll
 0001:000000d8       _MultiByteToWideChar@24    100010d8 f   kernel32:KERNEL32.dll
 0001:000000de       _FlushFileBuffers@4        100010de f   kernel32:KERNEL32.dll
 0001:000000e4       _GetTempPathW@8            100010e4 f   kernel32:KERNEL32.dll
 0001:000000ea       _GetLastError@0            100010ea f   kernel32:KERNEL32.dll
 0001:000000f0       _GetProcAddress@8          100010f0 f   kernel32:KERNEL32.dll
 0001:000000f6       _HeapSize@12               100010f6 f   kernel32:KERNEL32.dll
 0001:000000fc       _LockFileEx@24             100010fc f   kernel32:KERNEL32.dll
 0001:00000102       _GetDiskFreeSpaceW@20      10001102 f   kernel32:KERNEL32.dll
 0001:00000108       _LoadLibraryA@4            10001108 f   kernel32:KERNEL32.dll
 0001:0000010e       _CreateFileMappingA@24     1000110e f   kernel32:KERNEL32.dll
 0001:00000114       _CreateFileMappingW@24     10001114 f   kernel32:KERNEL32.dll
 0001:0000011a       _GetDiskFreeSpaceA@20      1000111a f   kernel32:KERNEL32.dll
 0001:00000120       _GetSystemInfo@4           10001120 f   kernel32:KERNEL32.dll
 0001:00000126       _GetFileAttributesExW@12   10001126 f   kernel32:KERNEL32.dll
 0001:0000012c       _OutputDebugStringA@4      1000112c f   kernel32:KERNEL32.dll
 0001:00000132       _GetVersionExA@4           10001132 f   kernel32:KERNEL32.dll
 0001:00000138       _CloseHandle@4             10001138 f   kernel32:KERNEL32.dll
 0001:0000013e       _DeleteFileW@4             1000113e f   kernel32:KERNEL32.dll
 0001:00000144       _GetCurrentProcessId@0     10001144 f   kernel32:KERNEL32.dll
 0001:0000014a       _GetTempPathA@8            1000114a f   kernel32:KERNEL32.dll
 0001:00000150       _LocalFree@4               10001150 f   kernel32:KERNEL32.dll
 0001:00000156       _GetSystemTime@4           10001156 f   kernel32:KERNEL32.dll
 0001:0000015c       _AreFileApisANSI@0         1000115c f   kernel32:KERNEL32.dll
 0001:00000162       _DeleteFileA@4             10001162 f   kernel32:KERNEL32.dll
 0001:00000168       @__security_check_cookie@4 10001168 f   LIBCMT:secchk.obj
 0001:00000180       _memmove                   10001180 f   LIBCMT:memmove.obj
 0001:000004e1       _strncmp                   100014e1 f   LIBCMT:strncmp.obj
 0001:000005b0       _ceil                      100015b0 f   LIBCMT:_ceil_pentium4_.obj
 0001:000005f0       __ceil_pentium4            100015f0 f   LIBCMT:_ceil_pentium4_.obj
 0001:000006cd       _free                      100016cd f   LIBCMT:free.obj
 0001:00000707       _calloc                    10001707 f   LIBCMT:calloc.obj
 0001:000007e0       _qsort                     100017e0 f   LIBCMT:qsort.obj
 0001:00000a6b       __localtime64_s            10001a6b f   LIBCMT:loctim64.obj
 0001:00000cf3       __get_sys_err_msg          10001cf3 f i LIBCMT:strerror.obj
 0001:00000d1b       _strerror                  10001d1b f   LIBCMT:strerror.obj
 0001:00000d85       __get_errno_from_oserr     10001d85 f   LIBCMT:dosmap.obj
 0001:00000dc7       __errno                    10001dc7 f   LIBCMT:dosmap.obj
 0001:00000dda       ___doserrno                10001dda f   LIBCMT:dosmap.obj
 0001:00000ded       __dosmaperr                10001ded f   LIBCMT:dosmap.obj
 0001:00000e10       ??0_LocaleUpdate@@QAE@PAUlocaleinfo_struct@@@Z 10001e10 f i LIBCMT:tolower.obj
 0001:00000e97       __tolower_l                10001e97 f   LIBCMT:tolower.obj
 0001:00000fac       _tolower                   10001fac f   LIBCMT:tolower.obj
 0001:00000fe0       _strncpy                   10001fe0 f   LIBCMT:strncpy.obj
 0001:00001104       __isalpha_l                10002104 f i LIBCMT:_ctype.obj
 0001:0000115a       _isalpha                   1000215a f i LIBCMT:_ctype.obj
 0001:0000118a       __isdigit_l                1000218a f i LIBCMT:_ctype.obj
 0001:000011db       _isdigit                   100021db f i LIBCMT:_ctype.obj
 0001:00001209       __toupper_l                10002209 f   LIBCMT:toupper.obj
 0001:0000131f       _toupper                   1000231f f   LIBCMT:toupper.obj
 0001:0000134b       __CRT_INIT@12              1000234b f   LIBCMT:dllcrt0.obj
 0001:000015a5       __DllMainCRTStartup@12     100025a5 f   LIBCMT:dllcrt0.obj
 0001:000015c8       ___report_gsfailure        100025c8 f   LIBCMT:gs_report.obj
 0001:000016ce       __VEC_memcpy               100026ce f   LIBCMT:p4_memcpy.obj
 0001:000017d1       ___sse2_available_init     100027d1 f   LIBCMT:cpu_disp.obj
 0001:000017e1       ___libm_error_support      100027e1 f   LIBCMT:_libm_error_.obj
 0001:00001aad       __sse2_mathfcns_init       10002aad f   LIBCMT:_mathfcns_.obj
 0001:00001abd       __ceil_default             10002abd f   LIBCMT:_ceil_.obj
 0001:00001b95       __heap_init                10002b95 f   LIBCMT:heapinit.obj
 0001:00001bb3       __heap_term                10002bb3 f   LIBCMT:heapinit.obj
 0001:00001bc7       __calloc_impl              10002bc7 f   LIBCMT:calloc_impl.obj
 0001:00001c49       __initp_misc_invarg        10002c49 f   LIBCMT:invarg.obj
 0001:00001c58       __call_reportfault         10002c58 f   LIBCMT:invarg.obj
 0001:00001d81       __invoke_watson            10002d81 f   LIBCMT:invarg.obj
 0001:00001da6       __invalid_parameter        10002da6 f   LIBCMT:invarg.obj
 0001:00001dd3       __invalid_parameter_noinfo 10002dd3 f   LIBCMT:invarg.obj
 0001:000024c4       ___tzset                   100034c4 f   LIBCMT:tzset.obj
 0001:00002513       __isindst                  10003513 f   LIBCMT:tzset.obj
 0001:00002554       __gmtime64_s               10003554 f   LIBCMT:gmtime64.obj
 0001:0000278d       __get_daylight             1000378d f   LIBCMT:timeset.obj
 0001:000027ba       __get_dstbias              100037ba f   LIBCMT:timeset.obj
 0001:000027e7       __get_timezone             100037e7 f   LIBCMT:timeset.obj
 0001:00002814       ___daylight                10003814 f   LIBCMT:timeset.obj
 0001:0000281a       ___dstbias                 1000381a f   LIBCMT:timeset.obj
 0001:00002820       ___timezone                10003820 f   LIBCMT:timeset.obj
 0001:00002826       ___tzname                  10003826 f   LIBCMT:timeset.obj
 0001:00002830       _memset                    10003830 f   LIBCMT:memset.obj
 0001:000028b0       __alldiv                   100038b0 f   LIBCMT:lldiv.obj
 0001:00002960       __allrem                   10003960 f   LIBCMT:llrem.obj
 0001:00002a12       ___sys_nerr                10003a12 f   LIBCMT:syserr.obj
 0001:00002a18       ___sys_errlist             10003a18 f   LIBCMT:syserr.obj
 0001:00002a1e       _strcpy_s                  10003a1e f   LIBCMT:strcpy_s.obj
 0001:00002a7d       __malloc_crt               10003a7d f   LIBCMT:crtheap.obj
 0001:00002ac2       __calloc_crt               10003ac2 f   LIBCMT:crtheap.obj
 0001:00002b0e       __realloc_crt              10003b0e f   LIBCMT:crtheap.obj
 0001:00002b5c       __recalloc_crt             10003b5c f   LIBCMT:crtheap.obj
 0001:00002bae       __encoded_null             10003bae f   LIBCMT:tidtable.obj
 0001:00002bb7       ___crtTlsAlloc@4           10003bb7 f   LIBCMT:tidtable.obj
 0001:00002bc0       ___set_flsgetvalue         10003bc0 f   LIBCMT:tidtable.obj
 0001:00002bf4       __mtterm                   10003bf4 f   LIBCMT:tidtable.obj
 0001:00002c31       __initptd                  10003c31 f   LIBCMT:tidtable.obj
 0001:00002ce5       __getptd_noexit            10003ce5 f   LIBCMT:tidtable.obj
 0001:00002d5e       __getptd                   10003d5e f   LIBCMT:tidtable.obj
 0001:00002d78       __freefls@4                10003d78 f   LIBCMT:tidtable.obj
 0001:00002ea7       __freeptd                  10003ea7 f   LIBCMT:tidtable.obj
 0001:00002f18       __mtinit                   10003f18 f   LIBCMT:tidtable.obj
 0001:00003093       _strncpy_s                 10004093 f   LIBCMT:strncpy_s.obj
 0001:0000336b       ___updatetmbcinfo          1000436b f   LIBCMT:mbctype.obj
 0001:0000348b       __setmbcp_nolock           1000448b f   LIBCMT:mbctype.obj
 0001:00003674       __setmbcp                  10004674 f   LIBCMT:mbctype.obj
 0001:0000380e       ___initmbctable            1000480e f   LIBCMT:mbctype.obj
 0001:0000382c       ___addlocaleref            1000482c f   LIBCMT:localref.obj
 0001:000038bb       ___removelocaleref         100048bb f   LIBCMT:localref.obj
 0001:00003954       ___freetlocinfo            10004954 f   LIBCMT:localref.obj
 0001:00003a9f       __updatetlocinfoEx_nolock  10004a9f f   LIBCMT:localref.obj
 0001:00003aec       ___updatetlocinfo          10004aec f   LIBCMT:localref.obj
 0001:00003b65       __freea                    10004b65 f i LIBCMT:a_map.obj
 0001:00003d6c       ___crtLCMapStringA         10004d6c f   LIBCMT:a_map.obj
 0001:00003db2       __isleadbyte_l             10004db2 f i LIBCMT:_wctype.obj
 0001:00003dea       _isleadbyte                10004dea f i LIBCMT:_wctype.obj
 0001:00003dfd       __isctype_l                10004dfd f   LIBCMT:isctype.obj
 0001:00003eb5       ___initstdio               10004eb5 f   LIBCMT:_file.obj
 0001:00003f66       ___endstdio                10004f66 f   LIBCMT:_file.obj
 0001:00003f86       __lock_file                10004f86 f   LIBCMT:_file.obj
 0001:00003fc7       __lock_file2               10004fc7 f   LIBCMT:_file.obj
 0001:00003ff9       __unlock_file              10004ff9 f   LIBCMT:_file.obj
 0001:00004035       __unlock_file2             10005035 f   LIBCMT:_file.obj
 0001:00004070       __SEH_prolog4              10005070 f   LIBCMT:sehprolg4.obj
 0001:000040b5       __SEH_epilog4              100050b5 f   LIBCMT:sehprolg4.obj
 0001:000040d0       __except_handler4          100050d0 f   LIBCMT:chandler4.obj
 0001:0000425f       ___crtCorExitProcess       1000525f f   LIBCMT:crt0dat.obj
 0001:0000428a       ___crtExitProcess          1000528a f   LIBCMT:crt0dat.obj
 0001:000042a2       __lockexit                 100052a2 f   LIBCMT:crt0dat.obj
 0001:000042ab       __unlockexit               100052ab f   LIBCMT:crt0dat.obj
 0001:000042b4       __init_pointers            100052b4 f   LIBCMT:crt0dat.obj
 0001:000042e7       __initterm_e               100052e7 f   LIBCMT:crt0dat.obj
 0001:0000430b       __cinit                    1000530b f   LIBCMT:crt0dat.obj
 0001:000044e2       __exit                     100054e2 f   LIBCMT:crt0dat.obj
 0001:000044f8       __cexit                    100054f8 f   LIBCMT:crt0dat.obj
 0001:00004507       __amsg_exit                10005507 f   LIBCMT:crt0dat.obj
 0001:00004525       __ioinit                   10005525 f   LIBCMT:ioinit.obj
 0001:0000476a       __ioterm                   1000576a f   LIBCMT:ioinit.obj
 0001:000047bd       __setenvp                  100057bd f   LIBCMT:stdenvp.obj
 0001:00004a33       __setargv                  10005a33 f   LIBCMT:stdargv.obj
 0001:00004aee       ___crtGetEnvironmentStringsA 10005aee f   LIBCMT:a_env.obj
 0001:00004b85       __RTC_Initialize           10005b85 f   LIBCMT:_initsect_.obj
 0001:00004bab       __RTC_Terminate            10005bab f   LIBCMT:_initsect_.obj
 0001:00004bd1       __XcptFilter               10005bd1 f   LIBCMT:winxfltr.obj
 0001:00004d1b       ___CppXcptFilter           10005d1b f   LIBCMT:winxfltr.obj
 0001:00004d3b       _DllMain@12                10005d3b f   LIBCMT:dllmain.obj
 0001:00004d41       ___security_init_cookie    10005d41 f   LIBCMT:gs_support.obj
 0001:00004ddc       __crt_debugger_hook        10005ddc f   LIBCMT:dbghook.obj
 0001:00004de4       __matherr                  10005de4 f   LIBCMT:_matherr_.obj
 0001:00004de7       __cfltcvt_init             10005de7 f   LIBCMT:_fpinit_.obj
 0001:00004e47       __fpmath                   10005e47 f   LIBCMT:_fpinit_.obj
 0001:00004e60       __raise_exc_ex             10005e60 f   LIBCMT:_fpexcept_.obj
 0001:0000513c       __raise_exc                1000613c f   LIBCMT:_fpexcept_.obj
 0001:0000515f       __handle_exc               1000615f f   LIBCMT:_fpexcept_.obj
 0001:00005343       __set_errno_from_matherr   10006343 f   LIBCMT:_fpexcept_.obj
 0001:00005370       __errcode                  10006370 f   LIBCMT:_fpexcept_.obj
 0001:000053a4       __umatherr                 100063a4 f   LIBCMT:_fpexcept_.obj
 0001:00005444       __handle_qnan1             10006444 f   LIBCMT:_fpexcept_.obj
 0001:00005499       __except1                  10006499 f   LIBCMT:_fpexcept_.obj
 0001:00005563       __frnd                     10006563 f   LIBCMT:_frnd_.obj
 0001:00005577       __set_exp                  10006577 f   LIBCMT:_util_.obj
 0001:000055a4       __sptype                   100065a4 f   LIBCMT:_util_.obj
 0001:0000560a       __decomp                   1000660a f   LIBCMT:_util_.obj
 0001:000056cd       __statfp                   100066cd f   LIBCMT:_fpctrl_.obj
 0001:000056dd       __clrfp                    100066dd f   LIBCMT:_fpctrl_.obj
 0001:000056ee       __ctrlfp                   100066ee f   LIBCMT:_fpctrl_.obj
 0001:00005719       __set_statfp               10006719 f   LIBCMT:_fpctrl_.obj
 0001:00005771       ___set_fpsr_sse2           10006771 f   LIBCMT:_fpctrl_.obj
 0001:000057e3       __initp_heap_handler       100067e3 f   LIBCMT:handler.obj
 0001:000057f2       __callnewh                 100067f2 f   LIBCMT:handler.obj
 0001:0000581a       __mtinitlocks              1000681a f   LIBCMT:mlock.obj
 0001:00005864       __mtdeletelocks            10006864 f   LIBCMT:mlock.obj
 0001:000058bb       __unlock                   100068bb f   LIBCMT:mlock.obj
 0001:000058d2       __mtinitlocknum            100068d2 f   LIBCMT:mlock.obj
 0001:00005994       __lock                     10006994 f   LIBCMT:mlock.obj
 0001:000059c7       _atol                      100069c7 f   LIBCMT:atox.obj
 0001:000059e0       _strlen                    100069e0 f   LIBCMT:strlen.obj
 0001:00005a70       _strcmp                    10006a70 f   LIBCMT:strcmp.obj
 0001:00005af8       __getenv_helper_nolock     10006af8 f   LIBCMT:getenv.obj
 0001:00005b7f       ____lc_codepage_func       10006b7f f   LIBCMT:initctyp.obj
 0001:00005bb0       __allmul                   10006bb0 f   LIBCMT:llmul.obj
 0001:00005be4       __VEC_memzero              10006be4 f   LIBCMT:p4_memset.obj
 0001:00005c9e       _malloc                    10006c9e f   LIBCMT:malloc.obj
 0001:00005d32       _realloc                   10006d32 f   LIBCMT:realloc.obj
 0001:00005ddf       __recalloc                 10006ddf f   LIBCMT:recalloc.obj
 0001:00005f34       ___crtGetStringTypeA       10006f34 f   LIBCMT:a_str.obj
 0001:00005f74       ___free_lc_time            10006f74 f   LIBCMT:inittime.obj
 0001:000062eb       ___free_lconv_num          100072eb f   LIBCMT:initnum.obj
 0001:00006354       ___free_lconv_mon          10007354 f   LIBCMT:initmon.obj
 0001:00006460       __alloca_probe_16          10007460 f   LIBCMT:alloca16.obj
 0001:00006476       __alloca_probe_8           10007476     LIBCMT:alloca16.obj
 0001:00006490       _strcspn                   10007490 f   LIBCMT:strcspn.obj
 0001:000064e0       _memcpy                    100074e0 f   LIBCMT:memcpy.obj
 0001:00006850       _strpbrk                   10007850 f   LIBCMT:strpbrk.obj
 0001:00006890       __fcloseall                10007890 f   LIBCMT:closeall.obj
 0001:0000692c       __flush                    1000792c f   LIBCMT:fflush.obj
 0001:00006994       __fflush_nolock            10007994 f   LIBCMT:fflush.obj
 0001:00006ab6       __flushall                 10007ab6 f   LIBCMT:fflush.obj
 0001:00006abf       __isatty                   10007abf f   LIBCMT:isatty.obj
 0001:00006b15       __fileno                   10007b15 f   LIBCMT:fileno.obj
 0001:00006b3b       __initp_misc_cfltcvt_tab   10007b3b f   LIBCMT:cmiscdat.obj
 0001:00006b60       __aulldvrm                 10007b60 f   LIBCMT:ulldvrm.obj
 0001:00006c00       __local_unwind4            10007c00 f   LIBCMT:exsup4.obj
 0001:00006cd6       __seh_longjmp_unwind4@4    10007cd6 f   LIBCMT:exsup4.obj
 0001:00006cf2       @_EH4_CallFilterFunc@8     10007cf2 f   LIBCMT:exsup4.obj
 0001:00006d09       @_EH4_TransferToHandler@8  10007d09 f   LIBCMT:exsup4.obj
 0001:00006d22       @_EH4_GlobalUnwind2@8      10007d22 f   LIBCMT:exsup4.obj
 0001:00006d3b       @_EH4_LocalUnwind@16       10007d3b f   LIBCMT:exsup4.obj
 0001:00006d60       __ValidateImageBase        10007d60 f   LIBCMT:pesect.obj
 0001:00006da0       __FindPESection            10007da0 f   LIBCMT:pesect.obj
 0001:00006df0       __IsNonwritableInCurrentImage 10007df0 f   LIBCMT:pesect.obj
 0001:00006eac       ?terminate@@YAXXZ          10007eac f   LIBCMT:hooks.obj
 0001:00006ee5       __initp_eh_hooks           10007ee5 f   LIBCMT:hooks.obj
 0001:00006ef6       __initp_misc_winsig        10007ef6 f   LIBCMT:winsig.obj
 0001:00006f4b       ___get_sigabrt             10007f4b f   LIBCMT:winsig.obj
 0001:00006f5a       _raise                     10007f5a f   LIBCMT:winsig.obj
 0001:000070fd       __initp_misc_rand_s        100080fd f   LIBCMT:rand_s.obj
 0001:0000710c       __initp_misc_purevirt      1000810c f   LIBCMT:inithelp.obj
 0001:000071d1       ___onexitinit              100081d1 f   LIBCMT:onexit.obj
 0001:00007202       __onexit                   10008202 f   LIBCMT:onexit.obj
 0001:0000723e       _atexit                    1000823e f   LIBCMT:onexit.obj
 0001:00007255       __GET_RTERRMSG             10008255 f   LIBCMT:crt0msg.obj
 0001:0000727b       __NMSG_WRITE               1000827b f   LIBCMT:crt0msg.obj
 0001:0000742a       __FF_MSGBANNER             1000842a f   LIBCMT:crt0msg.obj
 0001:000074b6       __ismbblead                100084b6 f   LIBCMT:ismbbyte.obj
 0001:000074ce       __forcdecpt_l              100084ce f   LIBCMT:cvt.obj
 0001:00007542       __cropzeros_l              10008542 f   LIBCMT:cvt.obj
 0001:000075c4       __positive                 100085c4 f   LIBCMT:cvt.obj
 0001:000075e0       __fassign_l                100085e0 f   LIBCMT:cvt.obj
 0001:00007622       __fassign                  10008622 f   LIBCMT:cvt.obj
 0001:0000765b       __forcdecpt                1000865b f   LIBCMT:cvt.obj
 0001:0000766e       __cropzeros                1000866e f   LIBCMT:cvt.obj
 0001:000077e2       __cftoe_l                  100087e2 f   LIBCMT:cvt.obj
 0001:000078a9       __cftoe                    100088a9 f   LIBCMT:cvt.obj
 0001:000078c9       __cftoa_l                  100088c9 f   LIBCMT:cvt.obj
 0001:00007d42       __cftof_l                  10008d42 f   LIBCMT:cvt.obj
 0001:00007e03       __cftog_l                  10008e03 f   LIBCMT:cvt.obj
 0001:00007ef0       __cfltcvt_l                10008ef0 f   LIBCMT:cvt.obj
 0001:00007f78       __cfltcvt                  10008f78 f   LIBCMT:cvt.obj
 0001:00007f9b       __setdefaultprecision      10008f9b f   LIBCMT:fp8.obj
 0001:000081ee       _strtol                    100091ee f   LIBCMT:strtol.obj
 0001:00008219       __mbsnbicoll_l             10009219 f   LIBCMT:mbsnbico.obj
 0001:000082f7       __mbsnbicoll               100092f7 f   LIBCMT:mbsnbico.obj
 0001:00008311       ___wtomb_environ           10009311 f   LIBCMT:wtombenv.obj
 0001:000083a8       __msize                    100093a8 f   LIBCMT:msize.obj
 0001:000083e0       __chkstk                   100093e0 f   LIBCMT:chkstk.obj
 0001:000083e0       __alloca_probe             100093e0     LIBCMT:chkstk.obj
 0001:0000840b       __strnicmp_l               1000940b f   LIBCMT:strnicmp.obj
 0001:000084ed       __fclose_nolock            100094ed f   LIBCMT:fclose.obj
 0001:0000855a       _fclose                    1000955a f   LIBCMT:fclose.obj
 0001:000085ce       __write_nolock             100095ce f   LIBCMT:write.obj
 0001:00008ccb       __write                    10009ccb f   LIBCMT:write.obj
 0001:00008d9f       __commit                   10009d9f f   LIBCMT:commit.obj
 0001:00008e78       __lseeki64_nolock          10009e78 f   LIBCMT:lseeki64.obj
 0001:00008efd       __fptrap                   10009efd f   LIBCMT:crt0fp.obj
 0001:00008f10       __global_unwind2           10009f10 f   LIBCMT:exsup.obj
 0001:00008f75       __local_unwind2            10009f75 f   LIBCMT:exsup.obj
 0001:00008ff9       __abnormal_termination     10009ff9 f   LIBCMT:exsup.obj
 0001:0000901c       __NLG_Notify1              1000a01c f   LIBCMT:exsup.obj
 0001:00009025       __NLG_Notify               1000a025 f   LIBCMT:exsup.obj
 0001:0000903c       __NLG_Dispatch2            1000a03c     LIBCMT:exsup.obj
 0001:0000903c       __NLG_Dispatch             1000a03c     LIBCMT:exsup.obj
 0001:00009044       __NLG_Call                 1000a044 f   LIBCMT:exsup.obj
 0001:00009046       __NLG_Return2              1000a046     LIBCMT:exsup.obj
 0001:00009047       _abort                     1000a047 f   LIBCMT:abort.obj
 0001:0000907a       ___crtMessageBoxW          1000a07a f   LIBCMT:crtmboxw.obj
 0001:000091e6       _wcscat_s                  1000a1e6 f   LIBCMT:wcscat_s.obj
 0001:0000925b       _wcsncpy_s                 1000a25b f   LIBCMT:wcsncpy_s.obj
 0001:00009328       _wcslen                    1000a328 f   LIBCMT:wcslen.obj
 0001:00009343       _wcscpy_s                  1000a343 f   LIBCMT:wcscpy_s.obj
 0001:000093a6       __set_error_mode           1000a3a6 f   LIBCMT:errmode.obj
 0001:000093f0       _strrchr                   1000a3f0 f   LIBCMT:strrchr.obj
 0001:0000941d       __atodbl_l                 1000a41d f   LIBCMT:atodbl.obj
 0001:000094c5       __atoflt_l                 1000a4c5 f   LIBCMT:atodbl.obj
 0001:0000956d       __fptostr                  1000a56d f   LIBCMT:_fptostr.obj
 0001:00009620       ___dtold                   1000a620 f   LIBCMT:_cfout_.obj
 0001:000096d3       __fltout2                  1000a6d3 f   LIBCMT:_cfout_.obj
 0001:00009770       __alldvrm                  1000a770 f   LIBCMT:lldvrm.obj
 0001:00009850       __aullshr                  1000a850 f   LIBCMT:ullshr.obj
 0001:0000986f       __controlfp_s              1000a86f f   LIBCMT:_contrlfp_.obj
 0001:00009b3c       ___crtCompareStringA       1000ab3c f   LIBCMT:a_cmp.obj
 0001:00009b7e       __strnicoll_l              1000ab7e f   LIBCMT:strnicol.obj
 0001:00009d1a       ___crtsetenv               1000ad1a f   LIBCMT:setenv.obj
 0001:00009f60       ___ascii_strnicmp          1000af60 f   LIBCMT:_strnicm.obj
 0001:00009fc1       __close_nolock             1000afc1 f   LIBCMT:close.obj
 0001:0000a05d       __close                    1000b05d f   LIBCMT:close.obj
 0001:0000a121       __freebuf                  1000b121 f   LIBCMT:_freebuf.obj
 0001:0000a152       __putwch_nolock            1000b152 f   LIBCMT:putwch.obj
 0001:0000a194       __mbtowc_l                 1000b194 f   LIBCMT:mbtowc.obj
 0001:0000a2aa       _mbtowc                    1000b2aa f   LIBCMT:mbtowc.obj
 0001:0000a2c4       __free_osfhnd              1000b2c4 f   LIBCMT:osfinfo.obj
 0001:0000a34a       __get_osfhandle            1000b34a f   LIBCMT:osfinfo.obj
 0001:0000a3b3       ___lock_fhandle            1000b3b3 f   LIBCMT:osfinfo.obj
 0001:0000a452       __unlock_fhandle           1000b452 f   LIBCMT:osfinfo.obj
 0001:0000a479       __ld12tod                  1000b479 f   LIBCMT:_intrncvt_.obj
 0001:0000a9ca       __ld12tof                  1000b9ca f   LIBCMT:_intrncvt_.obj
 0001:0000af1b       ___strgtold12_l            1000bf1b f   LIBCMT:_strgtold_.obj
 0001:0000b5f7       _$I10_OUTPUT               1000c5f7 f   LIBCMT:_x10fout_.obj
 0001:0000c01d       __control87                1000d01d f i LIBCMT:_ieee87_.obj
 0001:0000c32f       __strdup                   1000d32f f   LIBCMT:strdup.obj
 0001:0000c381       __mbschr_l                 1000d381 f   LIBCMT:mbschr.obj
 0001:0000c431       __mbschr                   1000d431 f   LIBCMT:mbschr.obj
 0001:0000c448       ___initconout              1000d448 f   LIBCMT:initcon.obj
 0001:0000c467       ___termconout              1000d467 f   LIBCMT:initcon.obj
 0001:0000c47e       ___mtold12                 1000d47e f   LIBCMT:_mantold_.obj
 0001:0000c680       _strchr                    1000d680 f   LIBCMT:strchr.obj
 0001:0000c686       ___from_strstr_to_strchr   1000d686     LIBCMT:strchr.obj
 0001:0000c73e       _RtlUnwind@16              1000d73e f   kernel32:KERNEL32.dll
 0001:0000c7b0       ?System.Data.SQLite.SQLiteConvert..ctor@@20020111808M1171 1000d7b0 f   System.Data.SQLite32.netmodule
 0001:0000c7d4       ?System.Data.SQLite.SQLiteConvert.ToUTF8@@00011N050O 1000d7d4 f   System.Data.SQLite32.netmodule
 0001:0000c810       ?System.Data.SQLite.SQLiteConvert.ToUTF8@@20011N051169 1000d810 f   System.Data.SQLite32.netmodule
 0001:0000c82c       ?System.Data.SQLite.SQLiteConvert.ToString@@20020O1808 1000d82c f   System.Data.SQLite32.netmodule
 0001:0000c840       ?System.Data.SQLite.SQLiteConvert.UTF8ToString@@00020O1808 1000d840 f   System.Data.SQLite32.netmodule
 0001:0000c894       ?System.Data.SQLite.SQLiteConvert.ToDateTime@@200111690O 1000d894 f   System.Data.SQLite32.netmodule
 0001:0000c8b4       ?System.Data.SQLite.SQLiteConvert.ToDateTime@@000311690O11808M1171 1000d8b4 f   System.Data.SQLite32.netmodule
 0001:0000c980       ?System.Data.SQLite.SQLiteConvert.ToDateTime@@200111690N 1000d980 f   System.Data.SQLite32.netmodule
 0001:0000c99c       ?System.Data.SQLite.SQLiteConvert.ToDateTime@@000211690N1171 1000d99c f   System.Data.SQLite32.netmodule
 0001:0000c9bc       ?System.Data.SQLite.SQLiteConvert.ToJulianDay@@00010N1169 1000d9bc f   System.Data.SQLite32.netmodule
 0001:0000c9d8       ?System.Data.SQLite.SQLiteConvert.ToUnixEpoch@@00010K1169 1000d9d8 f   System.Data.SQLite32.netmodule
 0001:0000ca00       ?System.Data.SQLite.SQLiteConvert.GetDateTimeKindFormat@@00010O1171 1000da00 f   System.Data.SQLite32.netmodule
 0001:0000ca1c       ?System.Data.SQLite.SQLiteConvert.ToString@@20010O1169 1000da1c f   System.Data.SQLite32.netmodule
 0001:0000cb0c       ?System.Data.SQLite.SQLiteConvert.ToDateTime@@200211691808 1000db0c f   System.Data.SQLite32.netmodule
 0001:0000cb28       ?System.Data.SQLite.SQLiteConvert.Split@@00021N0O0O03 1000db28 f   System.Data.SQLite32.netmodule
 0001:0000cc84       ?System.Data.SQLite.SQLiteConvert.ToBoolean@@0001021M 1000dc84 f   System.Data.SQLite32.netmodule
 0001:0000ccac       ?System.Data.SQLite.SQLiteConvert.ToBoolean@@0001020O 1000dcac f   System.Data.SQLite32.netmodule
 0001:0000cda8       ?System.Data.SQLite.SQLiteConvert.ColumnToType@@00030112811408128098 1000dda8 f   System.Data.SQLite32.netmodule
 0001:0000cdd4       ?System.Data.SQLite.SQLiteConvert.SQLiteTypeToType@@00011275128098 1000ddd4 f   System.Data.SQLite32.netmodule
 0001:0000ce04       ?System.Data.SQLite.SQLiteConvert.TypeToDbType@@000111791275 1000de04 f   System.Data.SQLite32.netmodule
 0001:0000ce50       ?System.Data.SQLite.SQLiteConvert.DbTypeToColumnSize@@0001081179 1000de50 f   System.Data.SQLite32.netmodule
 0001:0000ce64       ?System.Data.SQLite.SQLiteConvert.DbTypeToNumericPrecision@@00011M1179 1000de64 f   System.Data.SQLite32.netmodule
 0001:0000ce78       ?System.Data.SQLite.SQLiteConvert.DbTypeToNumericScale@@00011M1179 1000de78 f   System.Data.SQLite32.netmodule
 0001:0000ce8c       ?System.Data.SQLite.SQLiteConvert.DbTypeToTypeName@@00010O1179 1000de8c f   System.Data.SQLite32.netmodule
 0001:0000ceec       ?System.Data.SQLite.SQLiteConvert.DbTypeToType@@000112751179 1000deec f   System.Data.SQLite32.netmodule
 0001:0000cf00       ?System.Data.SQLite.SQLiteConvert.TypeToAffinity@@00011180841275 1000df00 f   System.Data.SQLite32.netmodule
 0001:0000cf48       ?System.Data.SQLite.SQLiteConvert.TypeNameToDbType@@000111790O 1000df48 f   System.Data.SQLite32.netmodule
 0001:0000d4b8       ?System.Data.SQLite.SQLiteConvert..cctor@@000001 1000e4b8 f   System.Data.SQLite32.netmodule
 0001:0000dcb0       ?System.Data.SQLite.SQLiteBase..ctor@@20020111808M1171 1000ecb0 f   System.Data.SQLite32.netmodule
 0001:0000dcc8       ?System.Data.SQLite.SQLiteBase.Dispose@@200001 1000ecc8 f   System.Data.SQLite32.netmodule
 0001:0000dce4       ?System.Data.SQLite.SQLiteBase.CheckDisposed@@200001 1000ece4 f   System.Data.SQLite32.netmodule
 0001:0000dd10       ?System.Data.SQLite.SQLiteBase.Dispose@@20010102 1000ed10 f   System.Data.SQLite32.netmodule
 0001:0000dd2c       ?System.Data.SQLite.SQLiteBase.Finalize@@200001 1000ed2c f   System.Data.SQLite32.netmodule
 0001:0000dd68       ?System.Data.SQLite.SQLiteBase.FallbackGetErrorString@@00010O1180LM 1000ed68 f   System.Data.SQLite32.netmodule
 0001:0000dd98       ?System.Data.SQLite.SQLiteBase.GetErrorString@@00010O1180LM 1000ed98 f   System.Data.SQLite32.netmodule
 0001:0000ddec       ?System.Data.SQLite.SQLiteBase.GetLastError@@00020O12812418 1000edec f   System.Data.SQLite32.netmodule
 0001:0000de90       ?System.Data.SQLite.SQLiteBase.FinishBackup@@00020112812418 1000ee90 f   System.Data.SQLite32.netmodule
 0001:0000df10       ?System.Data.SQLite.SQLiteBase.FinalizeStatement@@00020112812418 1000ef10 f   System.Data.SQLite32.netmodule
 0001:0000df90       ?System.Data.SQLite.SQLiteBase.CloseConnection@@00020112812418 1000ef90 f   System.Data.SQLite32.netmodule
 0001:0000e018       ?System.Data.SQLite.SQLiteBase.CloseConnectionV2@@00020112812418 1000f018 f   System.Data.SQLite32.netmodule
 0001:0000e0a0       ?System.Data.SQLite.SQLiteBase.ResetConnection@@0003021281241802 1000f0a0 f   System.Data.SQLite32.netmodule
 0001:0000e1cc       ?System.Data.SQLite.SQLiteBase.IsAutocommit@@00020212812418 1000f1cc f   System.Data.SQLite32.netmodule
 0001:0000e260       ?System.Data.SQLite.SQLiteBase..cctor@@000001 1000f260 f   System.Data.SQLite32.netmodule
 0001:0000e368       ?System.Data.SQLite.SQLite3..ctor@@20020111808M1171 1000f368 f   System.Data.SQLite32.netmodule
 0001:0000e380       ?System.Data.SQLite.SQLite3.CheckDisposed@@200001 1000f380 f   System.Data.SQLite32.netmodule
 0001:0000e3ac       ?System.Data.SQLite.SQLite3.Dispose@@20010102 1000f3ac f   System.Data.SQLite32.netmodule
 0001:0000e3f8       ?System.Data.SQLite.SQLite3.Close@@20010102 1000f3f8 f   System.Data.SQLite32.netmodule
 0001:0000e45c       ?System.Data.SQLite.SQLite3.Cancel@@200001 1000f45c f   System.Data.SQLite32.netmodule
 0001:0000e47c       ?System.Data.SQLite.SQLite3.get_Version@@20000O 1000f47c f   System.Data.SQLite32.netmodule
 0001:0000e490       ?System.Data.SQLite.SQLite3.get_VersionNumber@@200008 1000f490 f   System.Data.SQLite32.netmodule
 0001:0000e4a4       ?System.Data.SQLite.SQLite3.get_DefineConstants@@00000O 1000f4a4 f   System.Data.SQLite32.netmodule
 0001:0000e524       ?System.Data.SQLite.SQLite3.get_SQLiteVersion@@00000O 1000f524 f   System.Data.SQLite32.netmodule
 0001:0000e53c       ?System.Data.SQLite.SQLite3.get_SQLiteVersionNumber@@000008 1000f53c f   System.Data.SQLite32.netmodule
 0001:0000e550       ?System.Data.SQLite.SQLite3.get_SQLiteSourceId@@00000O 1000f550 f   System.Data.SQLite32.netmodule
 0001:0000e568       ?System.Data.SQLite.SQLite3.get_AutoCommit@@200002 1000f568 f   System.Data.SQLite32.netmodule
 0001:0000e58c       ?System.Data.SQLite.SQLite3.get_LastInsertRowId@@20000K 1000f58c f   System.Data.SQLite32.netmodule
 0001:0000e5ac       ?System.Data.SQLite.SQLite3.get_Changes@@200008 1000f5ac f   System.Data.SQLite32.netmodule
 0001:0000e5cc       ?System.Data.SQLite.SQLite3.get_MemoryUsed@@20000K 1000f5cc f   System.Data.SQLite32.netmodule
 0001:0000e5e0       ?System.Data.SQLite.SQLite3.get_MemoryHighwater@@20000K 1000f5e0 f   System.Data.SQLite32.netmodule
 0001:0000e5f4       ?System.Data.SQLite.SQLite3.SetMemoryStatus@@20011180LM02 1000f5f4 f   System.Data.SQLite32.netmodule
 0001:0000e608       ?System.Data.SQLite.SQLite3.StaticSetMemoryStatus@@00011180LM02 1000f608 f   System.Data.SQLite32.netmodule
 0001:0000e628       ?System.Data.SQLite.SQLite3.Shutdown@@20001180LM 1000f628 f   System.Data.SQLite32.netmodule
 0001:0000e63c       ?System.Data.SQLite.SQLite3.IsOpen@@200002 1000f63c f   System.Data.SQLite32.netmodule
 0001:0000e670       ?System.Data.SQLite.SQLite3.Open@@2005010O112811240802 1000f670 f   System.Data.SQLite32.netmodule
 0001:0000e76c       ?System.Data.SQLite.SQLite3.ClearPool@@200001 1000f76c f   System.Data.SQLite32.netmodule
 0001:0000e784       ?System.Data.SQLite.SQLite3.CountPool@@200008 1000f784 f   System.Data.SQLite32.netmodule
 0001:0000e7b0       ?System.Data.SQLite.SQLite3.SetTimeout@@20010108 1000f7b0 f   System.Data.SQLite32.netmodule
 0001:0000e7e0       ?System.Data.SQLite.SQLite3.Step@@200102128114 1000f7e0 f   System.Data.SQLite32.netmodule
 0001:0000e888       ?System.Data.SQLite.SQLite3.Reset@@20011180LM128114 1000f888 f   System.Data.SQLite32.netmodule
 0001:0000e938       ?System.Data.SQLite.SQLite3.GetLastError@@20000O 1000f938 f   System.Data.SQLite32.netmodule
 0001:0000e95c       ?System.Data.SQLite.SQLite3.Prepare@@200512811412400O12811409100O 1000f95c f   System.Data.SQLite32.netmodule
 0001:0000ec34       ?System.Data.SQLite.SQLite3.LogBind@@00020112812808 1000fc34 f   System.Data.SQLite32.netmodule
 0001:0000ec64       ?System.Data.SQLite.SQLite3.LogBind@@00030112812808122N 1000fc64 f   System.Data.SQLite32.netmodule
 0001:0000ecb0       ?System.Data.SQLite.SQLite3.FormatDateTime@@00010O1169 1000fcb0 f   System.Data.SQLite32.netmodule
 0001:0000ed10       ?System.Data.SQLite.SQLite3.LogBind@@000301128128081169 1000fd10 f   System.Data.SQLite32.netmodule
 0001:0000ed64       ?System.Data.SQLite.SQLite3.LogBind@@000301128128080O 1000fd64 f   System.Data.SQLite32.netmodule
 0001:0000edbc       ?System.Data.SQLite.SQLite3.ToHexadecimalString@@00010O1N05 1000fdbc f   System.Data.SQLite32.netmodule
 0001:0000ee08       ?System.Data.SQLite.SQLite3.LogBind@@000301128128081N05 1000fe08 f   System.Data.SQLite32.netmodule
 0001:0000ee68       ?System.Data.SQLite.SQLite3.Bind_Double@@2004011281141128080N 1000fe68 f   System.Data.SQLite32.netmodule
 0001:0000eeb0       ?System.Data.SQLite.SQLite3.Bind_Int32@@20040112811411280808 1000feb0 f   System.Data.SQLite32.netmodule
 0001:0000eef8       ?System.Data.SQLite.SQLite3.Bind_UInt32@@20040112811411280809 1000fef8 f   System.Data.SQLite32.netmodule
 0001:0000ef40       ?System.Data.SQLite.SQLite3.Bind_Int64@@2004011281141128080K 1000ff40 f   System.Data.SQLite32.netmodule
 0001:0000ef88       ?System.Data.SQLite.SQLite3.Bind_UInt64@@2004011281141128080L 1000ff88 f   System.Data.SQLite32.netmodule
 0001:0000efd0       ?System.Data.SQLite.SQLite3.Bind_Text@@2004011281141128080O 1000ffd0 f   System.Data.SQLite32.netmodule
 0001:0000f034       ?System.Data.SQLite.SQLite3.Bind_DateTime@@2004011281141128081169 10010034 f   System.Data.SQLite32.netmodule
 0001:0000f190       ?System.Data.SQLite.SQLite3.Bind_Blob@@2004011281141128081N05 10010190 f   System.Data.SQLite32.netmodule
 0001:0000f1dc       ?System.Data.SQLite.SQLite3.Bind_Null@@200301128114112808 100101dc f   System.Data.SQLite32.netmodule
 0001:0000f21c       ?System.Data.SQLite.SQLite3.Bind_ParamCount@@2002081281141128 1001021c f   System.Data.SQLite32.netmodule
 0001:0000f268       ?System.Data.SQLite.SQLite3.Bind_ParamName@@20030O128114112808 10010268 f   System.Data.SQLite32.netmodule
 0001:0000f2bc       ?System.Data.SQLite.SQLite3.Bind_ParamIndex@@20030812811411280O 100102bc f   System.Data.SQLite32.netmodule
 0001:0000f30c       ?System.Data.SQLite.SQLite3.ColumnCount@@200108128114 1001030c f   System.Data.SQLite32.netmodule
 0001:0000f32c       ?System.Data.SQLite.SQLite3.ColumnName@@20020O12811408 1001032c f   System.Data.SQLite32.netmodule
 0001:0000f354       ?System.Data.SQLite.SQLite3.ColumnAffinity@@200211808412811408 10010354 f   System.Data.SQLite32.netmodule
 0001:0000f374       ?System.Data.SQLite.SQLite3.ColumnType@@20030O1281140810118084 10010374 f   System.Data.SQLite32.netmodule
 0001:0000f3d4       ?System.Data.SQLite.SQLite3.ColumnIndex@@2002081281140O 100103d4 f   System.Data.SQLite32.netmodule
 0001:0000f40c       ?System.Data.SQLite.SQLite3.ColumnOriginalName@@20020O12811408 1001040c f   System.Data.SQLite32.netmodule
 0001:0000f434       ?System.Data.SQLite.SQLite3.ColumnDatabaseName@@20020O12811408 10010434 f   System.Data.SQLite32.netmodule
 0001:0000f45c       ?System.Data.SQLite.SQLite3.ColumnTableName@@20020O12811408 1001045c f   System.Data.SQLite32.netmodule
 0001:0000f484       ?System.Data.SQLite.SQLite3.ColumnMetaData@@2008010O0O0O100O100O100210021002 10010484 f   System.Data.SQLite32.netmodule
 0001:0000f500       ?System.Data.SQLite.SQLite3.GetDouble@@20020N12811408 10010500 f   System.Data.SQLite32.netmodule
 0001:0000f520       ?System.Data.SQLite.SQLite3.GetInt32@@20020812811408 10010520 f   System.Data.SQLite32.netmodule
 0001:0000f540       ?System.Data.SQLite.SQLite3.GetInt64@@20020K12811408 10010540 f   System.Data.SQLite32.netmodule
 0001:0000f560       ?System.Data.SQLite.SQLite3.GetText@@20020O12811408 10010560 f   System.Data.SQLite32.netmodule
 0001:0000f588       ?System.Data.SQLite.SQLite3.GetDateTime@@2002116912811408 10010588 f   System.Data.SQLite32.netmodule
 0001:0000f5b0       ?System.Data.SQLite.SQLite3.GetBytes@@20060K12811408081N050808 100105b0 f   System.Data.SQLite32.netmodule
 0001:0000f62c       ?System.Data.SQLite.SQLite3.GetChars@@20060K12811408081N030808 1001062c f   System.Data.SQLite32.netmodule
 0001:0000f688       ?System.Data.SQLite.SQLite3.IsNull@@20020212811408 10010688 f   System.Data.SQLite32.netmodule
 0001:0000f6a0       ?System.Data.SQLite.SQLite3.AggregateCount@@20010818 100106a0 f   System.Data.SQLite32.netmodule
 0001:0000f6b4       ?System.Data.SQLite.SQLite3.CreateFunction@@2006010O08021280N41280N41280N8 100106b4 f   System.Data.SQLite32.netmodule
 0001:0000f72c       ?System.Data.SQLite.SQLite3.CreateCollation@@2003010O1280NM1280NM 1001072c f   System.Data.SQLite32.netmodule
 0001:0000f788       ?System.Data.SQLite.SQLite3.ContextCollateCompare@@2004081180O4180O0O 10010788 f   System.Data.SQLite32.netmodule
 0001:0000f7e4       ?System.Data.SQLite.SQLite3.ContextCollateCompare@@2004081180O4181N031N03 100107e4 f   System.Data.SQLite32.netmodule
 0001:0000f840       ?System.Data.SQLite.SQLite3.GetCollationSequence@@20021180O81280M418 10010840 f   System.Data.SQLite32.netmodule
 0001:0000f88c       ?System.Data.SQLite.SQLite3.GetParamValueBytes@@20050K18081N050808 1001088c f   System.Data.SQLite32.netmodule
 0001:0000f8ec       ?System.Data.SQLite.SQLite3.GetParamValueDouble@@20010N18 100108ec f   System.Data.SQLite32.netmodule
 0001:0000f904       ?System.Data.SQLite.SQLite3.GetParamValueInt32@@20010818 10010904 f   System.Data.SQLite32.netmodule
 0001:0000f918       ?System.Data.SQLite.SQLite3.GetParamValueInt64@@20010K18 10010918 f   System.Data.SQLite32.netmodule
 0001:0000f930       ?System.Data.SQLite.SQLite3.GetParamValueText@@20010O18 10010930 f   System.Data.SQLite32.netmodule
 0001:0000f94c       ?System.Data.SQLite.SQLite3.GetParamValueType@@200111808418 1001094c f   System.Data.SQLite32.netmodule
 0001:0000f960       ?System.Data.SQLite.SQLite3.ReturnBlob@@200201181N05 10010960 f   System.Data.SQLite32.netmodule
 0001:0000f980       ?System.Data.SQLite.SQLite3.ReturnDouble@@200201180N 10010980 f   System.Data.SQLite32.netmodule
 0001:0000f994       ?System.Data.SQLite.SQLite3.ReturnError@@200201180O 10010994 f   System.Data.SQLite32.netmodule
 0001:0000f9b4       ?System.Data.SQLite.SQLite3.ReturnInt32@@2002011808 100109b4 f   System.Data.SQLite32.netmodule
 0001:0000f9c8       ?System.Data.SQLite.SQLite3.ReturnInt64@@200201180K 100109c8 f   System.Data.SQLite32.netmodule
 0001:0000f9dc       ?System.Data.SQLite.SQLite3.ReturnNull@@20010118 100109dc f   System.Data.SQLite32.netmodule
 0001:0000f9f0       ?System.Data.SQLite.SQLite3.ReturnText@@200201180O 100109f0 f   System.Data.SQLite32.netmodule
 0001:0000fa1c       ?System.Data.SQLite.SQLite3.AggregateContext@@20011818 10010a1c f   System.Data.SQLite32.netmodule
 0001:0000fa30       ?System.Data.SQLite.SQLite3.SetLoadExtension@@20010102 10010a30 f   System.Data.SQLite32.netmodule
 0001:0000fa68       ?System.Data.SQLite.SQLite3.LoadExtension@@2002010O0O 10010a68 f   System.Data.SQLite32.netmodule
 0001:0000fb1c       ?System.Data.SQLite.SQLite3.SetExtendedResultCodes@@20010102 10010b1c f   System.Data.SQLite32.netmodule
 0001:0000fb54       ?System.Data.SQLite.SQLite3.ResultCode@@20001180LM 10010b54 f   System.Data.SQLite32.netmodule
 0001:0000fb74       ?System.Data.SQLite.SQLite3.ExtendedResultCode@@20001180LM 10010b74 f   System.Data.SQLite32.netmodule
 0001:0000fb94       ?System.Data.SQLite.SQLite3.LogMessage@@2002011180LM0O 10010b94 f   System.Data.SQLite32.netmodule
 0001:0000fbb0       ?System.Data.SQLite.SQLite3.SetPassword@@2001011N05 10010bb0 f   System.Data.SQLite32.netmodule
 0001:0000fbe4       ?System.Data.SQLite.SQLite3.ChangePassword@@2001011N05 10010be4 f   System.Data.SQLite32.netmodule
 0001:0000fc1c       ?System.Data.SQLite.SQLite3.SetUpdateHook@@2001011248 10010c1c f   System.Data.SQLite32.netmodule
 0001:0000fc40       ?System.Data.SQLite.SQLite3.SetCommitHook@@200101124M 10010c40 f   System.Data.SQLite32.netmodule
 0001:0000fc64       ?System.Data.SQLite.SQLite3.SetTraceCallback@@2001011250 10010c64 f   System.Data.SQLite32.netmodule
 0001:0000fc88       ?System.Data.SQLite.SQLite3.SetRollbackHook@@2001011254 10010c88 f   System.Data.SQLite32.netmodule
 0001:0000fcac       ?System.Data.SQLite.SQLite3.SetLogCallback@@20011180LM1208 10010cac f   System.Data.SQLite32.netmodule
 0001:0000fcc8       ?System.Data.SQLite.SQLite3.InitializeBackup@@2003121M12400O0O 10010cc8 f   System.Data.SQLite32.netmodule
 0001:0000fdd8       ?System.Data.SQLite.SQLite3.StepBackup@@200302121M081002 10010dd8 f   System.Data.SQLite32.netmodule
 0001:0000fe64       ?System.Data.SQLite.SQLite3.RemainingBackup@@200108121M 10010e64 f   System.Data.SQLite32.netmodule
 0001:0000febc       ?System.Data.SQLite.SQLite3.PageCountBackup@@200108121M 10010ebc f   System.Data.SQLite32.netmodule
 0001:0000ff14       ?System.Data.SQLite.SQLite3.FinishBackup@@200101121M 10010f14 f   System.Data.SQLite32.netmodule
 0001:0000ff8c       ?System.Data.SQLite.SQLite3.IsInitialized@@200002 10010f8c f   System.Data.SQLite32.netmodule
 0001:0000ffa0       ?System.Data.SQLite.SQLite3.StaticIsInitialized@@000002 10010fa0 f   System.Data.SQLite32.netmodule
 0001:00010024       ?System.Data.SQLite.SQLite3.GetValue@@20031M12811408128098 10011024 f   System.Data.SQLite32.netmodule
 0001:0001015c       ?System.Data.SQLite.SQLite3.GetCursorForTable@@2003081281140808 1001115c f   System.Data.SQLite32.netmodule
 0001:0001017c       ?System.Data.SQLite.SQLite3.GetRowIdForCursor@@20020K12811408 1001117c f   System.Data.SQLite32.netmodule
 0001:000101a4       ?System.Data.SQLite.SQLite3.GetIndexColumnExtendedInfo@@2006010O0O0O10081008100O 100111a4 f   System.Data.SQLite32.netmodule
 0001:000101f4       ?System.Data.SQLite.SQLite3.FileControl@@20031180LM0O0818 100111f4 f   System.Data.SQLite32.netmodule
 0001:00010220       ?System.Data.SQLite.SQLite3..cctor@@000001 10011220 f   System.Data.SQLite32.netmodule
 0001:00010238       ?System.Data.SQLite.SQLite3_UTF16..ctor@@20020111808M1171 10011238 f   System.Data.SQLite32.netmodule
 0001:00010250       ?System.Data.SQLite.SQLite3_UTF16.CheckDisposed@@200001 10011250 f   System.Data.SQLite32.netmodule
 0001:0001027c       ?System.Data.SQLite.SQLite3_UTF16.Dispose@@20010102 1001127c f   System.Data.SQLite32.netmodule
 0001:000102c0       ?System.Data.SQLite.SQLite3_UTF16.ToString@@20020O1808 100112c0 f   System.Data.SQLite32.netmodule
 0001:000102dc       ?System.Data.SQLite.SQLite3_UTF16.UTF16ToString@@00020O1808 100112dc f   System.Data.SQLite32.netmodule
 0001:00010314       ?System.Data.SQLite.SQLite3_UTF16.Open@@2005010O112811240802 10011314 f   System.Data.SQLite32.netmodule
 0001:0001041c       ?System.Data.SQLite.SQLite3_UTF16.Bind_DateTime@@2004011281141128081169 1001141c f   System.Data.SQLite32.netmodule
 0001:00010484       ?System.Data.SQLite.SQLite3_UTF16.Bind_Text@@2004011281141128080O 10011484 f   System.Data.SQLite32.netmodule
 0001:000104d8       ?System.Data.SQLite.SQLite3_UTF16.GetDateTime@@2002116912811408 100114d8 f   System.Data.SQLite32.netmodule
 0001:000104f4       ?System.Data.SQLite.SQLite3_UTF16.ColumnName@@20020O12811408 100114f4 f   System.Data.SQLite32.netmodule
 0001:0001051c       ?System.Data.SQLite.SQLite3_UTF16.GetText@@20020O12811408 1001151c f   System.Data.SQLite32.netmodule
 0001:00010544       ?System.Data.SQLite.SQLite3_UTF16.ColumnOriginalName@@20020O12811408 10011544 f   System.Data.SQLite32.netmodule
 0001:0001056c       ?System.Data.SQLite.SQLite3_UTF16.ColumnDatabaseName@@20020O12811408 1001156c f   System.Data.SQLite32.netmodule
 0001:00010594       ?System.Data.SQLite.SQLite3_UTF16.ColumnTableName@@20020O12811408 10011594 f   System.Data.SQLite32.netmodule
 0001:000105bc       ?System.Data.SQLite.SQLite3_UTF16.GetParamValueText@@20010O18 100115bc f   System.Data.SQLite32.netmodule
 0001:000105d8       ?System.Data.SQLite.SQLite3_UTF16.ReturnError@@200201180O 100115d8 f   System.Data.SQLite32.netmodule
 0001:000105f4       ?System.Data.SQLite.SQLite3_UTF16.ReturnText@@200201180O 100115f4 f   System.Data.SQLite32.netmodule
 0001:00010618       ?System.Data.SQLite.SQLiteBackup..ctor@@200601121012812M181N05181N05 10011618 f   System.Data.SQLite32.netmodule
 0001:00010658       ?System.Data.SQLite.SQLiteBackup.Dispose@@200001 10011658 f   System.Data.SQLite32.netmodule
 0001:00010674       ?System.Data.SQLite.SQLiteBackup.CheckDisposed@@200001 10011674 f   System.Data.SQLite32.netmodule
 0001:000106a0       ?System.Data.SQLite.SQLiteBackup.Dispose@@20010102 100116a0 f   System.Data.SQLite32.netmodule
 0001:00010704       ?System.Data.SQLite.SQLiteBackup.Finalize@@200001 10011704 f   System.Data.SQLite32.netmodule
 0001:00010740       ?System.Data.SQLite.SQLiteCommand..ctor@@200001 10011740 f   System.Data.SQLite32.netmodule
 0001:00010758       ?System.Data.SQLite.SQLiteCommand..ctor@@2001010O 10011758 f   System.Data.SQLite32.netmodule
 0001:00010770       ?System.Data.SQLite.SQLiteCommand..ctor@@2002010O1240 10011770 f   System.Data.SQLite32.netmodule
 0001:00010788       ?System.Data.SQLite.SQLiteCommand..ctor@@2001011240 10011788 f   System.Data.SQLite32.netmodule
 0001:000107a0       ?System.Data.SQLite.SQLiteCommand..ctor@@2001011230 100117a0 f   System.Data.SQLite32.netmodule
 0001:0001084c       ?System.Data.SQLite.SQLiteCommand..ctor@@2003010O1240128118 1001184c f   System.Data.SQLite32.netmodule
 0001:000108bc       ?System.Data.SQLite.SQLiteCommand.Check@@0001011230 100118bc f   System.Data.SQLite32.netmodule
 0001:000108e0       ?System.Data.SQLite.SQLiteCommand.CheckDisposed@@200001 100118e0 f   System.Data.SQLite32.netmodule
 0001:0001090c       ?System.Data.SQLite.SQLiteCommand.Dispose@@20010102 1001190c f   System.Data.SQLite32.netmodule
 0001:000109b8       ?System.Data.SQLite.SQLiteCommand.ClearCommands@@200001 100119b8 f   System.Data.SQLite32.netmodule
 0001:00010a58       ?System.Data.SQLite.SQLiteCommand.BuildNextCommand@@2000128114 10011a58 f   System.Data.SQLite32.netmodule
 0001:00010b7c       ?System.Data.SQLite.SQLiteCommand.GetStatement@@200112811408 10011b7c f   System.Data.SQLite32.netmodule
 0001:00010bd0       ?System.Data.SQLite.SQLiteCommand.Cancel@@200001 10011bd0 f   System.Data.SQLite32.netmodule
 0001:00010c08       ?System.Data.SQLite.SQLiteCommand.get_CommandText@@20000O 10011c08 f   System.Data.SQLite32.netmodule
 0001:00010c24       ?System.Data.SQLite.SQLiteCommand.set_CommandText@@2001010O 10011c24 f   System.Data.SQLite32.netmodule
 0001:00010c7c       ?System.Data.SQLite.SQLiteCommand.get_CommandTimeout@@200008 10011c7c f   System.Data.SQLite32.netmodule
 0001:00010c98       ?System.Data.SQLite.SQLiteCommand.set_CommandTimeout@@20010108 10011c98 f   System.Data.SQLite32.netmodule
 0001:00010cb4       ?System.Data.SQLite.SQLiteCommand.get_CommandType@@200011808N 10011cb4 f   System.Data.SQLite32.netmodule
 0001:00010cc8       ?System.Data.SQLite.SQLiteCommand.set_CommandType@@20010111808N 10011cc8 f   System.Data.SQLite32.netmodule
 0001:00010ce8       ?System.Data.SQLite.SQLiteCommand.CreateDbParameter@@2000124N 10011ce8 f   System.Data.SQLite32.netmodule
 0001:00010cfc       ?System.Data.SQLite.SQLiteCommand.CreateParameter@@200012810M 10011cfc f   System.Data.SQLite32.netmodule
 0001:00010d14       ?System.Data.SQLite.SQLiteCommand.get_Connection@@20001240 10011d14 f   System.Data.SQLite32.netmodule
 0001:00010d30       ?System.Data.SQLite.SQLiteCommand.set_Connection@@2001011240 10011d30 f   System.Data.SQLite32.netmodule
 0001:00010d94       ?System.Data.SQLite.SQLiteCommand.get_DbConnection@@20001225 10011d94 f   System.Data.SQLite32.netmodule
 0001:00010da8       ?System.Data.SQLite.SQLiteCommand.set_DbConnection@@2001011225 10011da8 f   System.Data.SQLite32.netmodule
 0001:00010dc4       ?System.Data.SQLite.SQLiteCommand.get_Parameters@@2000128110 10011dc4 f   System.Data.SQLite32.netmodule
 0001:00010de0       ?System.Data.SQLite.SQLiteCommand.get_DbParameterCollection@@20001251 10011de0 f   System.Data.SQLite32.netmodule
 0001:00010df4       ?System.Data.SQLite.SQLiteCommand.get_Transaction@@2000128118 10011df4 f   System.Data.SQLite32.netmodule
 0001:00010e10       ?System.Data.SQLite.SQLiteCommand.set_Transaction@@200101128118 10011e10 f   System.Data.SQLite32.netmodule
 0001:00010e88       ?System.Data.SQLite.SQLiteCommand.get_DbTransaction@@20001255 10011e88 f   System.Data.SQLite32.netmodule
 0001:00010e9c       ?System.Data.SQLite.SQLiteCommand.set_DbTransaction@@2001011255 10011e9c f   System.Data.SQLite32.netmodule
 0001:00010eb8       ?System.Data.SQLite.SQLiteCommand.InitializeForReader@@200001 10011eb8 f   System.Data.SQLite32.netmodule
 0001:00010f48       ?System.Data.SQLite.SQLiteCommand.ExecuteDbDataReader@@20011239118091 10011f48 f   System.Data.SQLite32.netmodule
 0001:00010f5c       ?System.Data.SQLite.SQLiteCommand.ExecuteReader@@20011280K8118091 10011f5c f   System.Data.SQLite32.netmodule
 0001:00010f8c       ?System.Data.SQLite.SQLiteCommand.ExecuteReader@@20001280K8 10011f8c f   System.Data.SQLite32.netmodule
 0001:00010fa8       ?System.Data.SQLite.SQLiteCommand.ClearDataReader@@200001 10011fa8 f   System.Data.SQLite32.netmodule
 0001:00010fbc       ?System.Data.SQLite.SQLiteCommand.ExecuteNonQuery@@200008 10011fbc f   System.Data.SQLite32.netmodule
 0001:00011010       ?System.Data.SQLite.SQLiteCommand.ExecuteScalar@@20001M 10012010 f   System.Data.SQLite32.netmodule
 0001:0001106c       ?System.Data.SQLite.SQLiteCommand.Prepare@@200001 1001206c f   System.Data.SQLite32.netmodule
 0001:00011080       ?System.Data.SQLite.SQLiteCommand.get_UpdatedRowSource@@2000118085 10012080 f   System.Data.SQLite32.netmodule
 0001:0001109c       ?System.Data.SQLite.SQLiteCommand.set_UpdatedRowSource@@200101118085 1001209c f   System.Data.SQLite32.netmodule
 0001:000110b8       ?System.Data.SQLite.SQLiteCommand.get_DesignTimeVisible@@200002 100120b8 f   System.Data.SQLite32.netmodule
 0001:000110d4       ?System.Data.SQLite.SQLiteCommand.set_DesignTimeVisible@@20010102 100120d4 f   System.Data.SQLite32.netmodule
 0001:000110f4       ?System.Data.SQLite.SQLiteCommand.Clone@@20001M 100120f4 f   System.Data.SQLite32.netmodule
 0001:00011110       ?System.Data.SQLite.SQLiteCommandBuilder..ctor@@200001 10012110 f   System.Data.SQLite32.netmodule
 0001:00011124       ?System.Data.SQLite.SQLiteCommandBuilder..ctor@@2001011280K4 10012124 f   System.Data.SQLite32.netmodule
 0001:00011154       ?System.Data.SQLite.SQLiteCommandBuilder.CheckDisposed@@200001 10012154 f   System.Data.SQLite32.netmodule
 0001:00011180       ?System.Data.SQLite.SQLiteCommandBuilder.Dispose@@20010102 10012180 f   System.Data.SQLite32.netmodule
 0001:000111c4       ?System.Data.SQLite.SQLiteCommandBuilder.ApplyParameterInfo@@200401124N12809511809902 100121c4 f   System.Data.SQLite32.netmodule
 0001:000111f0       ?System.Data.SQLite.SQLiteCommandBuilder.GetParameterName@@20010O0O 100121f0 f   System.Data.SQLite32.netmodule
 0001:00011218       ?System.Data.SQLite.SQLiteCommandBuilder.GetParameterName@@20010O08 10012218 f   System.Data.SQLite32.netmodule
 0001:00011248       ?System.Data.SQLite.SQLiteCommandBuilder.GetParameterPlaceholder@@20010O08 10012248 f   System.Data.SQLite32.netmodule
 0001:0001125c       ?System.Data.SQLite.SQLiteCommandBuilder.SetRowUpdatingHandler@@2001011235 1001225c f   System.Data.SQLite32.netmodule
 0001:000112a4       ?System.Data.SQLite.SQLiteCommandBuilder.RowUpdatingEventHandler@@2002011M12809N 100122a4 f   System.Data.SQLite32.netmodule
 0001:000112b8       ?System.Data.SQLite.SQLiteCommandBuilder.get_DataAdapter@@20001280K4 100122b8 f   System.Data.SQLite32.netmodule
 0001:000112d8       ?System.Data.SQLite.SQLiteCommandBuilder.set_DataAdapter@@2001011280K4 100122d8 f   System.Data.SQLite32.netmodule
 0001:000112f4       ?System.Data.SQLite.SQLiteCommandBuilder.GetDeleteCommand@@20001230 100122f4 f   System.Data.SQLite32.netmodule
 0001:00011314       ?System.Data.SQLite.SQLiteCommandBuilder.GetDeleteCommand@@2001123002 10012314 f   System.Data.SQLite32.netmodule
 0001:00011334       ?System.Data.SQLite.SQLiteCommandBuilder.GetUpdateCommand@@20001230 10012334 f   System.Data.SQLite32.netmodule
 0001:00011354       ?System.Data.SQLite.SQLiteCommandBuilder.GetUpdateCommand@@2001123002 10012354 f   System.Data.SQLite32.netmodule
 0001:00011374       ?System.Data.SQLite.SQLiteCommandBuilder.GetInsertCommand@@20001230 10012374 f   System.Data.SQLite32.netmodule
 0001:00011394       ?System.Data.SQLite.SQLiteCommandBuilder.GetInsertCommand@@2001123002 10012394 f   System.Data.SQLite32.netmodule
 0001:000113b4       ?System.Data.SQLite.SQLiteCommandBuilder.get_CatalogLocation@@20001180K1 100123b4 f   System.Data.SQLite32.netmodule
 0001:000113d0       ?System.Data.SQLite.SQLiteCommandBuilder.set_CatalogLocation@@2001011180K1 100123d0 f   System.Data.SQLite32.netmodule
 0001:000113ec       ?System.Data.SQLite.SQLiteCommandBuilder.get_CatalogSeparator@@20000O 100123ec f   System.Data.SQLite32.netmodule
 0001:00011408       ?System.Data.SQLite.SQLiteCommandBuilder.set_CatalogSeparator@@2001010O 10012408 f   System.Data.SQLite32.netmodule
 0001:00011424       ?System.Data.SQLite.SQLiteCommandBuilder.get_QuotePrefix@@20000O 10012424 f   System.Data.SQLite32.netmodule
 0001:00011440       ?System.Data.SQLite.SQLiteCommandBuilder.set_QuotePrefix@@2001010O 10012440 f   System.Data.SQLite32.netmodule
 0001:0001145c       ?System.Data.SQLite.SQLiteCommandBuilder.get_QuoteSuffix@@20000O 1001245c f   System.Data.SQLite32.netmodule
 0001:00011478       ?System.Data.SQLite.SQLiteCommandBuilder.set_QuoteSuffix@@2001010O 10012478 f   System.Data.SQLite32.netmodule
 0001:00011494       ?System.Data.SQLite.SQLiteCommandBuilder.QuoteIdentifier@@20010O0O 10012494 f   System.Data.SQLite32.netmodule
 0001:000114fc       ?System.Data.SQLite.SQLiteCommandBuilder.UnquoteIdentifier@@20010O0O 100124fc f   System.Data.SQLite32.netmodule
 0001:000115a0       ?System.Data.SQLite.SQLiteCommandBuilder.get_SchemaSeparator@@20000O 100125a0 f   System.Data.SQLite32.netmodule
 0001:000115bc       ?System.Data.SQLite.SQLiteCommandBuilder.set_SchemaSeparator@@2001010O 100125bc f   System.Data.SQLite32.netmodule
 0001:000115d8       ?System.Data.SQLite.SQLiteCommandBuilder.GetSchemaTable@@20011280K51215 100125d8 f   System.Data.SQLite32.netmodule
 0001:00011630       ?System.Data.SQLite.SQLiteCommandBuilder.HasSchemaPrimaryKey@@2001021280K5 10012630 f   System.Data.SQLite32.netmodule
 0001:000116b8       ?System.Data.SQLite.SQLiteCommandBuilder.ResetIsUniqueSchemaColumn@@2001011280K5 100126b8 f   System.Data.SQLite32.netmodule
 0001:0001175c       ?System.Data.SQLite.ConnectionEventArgs..ctor@@2006011180881280K91280KN1280L10O1M 1001275c f   System.Data.SQLite32.netmodule
 0001:0001179c       ?System.Data.SQLite.SQLiteConnection.add__handlers@@000101123M 1001279c f   System.Data.SQLite32.netmodule
 0001:000117d0       ?System.Data.SQLite.SQLiteConnection.remove__handlers@@000101123M 100127d0 f   System.Data.SQLite32.netmodule
 0001:00011804       ?System.Data.SQLite.SQLiteConnection.add__updateHandler@@200101125M 10012804 f   System.Data.SQLite32.netmodule
 0001:0001183c       ?System.Data.SQLite.SQLiteConnection.remove__updateHandler@@200101125M 1001283c f   System.Data.SQLite32.netmodule
 0001:00011874       ?System.Data.SQLite.SQLiteConnection.add__commitHandler@@2001011258 10012874 f   System.Data.SQLite32.netmodule
 0001:000118ac       ?System.Data.SQLite.SQLiteConnection.remove__commitHandler@@2001011258 100128ac f   System.Data.SQLite32.netmodule
 0001:000118e4       ?System.Data.SQLite.SQLiteConnection.add__traceHandler@@2001011260 100128e4 f   System.Data.SQLite32.netmodule
 0001:0001191c       ?System.Data.SQLite.SQLiteConnection.remove__traceHandler@@2001011260 1001291c f   System.Data.SQLite32.netmodule
 0001:00011954       ?System.Data.SQLite.SQLiteConnection.add__rollbackHandler@@2001011280LN 10012954 f   System.Data.SQLite32.netmodule
 0001:0001198c       ?System.Data.SQLite.SQLiteConnection.remove__rollbackHandler@@2001011280LN 1001298c f   System.Data.SQLite32.netmodule
 0001:000119c4       ?System.Data.SQLite.SQLiteConnection.add_StateChange@@2001011280M1 100129c4 f   System.Data.SQLite32.netmodule
 0001:000119fc       ?System.Data.SQLite.SQLiteConnection.remove_StateChange@@2001011280M1 100129fc f   System.Data.SQLite32.netmodule
 0001:00011a34       ?System.Data.SQLite.SQLiteConnection..ctor@@200001 10012a34 f   System.Data.SQLite32.netmodule
 0001:00011a4c       ?System.Data.SQLite.SQLiteConnection..ctor@@2001010O 10012a4c f   System.Data.SQLite32.netmodule
 0001:00011a64       ?System.Data.SQLite.SQLiteConnection..ctor@@2002010O02 10012a64 f   System.Data.SQLite32.netmodule
 0001:00011ab0       ?System.Data.SQLite.SQLiteConnection..ctor@@2001011240 10012ab0 f   System.Data.SQLite32.netmodule
 0001:00011bf8       ?System.Data.SQLite.SQLiteConnection.OnChanged@@00020112401238 10012bf8 f   System.Data.SQLite32.netmodule
 0001:00011c70       ?System.Data.SQLite.SQLiteConnection.add_Changed@@000101123M 10012c70 f   System.Data.SQLite32.netmodule
 0001:00011cc4       ?System.Data.SQLite.SQLiteConnection.remove_Changed@@000101123M 10012cc4 f   System.Data.SQLite32.netmodule
 0001:00011d10       ?System.Data.SQLite.SQLiteConnection.BackupDatabase@@20060112400O0O08126408 10012d10 f   System.Data.SQLite32.netmodule
 0001:00011e58       ?System.Data.SQLite.SQLiteConnection.Check@@0001011240 10012e58 f   System.Data.SQLite32.netmodule
 0001:00011ee4       ?System.Data.SQLite.SQLiteConnection.CheckDisposed@@200001 10012ee4 f   System.Data.SQLite32.netmodule
 0001:00011f10       ?System.Data.SQLite.SQLiteConnection.Dispose@@20010102 10012f10 f   System.Data.SQLite32.netmodule
 0001:00011f60       ?System.Data.SQLite.SQLiteConnection.Clone@@20001M 10012f60 f   System.Data.SQLite32.netmodule
 0001:00011f7c       ?System.Data.SQLite.SQLiteConnection.CreateFile@@0001010O 10012f7c f   System.Data.SQLite32.netmodule
 0001:00011f98       ?System.Data.SQLite.SQLiteConnection.OnStateChange@@2002011180L9101280K9 10012f98 f   System.Data.SQLite32.netmodule
 0001:00011fd8       ?System.Data.SQLite.SQLiteConnection.BeginTransaction@@20021281181180L502 10012fd8 f   System.Data.SQLite32.netmodule
 0001:00012008       ?System.Data.SQLite.SQLiteConnection.BeginTransaction@@200112811802 10013008 f   System.Data.SQLite32.netmodule
 0001:00012038       ?System.Data.SQLite.SQLiteConnection.BeginTransaction@@20011281181180L5 10013038 f   System.Data.SQLite32.netmodule
 0001:00012058       ?System.Data.SQLite.SQLiteConnection.BeginTransaction@@2000128118 10013058 f   System.Data.SQLite32.netmodule
 0001:0001207c       ?System.Data.SQLite.SQLiteConnection.BeginDbTransaction@@200112551180L5 1001307c f   System.Data.SQLite32.netmodule
 0001:000120e4       ?System.Data.SQLite.SQLiteConnection.ChangeDatabase@@2001010O 100130e4 f   System.Data.SQLite32.netmodule
 0001:00012110       ?System.Data.SQLite.SQLiteConnection.Close@@200001 10013110 f   System.Data.SQLite32.netmodule
 0001:000121fc       ?System.Data.SQLite.SQLiteConnection.get_PoolCount@@200008 100131fc f   System.Data.SQLite32.netmodule
 0001:00012220       ?System.Data.SQLite.SQLiteConnection.ClearPool@@0001011240 10013220 f   System.Data.SQLite32.netmodule
 0001:00012244       ?System.Data.SQLite.SQLiteConnection.ClearAllPools@@000001 10013244 f   System.Data.SQLite32.netmodule
 0001:00012258       ?System.Data.SQLite.SQLiteConnection.get_ConnectionString@@20000O 10013258 f   System.Data.SQLite32.netmodule
 0001:00012274       ?System.Data.SQLite.SQLiteConnection.set_ConnectionString@@2001010O 10013274 f   System.Data.SQLite32.netmodule
 0001:000122a8       ?System.Data.SQLite.SQLiteConnection.CreateCommand@@20001230 100132a8 f   System.Data.SQLite32.netmodule
 0001:000122c4       ?System.Data.SQLite.SQLiteConnection.CreateDbCommand@@20001215 100132c4 f   System.Data.SQLite32.netmodule
 0001:000122d8       ?System.Data.SQLite.SQLiteConnection.get_DataSource@@20000O 100132d8 f   System.Data.SQLite32.netmodule
 0001:000122f4       ?System.Data.SQLite.SQLiteConnection.get_Database@@20000O 100132f4 f   System.Data.SQLite32.netmodule
 0001:0001230c       ?System.Data.SQLite.SQLiteConnection.MapUriPath@@00010O0O 1001330c f   System.Data.SQLite32.netmodule
 0001:00012360       ?System.Data.SQLite.SQLiteConnection.ParseConnectionString@@0001151280M5020O0O0O 10013360 f   System.Data.SQLite32.netmodule
 0001:00012430       ?System.Data.SQLite.SQLiteConnection.ParseConnectionStringViaFramework@@0002151280M5020O0O0O02 10013430 f   System.Data.SQLite32.netmodule
 0001:000124f0       ?System.Data.SQLite.SQLiteConnection.EnlistTransaction@@2001011280M9 100134f0 f   System.Data.SQLite32.netmodule
 0001:00012588       ?System.Data.SQLite.SQLiteConnection.FindKey@@00030O151280M5020O0O0O0O 10013588 f   System.Data.SQLite32.netmodule
 0001:000125a4       ?System.Data.SQLite.SQLiteConnection.TryParseEnum@@00031M12750O02 100135a4 f   System.Data.SQLite32.netmodule
 0001:000125e0       ?System.Data.SQLite.SQLiteConnection.EnableExtensions@@20010102 100135e0 f   System.Data.SQLite32.netmodule
 0001:00012628       ?System.Data.SQLite.SQLiteConnection.LoadExtension@@2001010O 10013628 f   System.Data.SQLite32.netmodule
 0001:00012644       ?System.Data.SQLite.SQLiteConnection.LoadExtension@@2002010O0O 10013644 f   System.Data.SQLite32.netmodule
 0001:00012678       ?System.Data.SQLite.SQLiteConnection.Open@@200001 10013678 f   System.Data.SQLite32.netmodule
 0001:00012ef0       ?System.Data.SQLite.SQLiteConnection.OpenAndReturn@@20001240 10013ef0 f   System.Data.SQLite32.netmodule
 0001:00012f0c       ?System.Data.SQLite.SQLiteConnection.get_DefaultTimeout@@200008 10013f0c f   System.Data.SQLite32.netmodule
 0001:00012f28       ?System.Data.SQLite.SQLiteConnection.set_DefaultTimeout@@20010108 10013f28 f   System.Data.SQLite32.netmodule
 0001:00012f44       ?System.Data.SQLite.SQLiteConnection.get_ParseViaFramework@@200002 10013f44 f   System.Data.SQLite32.netmodule
 0001:00012f60       ?System.Data.SQLite.SQLiteConnection.set_ParseViaFramework@@20010102 10013f60 f   System.Data.SQLite32.netmodule
 0001:00012f7c       ?System.Data.SQLite.SQLiteConnection.get_Flags@@20001128 10013f7c f   System.Data.SQLite32.netmodule
 0001:00012f98       ?System.Data.SQLite.SQLiteConnection.set_Flags@@2001011128 10013f98 f   System.Data.SQLite32.netmodule
 0001:00012fb4       ?System.Data.SQLite.SQLiteConnection.get_ServerVersion@@20000O 10013fb4 f   System.Data.SQLite32.netmodule
 0001:00012fcc       ?System.Data.SQLite.SQLiteConnection.get_LastInsertRowId@@20000K 10013fcc f   System.Data.SQLite32.netmodule
 0001:00013000       ?System.Data.SQLite.SQLiteConnection.Cancel@@200001 10014000 f   System.Data.SQLite32.netmodule
 0001:00013034       ?System.Data.SQLite.SQLiteConnection.get_Changes@@200008 10014034 f   System.Data.SQLite32.netmodule
 0001:00013068       ?System.Data.SQLite.SQLiteConnection.get_MemoryUsed@@20000K 10014068 f   System.Data.SQLite32.netmodule
 0001:0001309c       ?System.Data.SQLite.SQLiteConnection.get_MemoryHighwater@@20000K 1001409c f   System.Data.SQLite32.netmodule
 0001:000130d0       ?System.Data.SQLite.SQLiteConnection.SetMemoryStatus@@00011180LM02 100140d0 f   System.Data.SQLite32.netmodule
 0001:000130e4       ?System.Data.SQLite.SQLiteConnection.get_DefineConstants@@00000O 100140e4 f   System.Data.SQLite32.netmodule
 0001:000130f8       ?System.Data.SQLite.SQLiteConnection.get_SQLiteVersion@@00000O 100140f8 f   System.Data.SQLite32.netmodule
 0001:0001310c       ?System.Data.SQLite.SQLiteConnection.get_SQLiteSourceId@@00000O 1001410c f   System.Data.SQLite32.netmodule
 0001:00013120       ?System.Data.SQLite.SQLiteConnection.get_State@@20001180L9 10014120 f   System.Data.SQLite32.netmodule
 0001:0001313c       ?System.Data.SQLite.SQLiteConnection.Shutdown@@20001180LM 1001413c f   System.Data.SQLite32.netmodule
 0001:00013244       ?System.Data.SQLite.SQLiteConnection.SetExtendedResultCodes@@20010102 10014244 f   System.Data.SQLite32.netmodule
 0001:0001326c       ?System.Data.SQLite.SQLiteConnection.ResultCode@@20001180LM 1001426c f   System.Data.SQLite32.netmodule
 0001:000132a0       ?System.Data.SQLite.SQLiteConnection.ExtendedResultCode@@20001180LM 100142a0 f   System.Data.SQLite32.netmodule
 0001:000132d4       ?System.Data.SQLite.SQLiteConnection.LogMessage@@2002011180LM0O 100142d4 f   System.Data.SQLite32.netmodule
 0001:00013308       ?System.Data.SQLite.SQLiteConnection.LogMessage@@200201080O 10014308 f   System.Data.SQLite32.netmodule
 0001:0001333c       ?System.Data.SQLite.SQLiteConnection.ChangePassword@@2001010O 1001433c f   System.Data.SQLite32.netmodule
 0001:0001336c       ?System.Data.SQLite.SQLiteConnection.ChangePassword@@2001011N05 1001436c f   System.Data.SQLite32.netmodule
 0001:000133a0       ?System.Data.SQLite.SQLiteConnection.SetPassword@@2001010O 100143a0 f   System.Data.SQLite32.netmodule
 0001:000133d0       ?System.Data.SQLite.SQLiteConnection.SetPassword@@2001011N05 100143d0 f   System.Data.SQLite32.netmodule
 0001:00013408       ?System.Data.SQLite.SQLiteConnection.SetAvRetry@@20021180LM10081008 10014408 f   System.Data.SQLite32.netmodule
 0001:000134a8       ?System.Data.SQLite.SQLiteConnection.UnwrapString@@00010O0O 100144a8 f   System.Data.SQLite32.netmodule
 0001:00013504       ?System.Data.SQLite.SQLiteConnection.ExpandFileName@@20020O0O02 10014504 f   System.Data.SQLite32.netmodule
 0001:000135cc       ?System.Data.SQLite.SQLiteConnection.GetSchema@@20001280K5 100145cc f   System.Data.SQLite32.netmodule
 0001:000135ec       ?System.Data.SQLite.SQLiteConnection.GetSchema@@20011280K50O 100145ec f   System.Data.SQLite32.netmodule
 0001:0001360c       ?System.Data.SQLite.SQLiteConnection.GetSchema@@20021280K50O1N0O 1001460c f   System.Data.SQLite32.netmodule
 0001:00013824       ?System.Data.SQLite.SQLiteConnection.Schema_ReservedWords@@00001280K5 10014824 f   System.Data.SQLite32.netmodule
 0001:000138f8       ?System.Data.SQLite.SQLiteConnection.Schema_MetaDataCollections@@00001280K5 100148f8 f   System.Data.SQLite32.netmodule
 0001:00013998       ?System.Data.SQLite.SQLiteConnection.Schema_DataSourceInformation@@20001280K5 10014998 f   System.Data.SQLite32.netmodule
 0001:00013c5c       ?System.Data.SQLite.SQLiteConnection.Schema_Columns@@20031280K50O0O0O 10014c5c f   System.Data.SQLite32.netmodule
 0001:000143b4       ?System.Data.SQLite.SQLiteConnection.Schema_Indexes@@20031280K50O0O0O 100153b4 f   System.Data.SQLite32.netmodule
 0001:00014c44       ?System.Data.SQLite.SQLiteConnection.Schema_Triggers@@20031280K50O0O0O 10015c44 f   System.Data.SQLite32.netmodule
 0001:00014e40       ?System.Data.SQLite.SQLiteConnection.Schema_Tables@@20031280K50O0O0O 10015e40 f   System.Data.SQLite32.netmodule
 0001:000150b8       ?System.Data.SQLite.SQLiteConnection.Schema_Views@@20021280K50O0O 100160b8 f   System.Data.SQLite32.netmodule
 0001:00015358       ?System.Data.SQLite.SQLiteConnection.Schema_Catalogs@@20011280K50O 10016358 f   System.Data.SQLite32.netmodule
 0001:000154ac       ?System.Data.SQLite.SQLiteConnection.Schema_DataTypes@@20001280K5 100164ac f   System.Data.SQLite32.netmodule
 0001:00015750       ?System.Data.SQLite.SQLiteConnection.Schema_IndexColumns@@20041280K50O0O0O0O 10016750 f   System.Data.SQLite32.netmodule
 0001:00015e4c       ?System.Data.SQLite.SQLiteConnection.Schema_ViewColumns@@20031280K50O0O0O 10016e4c f   System.Data.SQLite32.netmodule
 0001:00016614       ?System.Data.SQLite.SQLiteConnection.Schema_ForeignKeys@@20031280K50O0O0O 10017614 f   System.Data.SQLite32.netmodule
 0001:00016bd8       ?System.Data.SQLite.SQLiteConnection.add_Update@@200101125M 10017bd8 f   System.Data.SQLite32.netmodule
 0001:00016c28       ?System.Data.SQLite.SQLiteConnection.remove_Update@@200101125M 10017c28 f   System.Data.SQLite32.netmodule
 0001:00016c68       ?System.Data.SQLite.SQLiteConnection.UpdateCallback@@200501180818180K 10017c68 f   System.Data.SQLite32.netmodule
 0001:00016c98       ?System.Data.SQLite.SQLiteConnection.add_Commit@@2001011258 10017c98 f   System.Data.SQLite32.netmodule
 0001:00016ce8       ?System.Data.SQLite.SQLiteConnection.remove_Commit@@2001011258 10017ce8 f   System.Data.SQLite32.netmodule
 0001:00016d28       ?System.Data.SQLite.SQLiteConnection.add_Trace@@2001011260 10017d28 f   System.Data.SQLite32.netmodule
 0001:00016d78       ?System.Data.SQLite.SQLiteConnection.remove_Trace@@2001011260 10017d78 f   System.Data.SQLite32.netmodule
 0001:00016db8       ?System.Data.SQLite.SQLiteConnection.TraceCallback@@2002011818 10017db8 f   System.Data.SQLite32.netmodule
 0001:00016de0       ?System.Data.SQLite.SQLiteConnection.add_RollBack@@2001011280LN 10017de0 f   System.Data.SQLite32.netmodule
 0001:00016e30       ?System.Data.SQLite.SQLiteConnection.remove_RollBack@@2001011280LN 10017e30 f   System.Data.SQLite32.netmodule
 0001:00016e70       ?System.Data.SQLite.SQLiteConnection.CommitCallback@@20010818 10017e70 f   System.Data.SQLite32.netmodule
 0001:00016e9c       ?System.Data.SQLite.SQLiteConnection.RollbackCallback@@20010118 10017e9c f   System.Data.SQLite32.netmodule
 0001:00016ebc       ?System.Data.SQLite.SQLiteConnection..cctor@@000001 10017ebc f   System.Data.SQLite32.netmodule
 0001:00016ed4       ?System.Data.SQLite.UpdateEventArgs..ctor@@2004010O0O11680K 10017ed4 f   System.Data.SQLite32.netmodule
 0001:00016f04       ?System.Data.SQLite.CommitEventArgs..ctor@@200001 10017f04 f   System.Data.SQLite32.netmodule
 0001:00016f18       ?System.Data.SQLite.TraceEventArgs..ctor@@2001010O 10017f18 f   System.Data.SQLite32.netmodule
 0001:00016f34       ?System.Data.SQLite.SQLiteConnectionPool.GetCounts@@0005010O1015127N020O08100810081008 10017f34 f   System.Data.SQLite32.netmodule
 0001:00017054       ?System.Data.SQLite.SQLiteConnectionPool.Remove@@00031281240O081008 10018054 f   System.Data.SQLite32.netmodule
 0001:00017240       ?System.Data.SQLite.SQLiteConnectionPool.ClearAllPools@@000001 10018240 f   System.Data.SQLite32.netmodule
 0001:00017344       ?System.Data.SQLite.SQLiteConnectionPool.ClearPool@@0001010O 10018344 f   System.Data.SQLite32.netmodule
 0001:000173e4       ?System.Data.SQLite.SQLiteConnectionPool.Add@@0003010O12812408 100183e4 f   System.Data.SQLite32.netmodule
 0001:0001747c       ?System.Data.SQLite.SQLiteConnectionPool.ResizePool@@000201127M02 1001847c f   System.Data.SQLite32.netmodule
 0001:000174d4       ?System.Data.SQLite.SQLiteConnectionPool..cctor@@000001 100184d4 f   System.Data.SQLite32.netmodule
 0001:00017504       ?System.Data.SQLite.SQLiteConnectionPool.Pool..ctor@@2002010808 10018504 f   System.Data.SQLite32.netmodule
 0001:00017530       ?System.Data.SQLite.SQLiteConnectionStringBuilder..ctor@@200001 10018530 f   System.Data.SQLite32.netmodule
 0001:0001754c       ?System.Data.SQLite.SQLiteConnectionStringBuilder..ctor@@2001010O 1001854c f   System.Data.SQLite32.netmodule
 0001:00017568       ?System.Data.SQLite.SQLiteConnectionStringBuilder.Initialize@@2001010O 10018568 f   System.Data.SQLite32.netmodule
 0001:000175d0       ?System.Data.SQLite.SQLiteConnectionStringBuilder.get_Version@@200008 100185d0 f   System.Data.SQLite32.netmodule
 0001:000175f8       ?System.Data.SQLite.SQLiteConnectionStringBuilder.set_Version@@20010108 100185f8 f   System.Data.SQLite32.netmodule
 0001:00017620       ?System.Data.SQLite.SQLiteConnectionStringBuilder.get_SyncMode@@20001144 10018620 f   System.Data.SQLite32.netmodule
 0001:00017664       ?System.Data.SQLite.SQLiteConnectionStringBuilder.set_SyncMode@@2001011144 10018664 f   System.Data.SQLite32.netmodule
 0001:00017684       ?System.Data.SQLite.SQLiteConnectionStringBuilder.get_UseUTF16Encoding@@200002 10018684 f   System.Data.SQLite32.netmodule
 0001:000176a8       ?System.Data.SQLite.SQLiteConnectionStringBuilder.set_UseUTF16Encoding@@20010102 100186a8 f   System.Data.SQLite32.netmodule
 0001:000176c8       ?System.Data.SQLite.SQLiteConnectionStringBuilder.get_Pooling@@200002 100186c8 f   System.Data.SQLite32.netmodule
 0001:000176ec       ?System.Data.SQLite.SQLiteConnectionStringBuilder.set_Pooling@@20010102 100186ec f   System.Data.SQLite32.netmodule
 0001:0001770c       ?System.Data.SQLite.SQLiteConnectionStringBuilder.get_BinaryGUID@@200002 1001870c f   System.Data.SQLite32.netmodule
 0001:00017730       ?System.Data.SQLite.SQLiteConnectionStringBuilder.set_BinaryGUID@@20010102 10018730 f   System.Data.SQLite32.netmodule
 0001:00017750       ?System.Data.SQLite.SQLiteConnectionStringBuilder.get_DataSource@@20000O 10018750 f   System.Data.SQLite32.netmodule
 0001:00017774       ?System.Data.SQLite.SQLiteConnectionStringBuilder.set_DataSource@@2001010O 10018774 f   System.Data.SQLite32.netmodule
 0001:00017790       ?System.Data.SQLite.SQLiteConnectionStringBuilder.get_Uri@@20000O 10018790 f   System.Data.SQLite32.netmodule
 0001:000177b4       ?System.Data.SQLite.SQLiteConnectionStringBuilder.set_Uri@@2001010O 100187b4 f   System.Data.SQLite32.netmodule
 0001:000177d0       ?System.Data.SQLite.SQLiteConnectionStringBuilder.get_FullUri@@20000O 100187d0 f   System.Data.SQLite32.netmodule
 0001:000177f4       ?System.Data.SQLite.SQLiteConnectionStringBuilder.set_FullUri@@2001010O 100187f4 f   System.Data.SQLite32.netmodule
 0001:00017810       ?System.Data.SQLite.SQLiteConnectionStringBuilder.get_DefaultTimeout@@200008 10018810 f   System.Data.SQLite32.netmodule
 0001:00017838       ?System.Data.SQLite.SQLiteConnectionStringBuilder.set_DefaultTimeout@@20010108 10018838 f   System.Data.SQLite32.netmodule
 0001:00017858       ?System.Data.SQLite.SQLiteConnectionStringBuilder.get_Enlist@@200002 10018858 f   System.Data.SQLite32.netmodule
 0001:0001787c       ?System.Data.SQLite.SQLiteConnectionStringBuilder.set_Enlist@@20010102 1001887c f   System.Data.SQLite32.netmodule
 0001:0001789c       ?System.Data.SQLite.SQLiteConnectionStringBuilder.get_FailIfMissing@@200002 1001889c f   System.Data.SQLite32.netmodule
[...]
        5    _sqlite3_backup_finish
               exported name: sqlite3_backup_finish
        6    _sqlite3_backup_finish_interop@4
        7    _sqlite3_backup_init
               exported name: sqlite3_backup_init
        8    _sqlite3_backup_pagecount
               exported name: sqlite3_backup_pagecount
        9    _sqlite3_backup_remaining
               exported name: sqlite3_backup_remaining
       10    _sqlite3_backup_step
               exported name: sqlite3_backup_step
       11    _sqlite3_bind_blob
               exported name: sqlite3_bind_blob
       12    _sqlite3_bind_double
               exported name: sqlite3_bind_double
       13    _sqlite3_bind_double_interop@12
       14    _sqlite3_bind_int
               exported name: sqlite3_bind_int
       15    _sqlite3_bind_int64
               exported name: sqlite3_bind_int64
       16    _sqlite3_bind_int64_interop@12
       17    _sqlite3_bind_null
               exported name: sqlite3_bind_null
       18    _sqlite3_bind_parameter_count
               exported name: sqlite3_bind_parameter_count
       19    _sqlite3_bind_parameter_index
               exported name: sqlite3_bind_parameter_index
       20    _sqlite3_bind_parameter_name
               exported name: sqlite3_bind_parameter_name
       21    _sqlite3_bind_parameter_name_interop@12
       22    _sqlite3_bind_text
               exported name: sqlite3_bind_text
       23    _sqlite3_bind_text16
               exported name: sqlite3_bind_text16
       24    _sqlite3_bind_value
               exported name: sqlite3_bind_value
       25    _sqlite3_bind_zeroblob
               exported name: sqlite3_bind_zeroblob
       26    _sqlite3_blob_bytes
               exported name: sqlite3_blob_bytes
       27    _sqlite3_blob_close
               exported name: sqlite3_blob_close
       28    _sqlite3_blob_open
               exported name: sqlite3_blob_open
       29    _sqlite3_blob_read
               exported name: sqlite3_blob_read
       30    _sqlite3_blob_reopen
               exported name: sqlite3_blob_reopen
       31    _sqlite3_blob_write
               exported name: sqlite3_blob_write
       32    _sqlite3_busy_handler
               exported name: sqlite3_busy_handler
       33    _sqlite3_busy_timeout
               exported name: sqlite3_busy_timeout
       34    _sqlite3_changes
               exported name: sqlite3_changes
       35    _sqlite3_changes_interop@4
       36    _sqlite3_clear_bindings
               exported name: sqlite3_clear_bindings
       37    _sqlite3_close
               exported name: sqlite3_close
       38    _sqlite3_close_interop@4
       39    _sqlite3_close_v2
               exported name: sqlite3_close_v2
       40    _sqlite3_collation_needed
               exported name: sqlite3_collation_needed
       41    _sqlite3_collation_needed16
               exported name: sqlite3_collation_needed16
       42    _sqlite3_column_blob
               exported name: sqlite3_column_blob
       43    _sqlite3_column_bytes
               exported name: sqlite3_column_bytes
       44    _sqlite3_column_bytes16
               exported name: sqlite3_column_bytes16
       45    _sqlite3_column_count
               exported name: sqlite3_column_count
       46    _sqlite3_column_database_name
               exported name: sqlite3_column_database_name
       47    _sqlite3_column_database_name16
               exported name: sqlite3_column_database_name16
       48    _sqlite3_column_database_name16_interop@12
       49    _sqlite3_column_database_name_interop@12
       50    _sqlite3_column_decltype
               exported name: sqlite3_column_decltype
       51    _sqlite3_column_decltype16
               exported name: sqlite3_column_decltype16
       52    _sqlite3_column_decltype16_interop@12
       53    _sqlite3_column_decltype_interop@12
       54    _sqlite3_column_double
               exported name: sqlite3_column_double
       55    _sqlite3_column_double_interop@12
       56    _sqlite3_column_int
               exported name: sqlite3_column_int
       57    _sqlite3_column_int64
               exported name: sqlite3_column_int64
       58    _sqlite3_column_int64_interop@12
       59    _sqlite3_column_name
               exported name: sqlite3_column_name
       60    _sqlite3_column_name16
               exported name: sqlite3_column_name16
       61    _sqlite3_column_name16_interop@12
       62    _sqlite3_column_name_interop@12
       63    _sqlite3_column_origin_name
               exported name: sqlite3_column_origin_name
       64    _sqlite3_column_origin_name16
               exported name: sqlite3_column_origin_name16
       65    _sqlite3_column_origin_name16_interop@12
       66    _sqlite3_column_origin_name_interop@12
       67    _sqlite3_column_table_name
               exported name: sqlite3_column_table_name
       68    _sqlite3_column_table_name16
               exported name: sqlite3_column_table_name16
       69    _sqlite3_column_table_name16_interop@12
       70    _sqlite3_column_table_name_interop@12
       71    _sqlite3_column_text
               exported name: sqlite3_column_text
       72    _sqlite3_column_text16
               exported name: sqlite3_column_text16
       73    _sqlite3_column_text16_interop@12
       74    _sqlite3_column_text_interop@12
       75    _sqlite3_column_type
               exported name: sqlite3_column_type
       76    _sqlite3_column_value
               exported name: sqlite3_column_value
       77    _sqlite3_commit_hook
               exported name: sqlite3_commit_hook
       78    _sqlite3_compileoption_get
               exported name: sqlite3_compileoption_get
       79    _sqlite3_compileoption_used
               exported name: sqlite3_compileoption_used
       80    _sqlite3_complete
               exported name: sqlite3_complete
       81    _sqlite3_complete16
               exported name: sqlite3_complete16
       82    _sqlite3_config
               exported name: sqlite3_config
       83    _sqlite3_context_collcompare_interop@20
       84    _sqlite3_context_collseq_interop@16
       85    _sqlite3_context_db_handle
               exported name: sqlite3_context_db_handle
       86    _sqlite3_create_collation
               exported name: sqlite3_create_collation
       87    _sqlite3_create_collation16
               exported name: sqlite3_create_collation16
       88    _sqlite3_create_collation_v2
               exported name: sqlite3_create_collation_v2
       89    _sqlite3_create_function
               exported name: sqlite3_create_function
       90    _sqlite3_create_function16
               exported name: sqlite3_create_function16
       91    _sqlite3_create_function_interop@36
       92    _sqlite3_create_function_v2
               exported name: sqlite3_create_function_v2
       93    _sqlite3_create_module
               exported name: sqlite3_create_module
       94    _sqlite3_create_module_v2
               exported name: sqlite3_create_module_v2
       95    _sqlite3_cursor_rowid_interop@12
       96    _sqlite3_data_count
               exported name: sqlite3_data_count
       97    _sqlite3_data_directory
               exported name: sqlite3_data_directory
       98    _sqlite3_db_config
               exported name: sqlite3_db_config
       99    _sqlite3_db_filename
               exported name: sqlite3_db_filename
      100    _sqlite3_db_handle
               exported name: sqlite3_db_handle
      101    _sqlite3_db_mutex
               exported name: sqlite3_db_mutex
      102    _sqlite3_db_readonly
               exported name: sqlite3_db_readonly
      103    _sqlite3_db_release_memory
               exported name: sqlite3_db_release_memory
      104    _sqlite3_db_status
               exported name: sqlite3_db_status
      105    _sqlite3_declare_vtab
               exported name: sqlite3_declare_vtab
      106    _sqlite3_enable_load_extension
               exported name: sqlite3_enable_load_extension
      107    _sqlite3_enable_shared_cache
               exported name: sqlite3_enable_shared_cache
      108    _sqlite3_errcode
               exported name: sqlite3_errcode
      109    _sqlite3_errmsg
               exported name: sqlite3_errmsg
      110    _sqlite3_errmsg16
               exported name: sqlite3_errmsg16
      111    _sqlite3_errmsg_interop@8
      112    _sqlite3_errstr
               exported name: sqlite3_errstr
      113    _sqlite3_exec
               exported name: sqlite3_exec
      114    _sqlite3_expired
               exported name: sqlite3_expired
      115    _sqlite3_extended_errcode
               exported name: sqlite3_extended_errcode
      116    _sqlite3_extended_result_codes
               exported name: sqlite3_extended_result_codes
      117    _sqlite3_file_control
               exported name: sqlite3_file_control
      118    _sqlite3_finalize
               exported name: sqlite3_finalize
      119    _sqlite3_finalize_interop@4
      120    _sqlite3_free
               exported name: sqlite3_free
      121    _sqlite3_free_table
               exported name: sqlite3_free_table
      122    _sqlite3_get_autocommit
               exported name: sqlite3_get_autocommit
      123    _sqlite3_get_auxdata
               exported name: sqlite3_get_auxdata
      124    _sqlite3_get_table
               exported name: sqlite3_get_table
      125    _sqlite3_global_recover
               exported name: sqlite3_global_recover
      126    _sqlite3_index_column_info_interop@32
      127    _sqlite3_initialize
               exported name: sqlite3_initialize
      128    _sqlite3_interrupt
               exported name: sqlite3_interrupt
      129    _sqlite3_key
               exported name: sqlite3_key
      130    _sqlite3_last_insert_rowid
               exported name: sqlite3_last_insert_rowid
      131    _sqlite3_last_insert_rowid_interop@8
      132    _sqlite3_libversion
               exported name: sqlite3_libversion
      133    _sqlite3_libversion_number
               exported name: sqlite3_libversion_number
      134    _sqlite3_limit
               exported name: sqlite3_limit
      135    _sqlite3_load_extension
               exported name: sqlite3_load_extension
      136    _sqlite3_log
               exported name: sqlite3_log
      137    _sqlite3_malloc
               exported name: sqlite3_malloc
      138    _sqlite3_memory_alarm
               exported name: sqlite3_memory_alarm
      139    _sqlite3_memory_highwater
               exported name: sqlite3_memory_highwater
      140    _sqlite3_memory_highwater_interop@8
      141    _sqlite3_memory_used
               exported name: sqlite3_memory_used
      142    _sqlite3_memory_used_interop@4
      143    _sqlite3_mprintf
               exported name: sqlite3_mprintf
      144    _sqlite3_mutex_alloc
               exported name: sqlite3_mutex_alloc
      145    _sqlite3_mutex_enter
               exported name: sqlite3_mutex_enter
      146    _sqlite3_mutex_free
               exported name: sqlite3_mutex_free
      147    _sqlite3_mutex_leave
               exported name: sqlite3_mutex_leave
      148    _sqlite3_mutex_try
               exported name: sqlite3_mutex_try
      149    _sqlite3_next_stmt
               exported name: sqlite3_next_stmt
      150    _sqlite3_open
               exported name: sqlite3_open
      151    _sqlite3_open16
               exported name: sqlite3_open16
      152    _sqlite3_open16_interop@12
      153    _sqlite3_open_interop@12
      154    _sqlite3_open_v2
               exported name: sqlite3_open_v2
      155    _sqlite3_os_end
               exported name: sqlite3_os_end
      156    _sqlite3_os_init
               exported name: sqlite3_os_init
      157    _sqlite3_overload_function
               exported name: sqlite3_overload_function
      158    _sqlite3_prepare
               exported name: sqlite3_prepare
      159    _sqlite3_prepare16
               exported name: sqlite3_prepare16
      160    _sqlite3_prepare16_interop@24
      161    _sqlite3_prepare16_v2
               exported name: sqlite3_prepare16_v2
      162    _sqlite3_prepare_interop@24
      163    _sqlite3_prepare_v2
               exported name: sqlite3_prepare_v2
      164    _sqlite3_profile
               exported name: sqlite3_profile
      165    _sqlite3_progress_handler
               exported name: sqlite3_progress_handler
      166    _sqlite3_randomness
               exported name: sqlite3_randomness
      167    _sqlite3_realloc
               exported name: sqlite3_realloc
      168    _sqlite3_rekey
               exported name: sqlite3_rekey
      169    _sqlite3_release_memory
               exported name: sqlite3_release_memory
      170    _sqlite3_reset
               exported name: sqlite3_reset
      171    _sqlite3_reset_auto_extension
               exported name: sqlite3_reset_auto_extension
      172    _sqlite3_reset_interop@4
      173    _sqlite3_result_blob
               exported name: sqlite3_result_blob
      174    _sqlite3_result_double
               exported name: sqlite3_result_double
      175    _sqlite3_result_double_interop@8
      176    _sqlite3_result_error
               exported name: sqlite3_result_error
      177    _sqlite3_result_error16
               exported name: sqlite3_result_error16
      178    _sqlite3_result_error_code
               exported name: sqlite3_result_error_code
      179    _sqlite3_result_error_nomem
               exported name: sqlite3_result_error_nomem
      180    _sqlite3_result_error_toobig
               exported name: sqlite3_result_error_toobig
      181    _sqlite3_result_int
               exported name: sqlite3_result_int
      182    _sqlite3_result_int64
               exported name: sqlite3_result_int64
      183    _sqlite3_result_int64_interop@8
      184    _sqlite3_result_null
               exported name: sqlite3_result_null
      185    _sqlite3_result_text
               exported name: sqlite3_result_text
      186    _sqlite3_result_text16
               exported name: sqlite3_result_text16
      187    _sqlite3_result_text16be
               exported name: sqlite3_result_text16be
      188    _sqlite3_result_text16le
               exported name: sqlite3_result_text16le
      189    _sqlite3_result_value
               exported name: sqlite3_result_value
      190    _sqlite3_result_zeroblob
               exported name: sqlite3_result_zeroblob
      191    _sqlite3_rollback_hook
               exported name: sqlite3_rollback_hook
      192    _sqlite3_rtree_geometry_callback
               exported name: sqlite3_rtree_geometry_callback
      193    _sqlite3_set_authorizer
               exported name: sqlite3_set_authorizer
      194    _sqlite3_set_auxdata
               exported name: sqlite3_set_auxdata
      195    _sqlite3_shutdown
               exported name: sqlite3_shutdown
      196    _sqlite3_sleep
               exported name: sqlite3_sleep
      197    _sqlite3_snprintf
               exported name: sqlite3_snprintf
      198    _sqlite3_soft_heap_limit
               exported name: sqlite3_soft_heap_limit
      199    _sqlite3_soft_heap_limit64
               exported name: sqlite3_soft_heap_limit64
      200    _sqlite3_sourceid
               exported name: sqlite3_sourceid
      201    _sqlite3_sql
               exported name: sqlite3_sql
      202    _sqlite3_status
               exported name: sqlite3_status
      203    _sqlite3_step
               exported name: sqlite3_step
      204    _sqlite3_stmt_busy
               exported name: sqlite3_stmt_busy
      205    _sqlite3_stmt_readonly
               exported name: sqlite3_stmt_readonly
      206    _sqlite3_stmt_status
               exported name: sqlite3_stmt_status
      207    _sqlite3_stricmp
               exported name: sqlite3_stricmp
      208    _sqlite3_strnicmp
               exported name: sqlite3_strnicmp
      209    _sqlite3_table_column_metadata
               exported name: sqlite3_table_column_metadata
      210    _sqlite3_table_column_metadata_interop@44
      211    _sqlite3_table_cursor_interop@12
      212    _sqlite3_temp_directory
               exported name: sqlite3_temp_directory
      213    _sqlite3_test_control
               exported name: sqlite3_test_control
      214    _sqlite3_thread_cleanup
               exported name: sqlite3_thread_cleanup
      215    _sqlite3_threadsafe
               exported name: sqlite3_threadsafe
      216    _sqlite3_total_changes
               exported name: sqlite3_total_changes
      217    _sqlite3_trace
               exported name: sqlite3_trace
      218    _sqlite3_transfer_bindings
               exported name: sqlite3_transfer_bindings
      219    _sqlite3_update_hook
               exported name: sqlite3_update_hook
      220    _sqlite3_uri_boolean
               exported name: sqlite3_uri_boolean
      221    _sqlite3_uri_int64
               exported name: sqlite3_uri_int64
      222    _sqlite3_uri_parameter
               exported name: sqlite3_uri_parameter
      223    _sqlite3_user_data
               exported name: sqlite3_user_data
      224    _sqlite3_value_blob
               exported name: sqlite3_value_blob
      225    _sqlite3_value_bytes
               exported name: sqlite3_value_bytes
      226    _sqlite3_value_bytes16
               exported name: sqlite3_value_bytes16
      227    _sqlite3_value_double
               exported name: sqlite3_value_double
      228    _sqlite3_value_double_interop@8
      229    _sqlite3_value_int
               exported name: sqlite3_value_int
      230    _sqlite3_value_int64
               exported name: sqlite3_value_int64
      231    _sqlite3_value_int64_interop@8
      232    _sqlite3_value_numeric_type
               exported name: sqlite3_value_numeric_type
      233    _sqlite3_value_text
               exported name: sqlite3_value_text
      234    _sqlite3_value_text16
               exported name: sqlite3_value_text16
      235    _sqlite3_value_text16_interop@8
      236    _sqlite3_value_text16be
               exported name: sqlite3_value_text16be
      237    _sqlite3_value_text16le
               exported name: sqlite3_value_text16le
      238    _sqlite3_value_text_interop@8
      239    _sqlite3_value_type
               exported name: sqlite3_value_type
      240    _sqlite3_version
               exported name: sqlite3_version
      241    _sqlite3_vfs_find
               exported name: sqlite3_vfs_find
      242    _sqlite3_vfs_register
               exported name: sqlite3_vfs_register
      243    _sqlite3_vfs_unregister
               exported name: sqlite3_vfs_unregister
      244    _sqlite3_vmprintf
               exported name: sqlite3_vmprintf
      245    _sqlite3_vsnprintf
               exported name: sqlite3_vsnprintf
      246    _sqlite3_vtab_config
               exported name: sqlite3_vtab_config
      247    _sqlite3_vtab_on_conflict
               exported name: sqlite3_vtab_on_conflict
      248    _sqlite3_wal_autocheckpoint
               exported name: sqlite3_wal_autocheckpoint
      249    _sqlite3_wal_checkpoint
               exported name: sqlite3_wal_checkpoint
      250    _sqlite3_wal_checkpoint_v2
               exported name: sqlite3_wal_checkpoint_v2
      251    _sqlite3_wal_hook
               exported name: sqlite3_wal_hook
      252    _sqlite3_win32_mbcs_to_utf8
               exported name: sqlite3_win32_mbcs_to_utf8
      253    _sqlite3_win32_set_directory
               exported name: sqlite3_win32_set_directory
      254    _sqlite3_win32_sleep
               exported name: sqlite3_win32_sleep
      255    _sqlite3_win32_utf8_to_mbcs
               exported name: sqlite3_win32_utf8_to_mbcs
      256    _sqlite3_win32_write_debug
               exported name: sqlite3_win32_write_debug
